

================================================================
== Vitis HLS Report for 'dense_latency_ap_ufixed_ap_fixed_16_6_4_0_0_PARAMEST_NN_config12_s'
================================================================
* Date:           Sun Apr 13 13:13:50 2025

* Version:        2023.1 (Build 3854077 on May  4 2023)
* Project:        ParamEst_NN_prj
* Solution:       solution1 (Vivado IP Flow Target)
* Product family: virtexuplus
* Target device:  xcu250-figd2104-2L-e


================================================================
== Performance Estimates
================================================================
+ Timing: 
    * Summary: 
    +--------+---------+----------+------------+
    |  Clock |  Target | Estimated| Uncertainty|
    +--------+---------+----------+------------+
    |ap_clk  |  5.00 ns|  4.372 ns|     0.62 ns|
    +--------+---------+----------+------------+

+ Latency: 
    * Summary: 
    +---------+---------+-----------+-----------+-----+-----+---------+
    |  Latency (cycles) |   Latency (absolute)  |  Interval | Pipeline|
    |   min   |   max   |    min    |    max    | min | max |   Type  |
    +---------+---------+-----------+-----------+-----+-----+---------+
    |        4|        4|  20.000 ns|  20.000 ns|    1|    1|      yes|
    +---------+---------+-----------+-----------+-----+-----+---------+

    + Detail: 
        * Instance: 
        N/A

        * Loop: 
        N/A



================================================================
== Utilization Estimates
================================================================
* Summary: 
+---------------------+---------+-------+---------+---------+------+
|         Name        | BRAM_18K|  DSP  |    FF   |   LUT   | URAM |
+---------------------+---------+-------+---------+---------+------+
|DSP                  |        -|      -|        -|        -|     -|
|Expression           |        -|      -|        0|     8913|     -|
|FIFO                 |        -|      -|        -|        -|     -|
|Instance             |        -|     44|        0|      220|     -|
|Memory               |        -|      -|        -|        -|     -|
|Multiplexer          |        -|      -|        -|       70|     -|
|Register             |        -|      -|     2090|      256|     -|
+---------------------+---------+-------+---------+---------+------+
|Total                |        0|     44|     2090|     9459|     0|
+---------------------+---------+-------+---------+---------+------+
|Available SLR        |     1344|   3072|   864000|   432000|   320|
+---------------------+---------+-------+---------+---------+------+
|Utilization SLR (%)  |        0|      1|       ~0|        2|     0|
+---------------------+---------+-------+---------+---------+------+
|Available            |     5376|  12288|  3456000|  1728000|  1280|
+---------------------+---------+-------+---------+---------+------+
|Utilization (%)      |        0|     ~0|       ~0|       ~0|     0|
+---------------------+---------+-------+---------+---------+------+

+ Detail: 
    * Instance: 
    +----------------------------+----------------------+---------+----+---+----+-----+
    |          Instance          |        Module        | BRAM_18K| DSP| FF| LUT| URAM|
    +----------------------------+----------------------+---------+----+---+----+-----+
    |mul_16ns_12ns_27_1_0_U2097  |mul_16ns_12ns_27_1_0  |        0|   1|  0|   5|    0|
    |mul_16ns_12ns_27_1_0_U2105  |mul_16ns_12ns_27_1_0  |        0|   1|  0|   5|    0|
    |mul_16ns_12s_28_1_0_U2077   |mul_16ns_12s_28_1_0   |        0|   1|  0|   5|    0|
    |mul_16ns_13s_29_1_0_U2075   |mul_16ns_13s_29_1_0   |        0|   1|  0|   5|    0|
    |mul_16ns_14ns_29_1_0_U2078  |mul_16ns_14ns_29_1_0  |        0|   1|  0|   5|    0|
    |mul_16ns_14ns_29_1_0_U2087  |mul_16ns_14ns_29_1_0  |        0|   1|  0|   5|    0|
    |mul_16ns_14ns_29_1_0_U2111  |mul_16ns_14ns_29_1_0  |        0|   1|  0|   5|    0|
    |mul_16ns_14s_30_1_0_U2088   |mul_16ns_14s_30_1_0   |        0|   1|  0|   5|    0|
    |mul_16ns_14s_30_1_0_U2090   |mul_16ns_14s_30_1_0   |        0|   1|  0|   5|    0|
    |mul_16ns_15ns_30_1_0_U2074  |mul_16ns_15ns_30_1_0  |        0|   1|  0|   5|    0|
    |mul_16ns_15ns_30_1_0_U2081  |mul_16ns_15ns_30_1_0  |        0|   1|  0|   5|    0|
    |mul_16ns_15ns_30_1_0_U2083  |mul_16ns_15ns_30_1_0  |        0|   1|  0|   5|    0|
    |mul_16ns_15ns_30_1_0_U2086  |mul_16ns_15ns_30_1_0  |        0|   1|  0|   5|    0|
    |mul_16ns_15ns_30_1_0_U2092  |mul_16ns_15ns_30_1_0  |        0|   1|  0|   5|    0|
    |mul_16ns_15ns_30_1_0_U2099  |mul_16ns_15ns_30_1_0  |        0|   1|  0|   5|    0|
    |mul_16ns_15ns_30_1_0_U2104  |mul_16ns_15ns_30_1_0  |        0|   1|  0|   5|    0|
    |mul_16ns_15s_31_1_0_U2073   |mul_16ns_15s_31_1_0   |        0|   1|  0|   5|    0|
    |mul_16ns_15s_31_1_0_U2079   |mul_16ns_15s_31_1_0   |        0|   1|  0|   5|    0|
    |mul_16ns_15s_31_1_0_U2084   |mul_16ns_15s_31_1_0   |        0|   1|  0|   5|    0|
    |mul_16ns_15s_31_1_0_U2093   |mul_16ns_15s_31_1_0   |        0|   1|  0|   5|    0|
    |mul_16ns_15s_31_1_0_U2094   |mul_16ns_15s_31_1_0   |        0|   1|  0|   5|    0|
    |mul_16ns_15s_31_1_0_U2101   |mul_16ns_15s_31_1_0   |        0|   1|  0|   5|    0|
    |mul_16ns_15s_31_1_0_U2109   |mul_16ns_15s_31_1_0   |        0|   1|  0|   5|    0|
    |mul_16ns_15s_31_1_0_U2110   |mul_16ns_15s_31_1_0   |        0|   1|  0|   5|    0|
    |mul_16ns_16ns_31_1_0_U2069  |mul_16ns_16ns_31_1_0  |        0|   1|  0|   5|    0|
    |mul_16ns_16ns_31_1_0_U2071  |mul_16ns_16ns_31_1_0  |        0|   1|  0|   5|    0|
    |mul_16ns_16ns_31_1_0_U2072  |mul_16ns_16ns_31_1_0  |        0|   1|  0|   5|    0|
    |mul_16ns_16ns_31_1_0_U2076  |mul_16ns_16ns_31_1_0  |        0|   1|  0|   5|    0|
    |mul_16ns_16ns_31_1_0_U2082  |mul_16ns_16ns_31_1_0  |        0|   1|  0|   5|    0|
    |mul_16ns_16ns_31_1_0_U2085  |mul_16ns_16ns_31_1_0  |        0|   1|  0|   5|    0|
    |mul_16ns_16ns_31_1_0_U2089  |mul_16ns_16ns_31_1_0  |        0|   1|  0|   5|    0|
    |mul_16ns_16ns_31_1_0_U2095  |mul_16ns_16ns_31_1_0  |        0|   1|  0|   5|    0|
    |mul_16ns_16ns_31_1_0_U2100  |mul_16ns_16ns_31_1_0  |        0|   1|  0|   5|    0|
    |mul_16ns_16ns_31_1_0_U2102  |mul_16ns_16ns_31_1_0  |        0|   1|  0|   5|    0|
    |mul_16ns_16ns_31_1_0_U2106  |mul_16ns_16ns_31_1_0  |        0|   1|  0|   5|    0|
    |mul_16ns_16ns_31_1_0_U2108  |mul_16ns_16ns_31_1_0  |        0|   1|  0|   5|    0|
    |mul_16ns_16s_32_1_0_U2068   |mul_16ns_16s_32_1_0   |        0|   1|  0|   5|    0|
    |mul_16ns_16s_32_1_0_U2070   |mul_16ns_16s_32_1_0   |        0|   1|  0|   5|    0|
    |mul_16ns_16s_32_1_0_U2080   |mul_16ns_16s_32_1_0   |        0|   1|  0|   5|    0|
    |mul_16ns_16s_32_1_0_U2091   |mul_16ns_16s_32_1_0   |        0|   1|  0|   5|    0|
    |mul_16ns_16s_32_1_0_U2096   |mul_16ns_16s_32_1_0   |        0|   1|  0|   5|    0|
    |mul_16ns_16s_32_1_0_U2098   |mul_16ns_16s_32_1_0   |        0|   1|  0|   5|    0|
    |mul_16ns_16s_32_1_0_U2103   |mul_16ns_16s_32_1_0   |        0|   1|  0|   5|    0|
    |mul_16ns_16s_32_1_0_U2107   |mul_16ns_16s_32_1_0   |        0|   1|  0|   5|    0|
    +----------------------------+----------------------+---------+----+---+----+-----+
    |Total                       |                      |        0|  44|  0| 220|    0|
    +----------------------------+----------------------+---------+----+---+----+-----+

    * DSP: 
    N/A

    * Memory: 
    N/A

    * FIFO: 
    N/A

    * Expression: 
    +------------------------------+----------+----+---+----+------------+------------+
    |         Variable Name        | Operation| DSP| FF| LUT| Bitwidth P0| Bitwidth P1|
    +------------------------------+----------+----+---+----+------------+------------+
    |add_ln58_1541_fu_12505_p2     |         +|   0|  0|  20|          13|          13|
    |add_ln58_1544_fu_12515_p2     |         +|   0|  0|  21|          14|          14|
    |add_ln58_1547_fu_13622_p2     |         +|   0|  0|  24|          17|          17|
    |add_ln58_1550_fu_13726_p2     |         +|   0|  0|  24|          17|          17|
    |add_ln58_1553_fu_12691_p2     |         +|   0|  0|  19|          12|          12|
    |add_ln58_1554_fu_13826_p2     |         +|   0|  0|  20|          13|          13|
    |add_ln58_1555_fu_13836_p2     |         +|   0|  0|  20|          13|          13|
    |add_ln58_1556_fu_13846_p2     |         +|   0|  0|  17|          12|          12|
    |add_ln58_1557_fu_13864_p2     |         +|   0|  0|  24|          17|          17|
    |add_ln58_1558_fu_13899_p2     |         +|   0|  0|  24|          17|          17|
    |add_ln58_1559_fu_15059_p2     |         +|   0|  0|  24|          17|          17|
    |add_ln58_1560_fu_13993_p2     |         +|   0|  0|  17|          13|          13|
    |add_ln58_1561_fu_13998_p2     |         +|   0|  0|  21|          14|          14|
    |add_ln58_1562_fu_15160_p2     |         +|   0|  0|  24|          17|          17|
    |add_ln58_1563_fu_14008_p2     |         +|   0|  0|  17|          13|          13|
    |add_ln58_1564_fu_14025_p2     |         +|   0|  0|  24|          17|          17|
    |add_ln58_1565_fu_14126_p2     |         +|   0|  0|  24|          17|          17|
    |add_ln58_1566_fu_15261_p2     |         +|   0|  0|  24|          17|          17|
    |add_ln58_1567_fu_14227_p2     |         +|   0|  0|  24|          17|          17|
    |add_ln58_1568_fu_14329_p2     |         +|   0|  0|  24|          17|          17|
    |add_ln58_1569_fu_14365_p2     |         +|   0|  0|  24|          17|          17|
    |add_ln58_1570_fu_14393_p2     |         +|   0|  0|  20|          13|          13|
    |add_ln58_1571_fu_15481_p2     |         +|   0|  0|  24|          17|          17|
    |add_ln58_1572_fu_15581_p2     |         +|   0|  0|  24|          17|          17|
    |add_ln58_1573_fu_15682_p2     |         +|   0|  0|  24|          17|          17|
    |add_ln58_1574_fu_16985_p2     |         +|   0|  0|  24|          17|          17|
    |add_ln58_1575_fu_14406_p2     |         +|   0|  0|  24|          17|          17|
    |add_ln58_1576_fu_17085_p2     |         +|   0|  0|  24|          17|          17|
    |add_ln58_1577_fu_14508_p2     |         +|   0|  0|  24|          17|          17|
    |add_ln58_1578_fu_15841_p2     |         +|   0|  0|  24|          17|          17|
    |add_ln58_1579_fu_15942_p2     |         +|   0|  0|  24|          17|          17|
    |add_ln58_1580_fu_16043_p2     |         +|   0|  0|  24|          17|          17|
    |add_ln58_1581_fu_16144_p2     |         +|   0|  0|  24|          17|          17|
    |add_ln58_1582_fu_16246_p2     |         +|   0|  0|  24|          17|          17|
    |add_ln58_1583_fu_16282_p2     |         +|   0|  0|  24|          17|          17|
    |add_ln58_1584_fu_16318_p2     |         +|   0|  0|  24|          17|          17|
    |add_ln58_1585_fu_17360_p2     |         +|   0|  0|  24|          17|          17|
    |add_ln58_1586_fu_17461_p2     |         +|   0|  0|  24|          17|          17|
    |add_ln58_1587_fu_17562_p2     |         +|   0|  0|  24|          17|          17|
    |add_ln58_1588_fu_17663_p2     |         +|   0|  0|  24|          17|          17|
    |add_ln58_1589_fu_17764_p2     |         +|   0|  0|  24|          17|          17|
    |add_ln58_1590_fu_17985_p2     |         +|   0|  0|  24|          17|          17|
    |add_ln58_1591_fu_17866_p2     |         +|   0|  0|  24|          17|          17|
    |add_ln58_1592_fu_18143_p2     |         +|   0|  0|  24|          17|          17|
    |add_ln58_1593_fu_16353_p2     |         +|   0|  0|  24|          17|          17|
    |add_ln58_1594_fu_18244_p2     |         +|   0|  0|  24|          17|          17|
    |add_ln58_1595_fu_18345_p2     |         +|   0|  0|  24|          17|          17|
    |add_ln58_1596_fu_17902_p2     |         +|   0|  0|  24|          17|          17|
    |add_ln58_1597_fu_17937_p2     |         +|   0|  0|  24|          17|          17|
    |add_ln58_1598_fu_18562_p2     |         +|   0|  0|  24|          17|          17|
    |add_ln58_2246_fu_13636_p2     |         +|   0|  0|  23|          16|          16|
    |add_ln58_2247_fu_12527_p2     |         +|   0|  0|   9|           2|           2|
    |add_ln58_2248_fu_12537_p2     |         +|   0|  0|  18|          10|          10|
    |add_ln58_2249_fu_13740_p2     |         +|   0|  0|  23|          16|          16|
    |add_ln58_2250_fu_12543_p2     |         +|   0|  0|  18|          11|          11|
    |add_ln58_2251_fu_12553_p2     |         +|   0|  0|  19|          12|          12|
    |add_ln58_2252_fu_12563_p2     |         +|   0|  0|  17|          13|          13|
    |add_ln58_2253_fu_12569_p2     |         +|   0|  0|   9|           2|           2|
    |add_ln58_2254_fu_12579_p2     |         +|   0|  0|   9|           2|           2|
    |add_ln58_2255_fu_12589_p2     |         +|   0|  0|  10|           3|           3|
    |add_ln58_2256_fu_12599_p2     |         +|   0|  0|  17|          13|          13|
    |add_ln58_2257_fu_12605_p2     |         +|   0|  0|  17|          11|          11|
    |add_ln58_2258_fu_12611_p2     |         +|   0|  0|  17|          11|          11|
    |add_ln58_2259_fu_12621_p2     |         +|   0|  0|  18|          10|          10|
    |add_ln58_2260_fu_12627_p2     |         +|   0|  0|  18|          10|          10|
    |add_ln58_2261_fu_12637_p2     |         +|   0|  0|  17|          12|          12|
    |add_ln58_2262_fu_12643_p2     |         +|   0|  0|   2|           2|           2|
    |add_ln58_2263_fu_12649_p2     |         +|   0|  0|   2|           2|           2|
    |add_ln58_2264_fu_12659_p2     |         +|   0|  0|   2|           2|           2|
    |add_ln58_2265_fu_12665_p2     |         +|   0|  0|   2|           2|           2|
    |add_ln58_2266_fu_12675_p2     |         +|   0|  0|  10|           3|           3|
    |add_ln58_2267_fu_12685_p2     |         +|   0|  0|  17|          12|          12|
    |add_ln58_2268_fu_13878_p2     |         +|   0|  0|  23|          16|          16|
    |add_ln58_2269_fu_13913_p2     |         +|   0|  0|  23|          16|          16|
    |add_ln58_2270_fu_15073_p2     |         +|   0|  0|  23|          16|          16|
    |add_ln58_2271_fu_15174_p2     |         +|   0|  0|  23|          16|          16|
    |add_ln58_2272_fu_14039_p2     |         +|   0|  0|  23|          16|          16|
    |add_ln58_2273_fu_14140_p2     |         +|   0|  0|  23|          16|          16|
    |add_ln58_2274_fu_15275_p2     |         +|   0|  0|  23|          16|          16|
    |add_ln58_2275_fu_14241_p2     |         +|   0|  0|  23|          16|          16|
    |add_ln58_2276_fu_14343_p2     |         +|   0|  0|  23|          16|          16|
    |add_ln58_2277_fu_14379_p2     |         +|   0|  0|  23|          16|          16|
    |add_ln58_2278_fu_15495_p2     |         +|   0|  0|  23|          16|          16|
    |add_ln58_2279_fu_15595_p2     |         +|   0|  0|  23|          16|          16|
    |add_ln58_2280_fu_15696_p2     |         +|   0|  0|  23|          16|          16|
    |add_ln58_2281_fu_16999_p2     |         +|   0|  0|  23|          16|          16|
    |add_ln58_2282_fu_14420_p2     |         +|   0|  0|  23|          16|          16|
    |add_ln58_2283_fu_17099_p2     |         +|   0|  0|  23|          16|          16|
    |add_ln58_2284_fu_14522_p2     |         +|   0|  0|  23|          16|          16|
    |add_ln58_2285_fu_15855_p2     |         +|   0|  0|  23|          16|          16|
    |add_ln58_2286_fu_15956_p2     |         +|   0|  0|  23|          16|          16|
    |add_ln58_2287_fu_16057_p2     |         +|   0|  0|  23|          16|          16|
    |add_ln58_2288_fu_16158_p2     |         +|   0|  0|  23|          16|          16|
    |add_ln58_2289_fu_16260_p2     |         +|   0|  0|  23|          16|          16|
    |add_ln58_2290_fu_16296_p2     |         +|   0|  0|  23|          16|          16|
    |add_ln58_2291_fu_16332_p2     |         +|   0|  0|  23|          16|          16|
    |add_ln58_2292_fu_17374_p2     |         +|   0|  0|  23|          16|          16|
    |add_ln58_2293_fu_17475_p2     |         +|   0|  0|  23|          16|          16|
    |add_ln58_2294_fu_17576_p2     |         +|   0|  0|  23|          16|          16|
    |add_ln58_2295_fu_17677_p2     |         +|   0|  0|  23|          16|          16|
    |add_ln58_2296_fu_17778_p2     |         +|   0|  0|  23|          16|          16|
    |add_ln58_2297_fu_17999_p2     |         +|   0|  0|  23|          16|          16|
    |add_ln58_2298_fu_17880_p2     |         +|   0|  0|  23|          16|          16|
    |add_ln58_2299_fu_18157_p2     |         +|   0|  0|  23|          16|          16|
    |add_ln58_2300_fu_16367_p2     |         +|   0|  0|  23|          16|          16|
    |add_ln58_2301_fu_18258_p2     |         +|   0|  0|  23|          16|          16|
    |add_ln58_2302_fu_18359_p2     |         +|   0|  0|  23|          16|          16|
    |add_ln58_2303_fu_17916_p2     |         +|   0|  0|  23|          16|          16|
    |add_ln58_2304_fu_17951_p2     |         +|   0|  0|  23|          16|          16|
    |add_ln58_2305_fu_18576_p2     |         +|   0|  0|  23|          16|          16|
    |add_ln58_fu_12521_p2          |         +|   0|  0|  18|          10|          10|
    |mult_1387_fu_9771_p2          |         +|   0|  0|  19|          12|          12|
    |mult_1388_fu_10039_p2         |         +|   0|  0|  19|          12|          12|
    |mult_1389_fu_10245_p2         |         +|   0|  0|  19|          12|          12|
    |mult_1390_fu_10450_p2         |         +|   0|  0|  19|          12|          12|
    |mult_1391_fu_10683_p2         |         +|   0|  0|  19|          12|          12|
    |mult_1392_fu_10863_p2         |         +|   0|  0|  17|          10|          10|
    |mult_1393_fu_10973_p2         |         +|   0|  0|  19|          12|          12|
    |mult_1394_fu_11036_p2         |         +|   0|  0|  17|          10|          10|
    |mult_1395_fu_12773_p2         |         +|   0|  0|  17|          12|          12|
    |mult_1396_fu_12831_p2         |         +|   0|  0|  16|           9|           9|
    |mult_1397_fu_11120_p2         |         +|   0|  0|  19|          12|          12|
    |mult_1398_fu_11231_p2         |         +|   0|  0|  19|          12|          12|
    |mult_1399_fu_11289_p2         |         +|   0|  0|  17|          10|          10|
    |mult_1400_fu_11352_p2         |         +|   0|  0|  17|          10|          10|
    |mult_1401_fu_11441_p2         |         +|   0|  0|  19|          12|          12|
    |mult_1402_fu_11499_p2         |         +|   0|  0|  13|           6|           6|
    |mult_1403_fu_11570_p2         |         +|   0|  0|  18|          11|          11|
    |mult_1404_fu_11672_p2         |         +|   0|  0|  19|          12|          12|
    |mult_1405_fu_11756_p2         |         +|   0|  0|  19|          12|          12|
    |mult_1406_fu_11862_p2         |         +|   0|  0|  19|          12|          12|
    |mult_1407_fu_12926_p2         |         +|   0|  0|  16|           9|           9|
    |mult_1408_fu_12988_p2         |         +|   0|  0|  17|          10|          10|
    |mult_1409_fu_13054_p2         |         +|   0|  0|  19|          12|          12|
    |mult_1410_fu_13157_p2         |         +|   0|  0|  19|          12|          12|
    |mult_1411_fu_13219_p2         |         +|   0|  0|  19|          12|          12|
    |mult_1412_fu_11972_p2         |         +|   0|  0|  19|          12|          12|
    |mult_1413_fu_12083_p2         |         +|   0|  0|  19|          12|          12|
    |mult_1414_fu_12145_p2         |         +|   0|  0|  18|          11|          11|
    |mult_1415_fu_13288_p2         |         +|   0|  0|  16|           9|           9|
    |mult_1416_fu_13350_p2         |         +|   0|  0|  18|          11|          11|
    |mult_1417_fu_13424_p2         |         +|   0|  0|  19|          12|          12|
    |mult_1418_fu_13482_p2         |         +|   0|  0|  15|           8|           8|
    |mult_1419_fu_13549_p2         |         +|   0|  0|  18|          11|          11|
    |mult_1420_fu_13607_p2         |         +|   0|  0|  17|          10|          10|
    |mult_1421_fu_14627_p2         |         +|   0|  0|  16|           9|           9|
    |mult_1422_fu_14689_p2         |         +|   0|  0|  17|          10|          10|
    |mult_1423_fu_14755_p2         |         +|   0|  0|  18|          11|          11|
    |mult_1424_fu_14828_p2         |         +|   0|  0|  17|          10|          10|
    |mult_1425_fu_14923_p2         |         +|   0|  0|  19|          12|          12|
    |mult_1426_fu_14985_p2         |         +|   0|  0|  17|          10|          10|
    |mult_1427_fu_12260_p2         |         +|   0|  0|  19|          12|          12|
    |mult_1428_fu_12322_p2         |         +|   0|  0|  15|           8|           8|
    |mult_1429_fu_12428_p2         |         +|   0|  0|  19|          12|          12|
    |mult_1430_fu_16528_p2         |         +|   0|  0|  19|          12|          12|
    |mult_1431_fu_16627_p2         |         +|   0|  0|  19|          12|          12|
    |mult_1432_fu_12499_p2         |         +|   0|  0|  19|          12|          12|
    |mult_1433_fu_16700_p2         |         +|   0|  0|  16|           9|           9|
    |mult_1434_fu_16779_p2         |         +|   0|  0|  19|          12|          12|
    |mult_1435_fu_16837_p2         |         +|   0|  0|  17|          10|          10|
    |mult_1436_fu_16911_p2         |         +|   0|  0|  19|          12|          12|
    |mult_1437_fu_16973_p2         |         +|   0|  0|  16|           9|           9|
    |mult_fu_9665_p2               |         +|   0|  0|  17|          10|          10|
    |sub_ln42_47_fu_10621_p2       |         -|   0|  0|  28|          21|          21|
    |sub_ln42_48_fu_10911_p2       |         -|   0|  0|  28|          21|          21|
    |sub_ln42_49_fu_11169_p2       |         -|   0|  0|  28|          21|          21|
    |sub_ln42_50_fu_11610_p2       |         -|   0|  0|  28|          21|          21|
    |sub_ln42_51_fu_11800_p2       |         -|   0|  0|  28|          21|          21|
    |sub_ln42_52_fu_13095_p2       |         -|   0|  0|  28|          21|          21|
    |sub_ln42_53_fu_11910_p2       |         -|   0|  0|  28|          21|          21|
    |sub_ln42_54_fu_12021_p2       |         -|   0|  0|  28|          21|          21|
    |sub_ln42_55_fu_14861_p2       |         -|   0|  0|  28|          21|          21|
    |sub_ln42_56_fu_12198_p2       |         -|   0|  0|  28|          21|          21|
    |sub_ln42_57_fu_12366_p2       |         -|   0|  0|  28|          21|          21|
    |sub_ln42_58_fu_16565_p2       |         -|   0|  0|  28|          21|          21|
    |sub_ln42_fu_9709_p2           |         -|   0|  0|  28|          21|          21|
    |sub_ln73_49_fu_10183_p2       |         -|   0|  0|  39|          32|          32|
    |sub_ln73_50_fu_10388_p2       |         -|   0|  0|  39|          32|          32|
    |sub_ln73_51_fu_11058_p2       |         -|   0|  0|  39|          32|          32|
    |sub_ln73_52_fu_11379_p2       |         -|   0|  0|  39|          32|          32|
    |sub_ln73_53_fu_11694_p2       |         -|   0|  0|  39|          32|          32|
    |sub_ln73_54_fu_16717_p2       |         -|   0|  0|  39|          32|          32|
    |sub_ln73_75_fu_9703_p2        |         -|   0|  0|  39|          32|          32|
    |sub_ln73_76_fu_10615_p2       |         -|   0|  0|  39|          32|          32|
    |sub_ln73_77_fu_10905_p2       |         -|   0|  0|  39|          32|          32|
    |sub_ln73_78_fu_11163_p2       |         -|   0|  0|  39|          32|          32|
    |sub_ln73_79_fu_11604_p2       |         -|   0|  0|  39|          32|          32|
    |sub_ln73_80_fu_11794_p2       |         -|   0|  0|  39|          32|          32|
    |sub_ln73_81_fu_13089_p2       |         -|   0|  0|  39|          32|          32|
    |sub_ln73_82_fu_11904_p2       |         -|   0|  0|  39|          32|          32|
    |sub_ln73_83_fu_12015_p2       |         -|   0|  0|  39|          32|          32|
    |sub_ln73_84_fu_14855_p2       |         -|   0|  0|  39|          32|          32|
    |sub_ln73_85_fu_12192_p2       |         -|   0|  0|  39|          32|          32|
    |sub_ln73_86_fu_12360_p2       |         -|   0|  0|  39|          32|          32|
    |sub_ln73_87_fu_16559_p2       |         -|   0|  0|  39|          32|          32|
    |sub_ln73_fu_9977_p2           |         -|   0|  0|  39|          32|          32|
    |and_ln42_1501_fu_9655_p2      |       and|   0|  0|   2|           1|           1|
    |and_ln42_1502_fu_9761_p2      |       and|   0|  0|   2|           1|           1|
    |and_ln42_1503_fu_9829_p2      |       and|   0|  0|   2|           1|           1|
    |and_ln42_1504_fu_9885_p2      |       and|   0|  0|   2|           1|           1|
    |and_ln42_1505_fu_9955_p2      |       and|   0|  0|   2|           1|           1|
    |and_ln42_1506_fu_10029_p2     |       and|   0|  0|   2|           1|           1|
    |and_ln42_1507_fu_10095_p2     |       and|   0|  0|   2|           1|           1|
    |and_ln42_1508_fu_10161_p2     |       and|   0|  0|   2|           1|           1|
    |and_ln42_1509_fu_10235_p2     |       and|   0|  0|   2|           1|           1|
    |and_ln42_1510_fu_10301_p2     |       and|   0|  0|   2|           1|           1|
    |and_ln42_1511_fu_10366_p2     |       and|   0|  0|   2|           1|           1|
    |and_ln42_1512_fu_10440_p2     |       and|   0|  0|   2|           1|           1|
    |and_ln42_1513_fu_10521_p2     |       and|   0|  0|   2|           1|           1|
    |and_ln42_1514_fu_10577_p2     |       and|   0|  0|   2|           1|           1|
    |and_ln42_1515_fu_10673_p2     |       and|   0|  0|   2|           1|           1|
    |and_ln42_1516_fu_10735_p2     |       and|   0|  0|   2|           1|           1|
    |and_ln42_1517_fu_10801_p2     |       and|   0|  0|   2|           1|           1|
    |and_ln42_1518_fu_10853_p2     |       and|   0|  0|   2|           1|           1|
    |and_ln42_1519_fu_10963_p2     |       and|   0|  0|   2|           1|           1|
    |and_ln42_1520_fu_11026_p2     |       and|   0|  0|   2|           1|           1|
    |and_ln42_1521_fu_12763_p2     |       and|   0|  0|   2|           1|           1|
    |and_ln42_1522_fu_12821_p2     |       and|   0|  0|   2|           1|           1|
    |and_ln42_1523_fu_11110_p2     |       and|   0|  0|   2|           1|           1|
    |and_ln42_1524_fu_11221_p2     |       and|   0|  0|   2|           1|           1|
    |and_ln42_1525_fu_11279_p2     |       and|   0|  0|   2|           1|           1|
    |and_ln42_1526_fu_11342_p2     |       and|   0|  0|   2|           1|           1|
    |and_ln42_1527_fu_11431_p2     |       and|   0|  0|   2|           1|           1|
    |and_ln42_1528_fu_11489_p2     |       and|   0|  0|   2|           1|           1|
    |and_ln42_1529_fu_11560_p2     |       and|   0|  0|   2|           1|           1|
    |and_ln42_1530_fu_11662_p2     |       and|   0|  0|   2|           1|           1|
    |and_ln42_1531_fu_11746_p2     |       and|   0|  0|   2|           1|           1|
    |and_ln42_1532_fu_11852_p2     |       and|   0|  0|   2|           1|           1|
    |and_ln42_1533_fu_12916_p2     |       and|   0|  0|   2|           1|           1|
    |and_ln42_1534_fu_12978_p2     |       and|   0|  0|   2|           1|           1|
    |and_ln42_1535_fu_13044_p2     |       and|   0|  0|   2|           1|           1|
    |and_ln42_1536_fu_13147_p2     |       and|   0|  0|   2|           1|           1|
    |and_ln42_1537_fu_13209_p2     |       and|   0|  0|   2|           1|           1|
    |and_ln42_1538_fu_11962_p2     |       and|   0|  0|   2|           1|           1|
    |and_ln42_1539_fu_12073_p2     |       and|   0|  0|   2|           1|           1|
    |and_ln42_1540_fu_12135_p2     |       and|   0|  0|   2|           1|           1|
    |and_ln42_1541_fu_13278_p2     |       and|   0|  0|   2|           1|           1|
    |and_ln42_1542_fu_13340_p2     |       and|   0|  0|   2|           1|           1|
    |and_ln42_1543_fu_13414_p2     |       and|   0|  0|   2|           1|           1|
    |and_ln42_1544_fu_13472_p2     |       and|   0|  0|   2|           1|           1|
    |and_ln42_1545_fu_13539_p2     |       and|   0|  0|   2|           1|           1|
    |and_ln42_1546_fu_13597_p2     |       and|   0|  0|   2|           1|           1|
    |and_ln42_1547_fu_14617_p2     |       and|   0|  0|   2|           1|           1|
    |and_ln42_1548_fu_14679_p2     |       and|   0|  0|   2|           1|           1|
    |and_ln42_1549_fu_14745_p2     |       and|   0|  0|   2|           1|           1|
    |and_ln42_1550_fu_14818_p2     |       and|   0|  0|   2|           1|           1|
    |and_ln42_1551_fu_14913_p2     |       and|   0|  0|   2|           1|           1|
    |and_ln42_1552_fu_14975_p2     |       and|   0|  0|   2|           1|           1|
    |and_ln42_1553_fu_12250_p2     |       and|   0|  0|   2|           1|           1|
    |and_ln42_1554_fu_12312_p2     |       and|   0|  0|   2|           1|           1|
    |and_ln42_1555_fu_12418_p2     |       and|   0|  0|   2|           1|           1|
    |and_ln42_1556_fu_16518_p2     |       and|   0|  0|   2|           1|           1|
    |and_ln42_1557_fu_16617_p2     |       and|   0|  0|   2|           1|           1|
    |and_ln42_1558_fu_12489_p2     |       and|   0|  0|   2|           1|           1|
    |and_ln42_1559_fu_16690_p2     |       and|   0|  0|   2|           1|           1|
    |and_ln42_1560_fu_16769_p2     |       and|   0|  0|   2|           1|           1|
    |and_ln42_1561_fu_16827_p2     |       and|   0|  0|   2|           1|           1|
    |and_ln42_1562_fu_16901_p2     |       and|   0|  0|   2|           1|           1|
    |and_ln42_1563_fu_16963_p2     |       and|   0|  0|   2|           1|           1|
    |and_ln42_fu_9599_p2           |       and|   0|  0|   2|           1|           1|
    |and_ln58_2503_fu_13668_p2     |       and|   0|  0|   2|           1|           1|
    |and_ln58_2504_fu_13760_p2     |       and|   0|  0|   2|           1|           1|
    |and_ln58_2505_fu_13772_p2     |       and|   0|  0|   2|           1|           1|
    |and_ln58_2506_fu_14999_p2     |       and|   0|  0|   2|           1|           1|
    |and_ln58_2507_fu_15009_p2     |       and|   0|  0|   2|           1|           1|
    |and_ln58_2508_fu_13933_p2     |       and|   0|  0|   2|           1|           1|
    |and_ln58_2509_fu_13945_p2     |       and|   0|  0|   2|           1|           1|
    |and_ln58_2510_fu_15093_p2     |       and|   0|  0|   2|           1|           1|
    |and_ln58_2511_fu_15105_p2     |       and|   0|  0|   2|           1|           1|
    |and_ln58_2512_fu_15194_p2     |       and|   0|  0|   2|           1|           1|
    |and_ln58_2513_fu_15206_p2     |       and|   0|  0|   2|           1|           1|
    |and_ln58_2514_fu_14059_p2     |       and|   0|  0|   2|           1|           1|
    |and_ln58_2515_fu_14071_p2     |       and|   0|  0|   2|           1|           1|
    |and_ln58_2516_fu_14160_p2     |       and|   0|  0|   2|           1|           1|
    |and_ln58_2517_fu_14172_p2     |       and|   0|  0|   2|           1|           1|
    |and_ln58_2518_fu_15295_p2     |       and|   0|  0|   2|           1|           1|
    |and_ln58_2519_fu_15307_p2     |       and|   0|  0|   2|           1|           1|
    |and_ln58_2520_fu_14261_p2     |       and|   0|  0|   2|           1|           1|
    |and_ln58_2521_fu_14273_p2     |       and|   0|  0|   2|           1|           1|
    |and_ln58_2522_fu_15360_p2     |       and|   0|  0|   2|           1|           1|
    |and_ln58_2523_fu_15370_p2     |       and|   0|  0|   2|           1|           1|
    |and_ln58_2524_fu_15418_p2     |       and|   0|  0|   2|           1|           1|
    |and_ln58_2525_fu_15428_p2     |       and|   0|  0|   2|           1|           1|
    |and_ln58_2526_fu_15515_p2     |       and|   0|  0|   2|           1|           1|
    |and_ln58_2527_fu_15527_p2     |       and|   0|  0|   2|           1|           1|
    |and_ln58_2528_fu_15615_p2     |       and|   0|  0|   2|           1|           1|
    |and_ln58_2529_fu_15627_p2     |       and|   0|  0|   2|           1|           1|
    |and_ln58_2530_fu_15716_p2     |       and|   0|  0|   2|           1|           1|
    |and_ln58_2531_fu_15728_p2     |       and|   0|  0|   2|           1|           1|
    |and_ln58_2532_fu_17018_p2     |       and|   0|  0|   2|           1|           1|
    |and_ln58_2533_fu_17030_p2     |       and|   0|  0|   2|           1|           1|
    |and_ln58_2534_fu_14440_p2     |       and|   0|  0|   2|           1|           1|
    |and_ln58_2535_fu_14452_p2     |       and|   0|  0|   2|           1|           1|
    |and_ln58_2536_fu_17119_p2     |       and|   0|  0|   2|           1|           1|
    |and_ln58_2537_fu_17131_p2     |       and|   0|  0|   2|           1|           1|
    |and_ln58_2538_fu_15781_p2     |       and|   0|  0|   2|           1|           1|
    |and_ln58_2539_fu_15791_p2     |       and|   0|  0|   2|           1|           1|
    |and_ln58_2540_fu_15875_p2     |       and|   0|  0|   2|           1|           1|
    |and_ln58_2541_fu_15887_p2     |       and|   0|  0|   2|           1|           1|
    |and_ln58_2542_fu_15976_p2     |       and|   0|  0|   2|           1|           1|
    |and_ln58_2543_fu_15988_p2     |       and|   0|  0|   2|           1|           1|
    |and_ln58_2544_fu_16077_p2     |       and|   0|  0|   2|           1|           1|
    |and_ln58_2545_fu_16089_p2     |       and|   0|  0|   2|           1|           1|
    |and_ln58_2546_fu_16178_p2     |       and|   0|  0|   2|           1|           1|
    |and_ln58_2547_fu_16190_p2     |       and|   0|  0|   2|           1|           1|
    |and_ln58_2548_fu_17184_p2     |       and|   0|  0|   2|           1|           1|
    |and_ln58_2549_fu_17194_p2     |       and|   0|  0|   2|           1|           1|
    |and_ln58_2550_fu_17242_p2     |       and|   0|  0|   2|           1|           1|
    |and_ln58_2551_fu_17252_p2     |       and|   0|  0|   2|           1|           1|
    |and_ln58_2552_fu_17300_p2     |       and|   0|  0|   2|           1|           1|
    |and_ln58_2553_fu_17310_p2     |       and|   0|  0|   2|           1|           1|
    |and_ln58_2554_fu_17394_p2     |       and|   0|  0|   2|           1|           1|
    |and_ln58_2555_fu_17406_p2     |       and|   0|  0|   2|           1|           1|
    |and_ln58_2556_fu_17495_p2     |       and|   0|  0|   2|           1|           1|
    |and_ln58_2557_fu_17507_p2     |       and|   0|  0|   2|           1|           1|
    |and_ln58_2558_fu_17596_p2     |       and|   0|  0|   2|           1|           1|
    |and_ln58_2559_fu_17608_p2     |       and|   0|  0|   2|           1|           1|
    |and_ln58_2560_fu_17697_p2     |       and|   0|  0|   2|           1|           1|
    |and_ln58_2561_fu_17709_p2     |       and|   0|  0|   2|           1|           1|
    |and_ln58_2562_fu_17798_p2     |       and|   0|  0|   2|           1|           1|
    |and_ln58_2563_fu_17810_p2     |       and|   0|  0|   2|           1|           1|
    |and_ln58_2564_fu_18018_p2     |       and|   0|  0|   2|           1|           1|
    |and_ln58_2565_fu_18030_p2     |       and|   0|  0|   2|           1|           1|
    |and_ln58_2566_fu_18083_p2     |       and|   0|  0|   2|           1|           1|
    |and_ln58_2567_fu_18093_p2     |       and|   0|  0|   2|           1|           1|
    |and_ln58_2568_fu_18177_p2     |       and|   0|  0|   2|           1|           1|
    |and_ln58_2569_fu_18189_p2     |       and|   0|  0|   2|           1|           1|
    |and_ln58_2570_fu_16387_p2     |       and|   0|  0|   2|           1|           1|
    |and_ln58_2571_fu_16399_p2     |       and|   0|  0|   2|           1|           1|
    |and_ln58_2572_fu_18278_p2     |       and|   0|  0|   2|           1|           1|
    |and_ln58_2573_fu_18290_p2     |       and|   0|  0|   2|           1|           1|
    |and_ln58_2574_fu_18379_p2     |       and|   0|  0|   2|           1|           1|
    |and_ln58_2575_fu_18391_p2     |       and|   0|  0|   2|           1|           1|
    |and_ln58_2576_fu_18444_p2     |       and|   0|  0|   2|           1|           1|
    |and_ln58_2577_fu_18454_p2     |       and|   0|  0|   2|           1|           1|
    |and_ln58_2578_fu_18502_p2     |       and|   0|  0|   2|           1|           1|
    |and_ln58_2579_fu_18512_p2     |       and|   0|  0|   2|           1|           1|
    |and_ln58_2580_fu_18596_p2     |       and|   0|  0|   2|           1|           1|
    |and_ln58_2581_fu_18608_p2     |       and|   0|  0|   2|           1|           1|
    |and_ln58_fu_13656_p2          |       and|   0|  0|   2|           1|           1|
    |icmp_ln42_1501_fu_9643_p2     |      icmp|   0|  0|  27|          20|           1|
    |icmp_ln42_1502_fu_9749_p2     |      icmp|   0|  0|  27|          20|           1|
    |icmp_ln42_1503_fu_9817_p2     |      icmp|   0|  0|  27|          20|           1|
    |icmp_ln42_1504_fu_9873_p2     |      icmp|   0|  0|  27|          20|           1|
    |icmp_ln42_1505_fu_9943_p2     |      icmp|   0|  0|  27|          20|           1|
    |icmp_ln42_1506_fu_10017_p2    |      icmp|   0|  0|  27|          20|           1|
    |icmp_ln42_1507_fu_10083_p2    |      icmp|   0|  0|  27|          20|           1|
    |icmp_ln42_1508_fu_10149_p2    |      icmp|   0|  0|  27|          20|           1|
    |icmp_ln42_1509_fu_10223_p2    |      icmp|   0|  0|  27|          20|           1|
    |icmp_ln42_1510_fu_10289_p2    |      icmp|   0|  0|  27|          20|           1|
    |icmp_ln42_1511_fu_10354_p2    |      icmp|   0|  0|  27|          20|           1|
    |icmp_ln42_1512_fu_10428_p2    |      icmp|   0|  0|  27|          20|           1|
    |icmp_ln42_1513_fu_10509_p2    |      icmp|   0|  0|  27|          20|           1|
    |icmp_ln42_1514_fu_10565_p2    |      icmp|   0|  0|  27|          20|           1|
    |icmp_ln42_1515_fu_10661_p2    |      icmp|   0|  0|  27|          20|           1|
    |icmp_ln42_1516_fu_10723_p2    |      icmp|   0|  0|  27|          20|           1|
    |icmp_ln42_1517_fu_10789_p2    |      icmp|   0|  0|  27|          20|           1|
    |icmp_ln42_1518_fu_10841_p2    |      icmp|   0|  0|  27|          20|           1|
    |icmp_ln42_1519_fu_10951_p2    |      icmp|   0|  0|  27|          20|           1|
    |icmp_ln42_1520_fu_11014_p2    |      icmp|   0|  0|  27|          20|           1|
    |icmp_ln42_1521_fu_12751_p2    |      icmp|   0|  0|  27|          20|           1|
    |icmp_ln42_1522_fu_12809_p2    |      icmp|   0|  0|  27|          20|           1|
    |icmp_ln42_1523_fu_11098_p2    |      icmp|   0|  0|  27|          20|           1|
    |icmp_ln42_1524_fu_11209_p2    |      icmp|   0|  0|  27|          20|           1|
    |icmp_ln42_1525_fu_11267_p2    |      icmp|   0|  0|  27|          20|           1|
    |icmp_ln42_1526_fu_11330_p2    |      icmp|   0|  0|  27|          20|           1|
    |icmp_ln42_1527_fu_11419_p2    |      icmp|   0|  0|  27|          20|           1|
    |icmp_ln42_1528_fu_11477_p2    |      icmp|   0|  0|  27|          20|           1|
    |icmp_ln42_1529_fu_11548_p2    |      icmp|   0|  0|  27|          20|           1|
    |icmp_ln42_1530_fu_11650_p2    |      icmp|   0|  0|  27|          20|           1|
    |icmp_ln42_1531_fu_11734_p2    |      icmp|   0|  0|  27|          20|           1|
    |icmp_ln42_1532_fu_11840_p2    |      icmp|   0|  0|  27|          20|           1|
    |icmp_ln42_1533_fu_12904_p2    |      icmp|   0|  0|  27|          20|           1|
    |icmp_ln42_1534_fu_12966_p2    |      icmp|   0|  0|  27|          20|           1|
    |icmp_ln42_1535_fu_13032_p2    |      icmp|   0|  0|  27|          20|           1|
    |icmp_ln42_1536_fu_13135_p2    |      icmp|   0|  0|  27|          20|           1|
    |icmp_ln42_1537_fu_13197_p2    |      icmp|   0|  0|  27|          20|           1|
    |icmp_ln42_1538_fu_11950_p2    |      icmp|   0|  0|  27|          20|           1|
    |icmp_ln42_1539_fu_12061_p2    |      icmp|   0|  0|  27|          20|           1|
    |icmp_ln42_1540_fu_12123_p2    |      icmp|   0|  0|  27|          20|           1|
    |icmp_ln42_1541_fu_13266_p2    |      icmp|   0|  0|  27|          20|           1|
    |icmp_ln42_1542_fu_13328_p2    |      icmp|   0|  0|  27|          20|           1|
    |icmp_ln42_1543_fu_13402_p2    |      icmp|   0|  0|  27|          20|           1|
    |icmp_ln42_1544_fu_13460_p2    |      icmp|   0|  0|  27|          20|           1|
    |icmp_ln42_1545_fu_13527_p2    |      icmp|   0|  0|  27|          20|           1|
    |icmp_ln42_1546_fu_13585_p2    |      icmp|   0|  0|  27|          20|           1|
    |icmp_ln42_1547_fu_14605_p2    |      icmp|   0|  0|  27|          20|           1|
    |icmp_ln42_1548_fu_14667_p2    |      icmp|   0|  0|  27|          20|           1|
    |icmp_ln42_1549_fu_14733_p2    |      icmp|   0|  0|  27|          20|           1|
    |icmp_ln42_1550_fu_14806_p2    |      icmp|   0|  0|  27|          20|           1|
    |icmp_ln42_1551_fu_14901_p2    |      icmp|   0|  0|  27|          20|           1|
    |icmp_ln42_1552_fu_14963_p2    |      icmp|   0|  0|  27|          20|           1|
    |icmp_ln42_1553_fu_12238_p2    |      icmp|   0|  0|  27|          20|           1|
    |icmp_ln42_1554_fu_12300_p2    |      icmp|   0|  0|  27|          20|           1|
    |icmp_ln42_1555_fu_12406_p2    |      icmp|   0|  0|  27|          20|           1|
    |icmp_ln42_1556_fu_16506_p2    |      icmp|   0|  0|  27|          20|           1|
    |icmp_ln42_1557_fu_16605_p2    |      icmp|   0|  0|  27|          20|           1|
    |icmp_ln42_1558_fu_12477_p2    |      icmp|   0|  0|  27|          20|           1|
    |icmp_ln42_1559_fu_16678_p2    |      icmp|   0|  0|  27|          20|           1|
    |icmp_ln42_1560_fu_16757_p2    |      icmp|   0|  0|  27|          20|           1|
    |icmp_ln42_1561_fu_16815_p2    |      icmp|   0|  0|  27|          20|           1|
    |icmp_ln42_1562_fu_16889_p2    |      icmp|   0|  0|  27|          20|           1|
    |icmp_ln42_1563_fu_16951_p2    |      icmp|   0|  0|  27|          20|           1|
    |icmp_ln42_fu_9587_p2          |      icmp|   0|  0|  27|          20|           1|
    |or_ln42_1501_fu_9649_p2       |        or|   0|  0|   2|           1|           1|
    |or_ln42_1502_fu_9755_p2       |        or|   0|  0|   2|           1|           1|
    |or_ln42_1503_fu_9823_p2       |        or|   0|  0|   2|           1|           1|
    |or_ln42_1504_fu_9879_p2       |        or|   0|  0|   2|           1|           1|
    |or_ln42_1505_fu_9949_p2       |        or|   0|  0|   2|           1|           1|
    |or_ln42_1506_fu_10023_p2      |        or|   0|  0|   2|           1|           1|
    |or_ln42_1507_fu_10089_p2      |        or|   0|  0|   2|           1|           1|
    |or_ln42_1508_fu_10155_p2      |        or|   0|  0|   2|           1|           1|
    |or_ln42_1509_fu_10229_p2      |        or|   0|  0|   2|           1|           1|
    |or_ln42_1510_fu_10295_p2      |        or|   0|  0|   2|           1|           1|
    |or_ln42_1511_fu_10360_p2      |        or|   0|  0|   2|           1|           1|
    |or_ln42_1512_fu_10434_p2      |        or|   0|  0|   2|           1|           1|
    |or_ln42_1513_fu_10515_p2      |        or|   0|  0|   2|           1|           1|
    |or_ln42_1514_fu_10571_p2      |        or|   0|  0|   2|           1|           1|
    |or_ln42_1515_fu_10667_p2      |        or|   0|  0|   2|           1|           1|
    |or_ln42_1516_fu_10729_p2      |        or|   0|  0|   2|           1|           1|
    |or_ln42_1517_fu_10795_p2      |        or|   0|  0|   2|           1|           1|
    |or_ln42_1518_fu_10847_p2      |        or|   0|  0|   2|           1|           1|
    |or_ln42_1519_fu_10957_p2      |        or|   0|  0|   2|           1|           1|
    |or_ln42_1520_fu_11020_p2      |        or|   0|  0|   2|           1|           1|
    |or_ln42_1521_fu_12757_p2      |        or|   0|  0|   2|           1|           1|
    |or_ln42_1522_fu_12815_p2      |        or|   0|  0|   2|           1|           1|
    |or_ln42_1523_fu_11104_p2      |        or|   0|  0|   2|           1|           1|
    |or_ln42_1524_fu_11215_p2      |        or|   0|  0|   2|           1|           1|
    |or_ln42_1525_fu_11273_p2      |        or|   0|  0|   2|           1|           1|
    |or_ln42_1526_fu_11336_p2      |        or|   0|  0|   2|           1|           1|
    |or_ln42_1527_fu_11425_p2      |        or|   0|  0|   2|           1|           1|
    |or_ln42_1528_fu_11483_p2      |        or|   0|  0|   2|           1|           1|
    |or_ln42_1529_fu_11554_p2      |        or|   0|  0|   2|           1|           1|
    |or_ln42_1530_fu_11656_p2      |        or|   0|  0|   2|           1|           1|
    |or_ln42_1531_fu_11740_p2      |        or|   0|  0|   2|           1|           1|
    |or_ln42_1532_fu_11846_p2      |        or|   0|  0|   2|           1|           1|
    |or_ln42_1533_fu_12910_p2      |        or|   0|  0|   2|           1|           1|
    |or_ln42_1534_fu_12972_p2      |        or|   0|  0|   2|           1|           1|
    |or_ln42_1535_fu_13038_p2      |        or|   0|  0|   2|           1|           1|
    |or_ln42_1536_fu_13141_p2      |        or|   0|  0|   2|           1|           1|
    |or_ln42_1537_fu_13203_p2      |        or|   0|  0|   2|           1|           1|
    |or_ln42_1538_fu_11956_p2      |        or|   0|  0|   2|           1|           1|
    |or_ln42_1539_fu_12067_p2      |        or|   0|  0|   2|           1|           1|
    |or_ln42_1540_fu_12129_p2      |        or|   0|  0|   2|           1|           1|
    |or_ln42_1541_fu_13272_p2      |        or|   0|  0|   2|           1|           1|
    |or_ln42_1542_fu_13334_p2      |        or|   0|  0|   2|           1|           1|
    |or_ln42_1543_fu_13408_p2      |        or|   0|  0|   2|           1|           1|
    |or_ln42_1544_fu_13466_p2      |        or|   0|  0|   2|           1|           1|
    |or_ln42_1545_fu_13533_p2      |        or|   0|  0|   2|           1|           1|
    |or_ln42_1546_fu_13591_p2      |        or|   0|  0|   2|           1|           1|
    |or_ln42_1547_fu_14611_p2      |        or|   0|  0|   2|           1|           1|
    |or_ln42_1548_fu_14673_p2      |        or|   0|  0|   2|           1|           1|
    |or_ln42_1549_fu_14739_p2      |        or|   0|  0|   2|           1|           1|
    |or_ln42_1550_fu_14812_p2      |        or|   0|  0|   2|           1|           1|
    |or_ln42_1551_fu_14907_p2      |        or|   0|  0|   2|           1|           1|
    |or_ln42_1552_fu_14969_p2      |        or|   0|  0|   2|           1|           1|
    |or_ln42_1553_fu_12244_p2      |        or|   0|  0|   2|           1|           1|
    |or_ln42_1554_fu_12306_p2      |        or|   0|  0|   2|           1|           1|
    |or_ln42_1555_fu_12412_p2      |        or|   0|  0|   2|           1|           1|
    |or_ln42_1556_fu_16512_p2      |        or|   0|  0|   2|           1|           1|
    |or_ln42_1557_fu_16611_p2      |        or|   0|  0|   2|           1|           1|
    |or_ln42_1558_fu_12483_p2      |        or|   0|  0|   2|           1|           1|
    |or_ln42_1559_fu_16684_p2      |        or|   0|  0|   2|           1|           1|
    |or_ln42_1560_fu_16763_p2      |        or|   0|  0|   2|           1|           1|
    |or_ln42_1561_fu_16821_p2      |        or|   0|  0|   2|           1|           1|
    |or_ln42_1562_fu_16895_p2      |        or|   0|  0|   2|           1|           1|
    |or_ln42_1563_fu_16957_p2      |        or|   0|  0|   2|           1|           1|
    |or_ln42_fu_9593_p2            |        or|   0|  0|   2|           1|           1|
    |or_ln58_1251_fu_13790_p2      |        or|   0|  0|   2|           1|           1|
    |or_ln58_1252_fu_15024_p2      |        or|   0|  0|   2|           1|           1|
    |or_ln58_1253_fu_13963_p2      |        or|   0|  0|   2|           1|           1|
    |or_ln58_1254_fu_15123_p2      |        or|   0|  0|   2|           1|           1|
    |or_ln58_1255_fu_15224_p2      |        or|   0|  0|   2|           1|           1|
    |or_ln58_1256_fu_14089_p2      |        or|   0|  0|   2|           1|           1|
    |or_ln58_1257_fu_14190_p2      |        or|   0|  0|   2|           1|           1|
    |or_ln58_1258_fu_15325_p2      |        or|   0|  0|   2|           1|           1|
    |or_ln58_1259_fu_14291_p2      |        or|   0|  0|   2|           1|           1|
    |or_ln58_1260_fu_15385_p2      |        or|   0|  0|   2|           1|           1|
    |or_ln58_1261_fu_15443_p2      |        or|   0|  0|   2|           1|           1|
    |or_ln58_1262_fu_15545_p2      |        or|   0|  0|   2|           1|           1|
    |or_ln58_1263_fu_15645_p2      |        or|   0|  0|   2|           1|           1|
    |or_ln58_1264_fu_15746_p2      |        or|   0|  0|   2|           1|           1|
    |or_ln58_1265_fu_17048_p2      |        or|   0|  0|   2|           1|           1|
    |or_ln58_1266_fu_14470_p2      |        or|   0|  0|   2|           1|           1|
    |or_ln58_1267_fu_17149_p2      |        or|   0|  0|   2|           1|           1|
    |or_ln58_1268_fu_15806_p2      |        or|   0|  0|   2|           1|           1|
    |or_ln58_1269_fu_15905_p2      |        or|   0|  0|   2|           1|           1|
    |or_ln58_1270_fu_16006_p2      |        or|   0|  0|   2|           1|           1|
    |or_ln58_1271_fu_16107_p2      |        or|   0|  0|   2|           1|           1|
    |or_ln58_1272_fu_16208_p2      |        or|   0|  0|   2|           1|           1|
    |or_ln58_1273_fu_17209_p2      |        or|   0|  0|   2|           1|           1|
    |or_ln58_1274_fu_17267_p2      |        or|   0|  0|   2|           1|           1|
    |or_ln58_1275_fu_17325_p2      |        or|   0|  0|   2|           1|           1|
    |or_ln58_1276_fu_17424_p2      |        or|   0|  0|   2|           1|           1|
    |or_ln58_1277_fu_17525_p2      |        or|   0|  0|   2|           1|           1|
    |or_ln58_1278_fu_17626_p2      |        or|   0|  0|   2|           1|           1|
    |or_ln58_1279_fu_17727_p2      |        or|   0|  0|   2|           1|           1|
    |or_ln58_1280_fu_17828_p2      |        or|   0|  0|   2|           1|           1|
    |or_ln58_1281_fu_18048_p2      |        or|   0|  0|   2|           1|           1|
    |or_ln58_1282_fu_18108_p2      |        or|   0|  0|   2|           1|           1|
    |or_ln58_1283_fu_18207_p2      |        or|   0|  0|   2|           1|           1|
    |or_ln58_1284_fu_16417_p2      |        or|   0|  0|   2|           1|           1|
    |or_ln58_1285_fu_18308_p2      |        or|   0|  0|   2|           1|           1|
    |or_ln58_1286_fu_18409_p2      |        or|   0|  0|   2|           1|           1|
    |or_ln58_1287_fu_18469_p2      |        or|   0|  0|   2|           1|           1|
    |or_ln58_1288_fu_18527_p2      |        or|   0|  0|   2|           1|           1|
    |or_ln58_1289_fu_18626_p2      |        or|   0|  0|   2|           1|           1|
    |or_ln58_fu_13686_p2           |        or|   0|  0|   2|           1|           1|
    |select_ln58_3755_fu_13700_p3  |    select|   0|  0|  17|           1|          17|
    |select_ln58_3756_fu_13708_p3  |    select|   0|  0|  16|           1|          16|
    |select_ln58_3757_fu_13796_p3  |    select|   0|  0|  16|           1|          15|
    |select_ln58_3758_fu_13804_p3  |    select|   0|  0|  17|           1|          17|
    |select_ln58_3759_fu_13812_p3  |    select|   0|  0|  16|           1|          16|
    |select_ln58_3760_fu_15030_p3  |    select|   0|  0|  16|           1|          15|
    |select_ln58_3761_fu_15037_p3  |    select|   0|  0|  17|           1|          17|
    |select_ln58_3762_fu_15044_p3  |    select|   0|  0|  16|           1|          16|
    |select_ln58_3763_fu_13969_p3  |    select|   0|  0|  16|           1|          15|
    |select_ln58_3764_fu_13977_p3  |    select|   0|  0|  17|           1|          17|
    |select_ln58_3765_fu_13985_p3  |    select|   0|  0|  16|           1|          16|
    |select_ln58_3766_fu_15129_p3  |    select|   0|  0|  16|           1|          15|
    |select_ln58_3767_fu_15137_p3  |    select|   0|  0|  17|           1|          17|
    |select_ln58_3768_fu_15145_p3  |    select|   0|  0|  16|           1|          16|
    |select_ln58_3769_fu_15230_p3  |    select|   0|  0|  16|           1|          15|
    |select_ln58_3770_fu_15238_p3  |    select|   0|  0|  17|           1|          17|
    |select_ln58_3771_fu_15246_p3  |    select|   0|  0|  16|           1|          16|
    |select_ln58_3772_fu_14095_p3  |    select|   0|  0|  16|           1|          15|
    |select_ln58_3773_fu_14103_p3  |    select|   0|  0|  17|           1|          17|
    |select_ln58_3774_fu_14111_p3  |    select|   0|  0|  16|           1|          16|
    |select_ln58_3775_fu_14196_p3  |    select|   0|  0|  16|           1|          15|
    |select_ln58_3776_fu_14204_p3  |    select|   0|  0|  17|           1|          17|
    |select_ln58_3777_fu_14212_p3  |    select|   0|  0|  16|           1|          16|
    |select_ln58_3778_fu_15331_p3  |    select|   0|  0|  16|           1|          15|
    |select_ln58_3779_fu_15339_p3  |    select|   0|  0|  17|           1|          17|
    |select_ln58_3780_fu_15347_p3  |    select|   0|  0|  16|           1|          16|
    |select_ln58_3781_fu_14297_p3  |    select|   0|  0|  16|           1|          15|
    |select_ln58_3782_fu_14305_p3  |    select|   0|  0|  17|           1|          17|
    |select_ln58_3783_fu_14313_p3  |    select|   0|  0|  16|           1|          16|
    |select_ln58_3784_fu_15391_p3  |    select|   0|  0|  16|           1|          15|
    |select_ln58_3785_fu_15398_p3  |    select|   0|  0|  17|           1|          17|
    |select_ln58_3786_fu_15405_p3  |    select|   0|  0|  16|           1|          16|
    |select_ln58_3787_fu_15449_p3  |    select|   0|  0|  16|           1|          15|
    |select_ln58_3788_fu_15456_p3  |    select|   0|  0|  17|           1|          17|
    |select_ln58_3789_fu_15463_p3  |    select|   0|  0|  16|           1|          16|
    |select_ln58_3790_fu_15551_p3  |    select|   0|  0|  16|           1|          15|
    |select_ln58_3791_fu_15559_p3  |    select|   0|  0|  17|           1|          17|
    |select_ln58_3792_fu_15567_p3  |    select|   0|  0|  16|           1|          16|
    |select_ln58_3793_fu_15651_p3  |    select|   0|  0|  16|           1|          15|
    |select_ln58_3794_fu_15659_p3  |    select|   0|  0|  17|           1|          17|
    |select_ln58_3795_fu_15667_p3  |    select|   0|  0|  16|           1|          16|
    |select_ln58_3796_fu_15752_p3  |    select|   0|  0|  16|           1|          15|
    |select_ln58_3797_fu_15760_p3  |    select|   0|  0|  17|           1|          17|
    |select_ln58_3798_fu_15768_p3  |    select|   0|  0|  16|           1|          16|
    |select_ln58_3799_fu_17054_p3  |    select|   0|  0|  16|           1|          15|
    |select_ln58_3800_fu_17062_p3  |    select|   0|  0|  17|           1|          17|
    |select_ln58_3801_fu_17070_p3  |    select|   0|  0|  16|           1|          16|
    |select_ln58_3802_fu_14476_p3  |    select|   0|  0|  16|           1|          15|
    |select_ln58_3803_fu_14484_p3  |    select|   0|  0|  17|           1|          17|
    |select_ln58_3804_fu_14492_p3  |    select|   0|  0|  16|           1|          16|
    |select_ln58_3805_fu_17155_p3  |    select|   0|  0|  16|           1|          15|
    |select_ln58_3806_fu_17163_p3  |    select|   0|  0|  17|           1|          17|
    |select_ln58_3807_fu_17171_p3  |    select|   0|  0|  16|           1|          16|
    |select_ln58_3808_fu_15812_p3  |    select|   0|  0|  16|           1|          15|
    |select_ln58_3809_fu_15819_p3  |    select|   0|  0|  17|           1|          17|
    |select_ln58_3810_fu_15826_p3  |    select|   0|  0|  16|           1|          16|
    |select_ln58_3811_fu_15911_p3  |    select|   0|  0|  16|           1|          15|
    |select_ln58_3812_fu_15919_p3  |    select|   0|  0|  17|           1|          17|
    |select_ln58_3813_fu_15927_p3  |    select|   0|  0|  16|           1|          16|
    |select_ln58_3814_fu_16012_p3  |    select|   0|  0|  16|           1|          15|
    |select_ln58_3815_fu_16020_p3  |    select|   0|  0|  17|           1|          17|
    |select_ln58_3816_fu_16028_p3  |    select|   0|  0|  16|           1|          16|
    |select_ln58_3817_fu_16113_p3  |    select|   0|  0|  16|           1|          15|
    |select_ln58_3818_fu_16121_p3  |    select|   0|  0|  17|           1|          17|
    |select_ln58_3819_fu_16129_p3  |    select|   0|  0|  16|           1|          16|
    |select_ln58_3820_fu_16214_p3  |    select|   0|  0|  16|           1|          15|
    |select_ln58_3821_fu_16222_p3  |    select|   0|  0|  17|           1|          17|
    |select_ln58_3822_fu_16230_p3  |    select|   0|  0|  16|           1|          16|
    |select_ln58_3823_fu_17215_p3  |    select|   0|  0|  16|           1|          15|
    |select_ln58_3824_fu_17222_p3  |    select|   0|  0|  17|           1|          17|
    |select_ln58_3825_fu_17229_p3  |    select|   0|  0|  16|           1|          16|
    |select_ln58_3826_fu_17273_p3  |    select|   0|  0|  16|           1|          15|
    |select_ln58_3827_fu_17280_p3  |    select|   0|  0|  17|           1|          17|
    |select_ln58_3828_fu_17287_p3  |    select|   0|  0|  16|           1|          16|
    |select_ln58_3829_fu_17331_p3  |    select|   0|  0|  16|           1|          15|
    |select_ln58_3830_fu_17338_p3  |    select|   0|  0|  17|           1|          17|
    |select_ln58_3831_fu_17345_p3  |    select|   0|  0|  16|           1|          16|
    |select_ln58_3832_fu_17430_p3  |    select|   0|  0|  16|           1|          15|
    |select_ln58_3833_fu_17438_p3  |    select|   0|  0|  17|           1|          17|
    |select_ln58_3834_fu_17446_p3  |    select|   0|  0|  16|           1|          16|
    |select_ln58_3835_fu_17531_p3  |    select|   0|  0|  16|           1|          15|
    |select_ln58_3836_fu_17539_p3  |    select|   0|  0|  17|           1|          17|
    |select_ln58_3837_fu_17547_p3  |    select|   0|  0|  16|           1|          16|
    |select_ln58_3838_fu_17632_p3  |    select|   0|  0|  16|           1|          15|
    |select_ln58_3839_fu_17640_p3  |    select|   0|  0|  17|           1|          17|
    |select_ln58_3840_fu_17648_p3  |    select|   0|  0|  16|           1|          16|
    |select_ln58_3841_fu_17733_p3  |    select|   0|  0|  16|           1|          15|
    |select_ln58_3842_fu_17741_p3  |    select|   0|  0|  17|           1|          17|
    |select_ln58_3843_fu_17749_p3  |    select|   0|  0|  16|           1|          16|
    |select_ln58_3844_fu_17834_p3  |    select|   0|  0|  16|           1|          15|
    |select_ln58_3845_fu_17842_p3  |    select|   0|  0|  17|           1|          17|
    |select_ln58_3846_fu_17850_p3  |    select|   0|  0|  16|           1|          16|
    |select_ln58_3847_fu_18054_p3  |    select|   0|  0|  16|           1|          15|
    |select_ln58_3848_fu_18062_p3  |    select|   0|  0|  17|           1|          17|
    |select_ln58_3849_fu_18070_p3  |    select|   0|  0|  16|           1|          16|
    |select_ln58_3850_fu_18114_p3  |    select|   0|  0|  16|           1|          15|
    |select_ln58_3851_fu_18121_p3  |    select|   0|  0|  17|           1|          17|
    |select_ln58_3852_fu_18128_p3  |    select|   0|  0|  16|           1|          16|
    |select_ln58_3853_fu_18213_p3  |    select|   0|  0|  16|           1|          15|
    |select_ln58_3854_fu_18221_p3  |    select|   0|  0|  17|           1|          17|
    |select_ln58_3855_fu_18229_p3  |    select|   0|  0|  16|           1|          16|
    |select_ln58_3856_fu_16423_p3  |    select|   0|  0|  16|           1|          15|
    |select_ln58_3857_fu_16431_p3  |    select|   0|  0|  17|           1|          17|
    |select_ln58_3858_fu_16439_p3  |    select|   0|  0|  16|           1|          16|
    |select_ln58_3859_fu_18314_p3  |    select|   0|  0|  16|           1|          15|
    |select_ln58_3860_fu_18322_p3  |    select|   0|  0|  17|           1|          17|
    |select_ln58_3861_fu_18330_p3  |    select|   0|  0|  16|           1|          16|
    |select_ln58_3862_fu_18415_p3  |    select|   0|  0|  16|           1|          15|
    |select_ln58_3863_fu_18423_p3  |    select|   0|  0|  17|           1|          17|
    |select_ln58_3864_fu_18431_p3  |    select|   0|  0|  16|           1|          16|
    |select_ln58_3865_fu_18475_p3  |    select|   0|  0|  16|           1|          15|
    |select_ln58_3866_fu_18482_p3  |    select|   0|  0|  17|           1|          17|
    |select_ln58_3867_fu_18489_p3  |    select|   0|  0|  16|           1|          16|
    |select_ln58_3868_fu_18533_p3  |    select|   0|  0|  16|           1|          15|
    |select_ln58_3869_fu_18540_p3  |    select|   0|  0|  17|           1|          17|
    |select_ln58_3870_fu_18547_p3  |    select|   0|  0|  16|           1|          16|
    |select_ln58_3871_fu_18632_p3  |    select|   0|  0|  16|           1|          15|
    |select_ln58_3872_fu_18640_p3  |    select|   0|  0|  17|           1|          17|
    |select_ln58_3873_fu_18648_p3  |    select|   0|  0|  16|           1|          16|
    |select_ln58_fu_13692_p3       |    select|   0|  0|  16|           1|          15|
    |xor_ln58_5007_fu_13662_p2     |       xor|   0|  0|   2|           1|           2|
    |xor_ln58_5008_fu_13674_p2     |       xor|   0|  0|   2|           1|           1|
    |xor_ln58_5009_fu_13680_p2     |       xor|   0|  0|   2|           1|           2|
    |xor_ln58_5010_fu_13754_p2     |       xor|   0|  0|   2|           1|           2|
    |xor_ln58_5011_fu_13766_p2     |       xor|   0|  0|   2|           1|           2|
    |xor_ln58_5012_fu_13778_p2     |       xor|   0|  0|   2|           1|           1|
    |xor_ln58_5013_fu_13784_p2     |       xor|   0|  0|   2|           1|           2|
    |xor_ln58_5014_fu_14994_p2     |       xor|   0|  0|   2|           1|           2|
    |xor_ln58_5015_fu_15004_p2     |       xor|   0|  0|   2|           1|           2|
    |xor_ln58_5016_fu_15014_p2     |       xor|   0|  0|   2|           1|           1|
    |xor_ln58_5017_fu_15018_p2     |       xor|   0|  0|   2|           1|           2|
    |xor_ln58_5018_fu_13927_p2     |       xor|   0|  0|   2|           1|           2|
    |xor_ln58_5019_fu_13939_p2     |       xor|   0|  0|   2|           1|           2|
    |xor_ln58_5020_fu_13951_p2     |       xor|   0|  0|   2|           1|           1|
    |xor_ln58_5021_fu_13957_p2     |       xor|   0|  0|   2|           1|           2|
    |xor_ln58_5022_fu_15087_p2     |       xor|   0|  0|   2|           1|           2|
    |xor_ln58_5023_fu_15099_p2     |       xor|   0|  0|   2|           1|           2|
    |xor_ln58_5024_fu_15111_p2     |       xor|   0|  0|   2|           1|           1|
    |xor_ln58_5025_fu_15117_p2     |       xor|   0|  0|   2|           1|           2|
    |xor_ln58_5026_fu_15188_p2     |       xor|   0|  0|   2|           1|           2|
    |xor_ln58_5027_fu_15200_p2     |       xor|   0|  0|   2|           1|           2|
    |xor_ln58_5028_fu_15212_p2     |       xor|   0|  0|   2|           1|           1|
    |xor_ln58_5029_fu_15218_p2     |       xor|   0|  0|   2|           1|           2|
    |xor_ln58_5030_fu_14053_p2     |       xor|   0|  0|   2|           1|           2|
    |xor_ln58_5031_fu_14065_p2     |       xor|   0|  0|   2|           1|           2|
    |xor_ln58_5032_fu_14077_p2     |       xor|   0|  0|   2|           1|           1|
    |xor_ln58_5033_fu_14083_p2     |       xor|   0|  0|   2|           1|           2|
    |xor_ln58_5034_fu_14154_p2     |       xor|   0|  0|   2|           1|           2|
    |xor_ln58_5035_fu_14166_p2     |       xor|   0|  0|   2|           1|           2|
    |xor_ln58_5036_fu_14178_p2     |       xor|   0|  0|   2|           1|           1|
    |xor_ln58_5037_fu_14184_p2     |       xor|   0|  0|   2|           1|           2|
    |xor_ln58_5038_fu_15289_p2     |       xor|   0|  0|   2|           1|           2|
    |xor_ln58_5039_fu_15301_p2     |       xor|   0|  0|   2|           1|           2|
    |xor_ln58_5040_fu_15313_p2     |       xor|   0|  0|   2|           1|           1|
    |xor_ln58_5041_fu_15319_p2     |       xor|   0|  0|   2|           1|           2|
    |xor_ln58_5042_fu_14255_p2     |       xor|   0|  0|   2|           1|           2|
    |xor_ln58_5043_fu_14267_p2     |       xor|   0|  0|   2|           1|           2|
    |xor_ln58_5044_fu_14279_p2     |       xor|   0|  0|   2|           1|           1|
    |xor_ln58_5045_fu_14285_p2     |       xor|   0|  0|   2|           1|           2|
    |xor_ln58_5046_fu_15355_p2     |       xor|   0|  0|   2|           1|           2|
    |xor_ln58_5047_fu_15365_p2     |       xor|   0|  0|   2|           1|           2|
    |xor_ln58_5048_fu_15375_p2     |       xor|   0|  0|   2|           1|           1|
    |xor_ln58_5049_fu_15379_p2     |       xor|   0|  0|   2|           1|           2|
    |xor_ln58_5050_fu_15413_p2     |       xor|   0|  0|   2|           1|           2|
    |xor_ln58_5051_fu_15423_p2     |       xor|   0|  0|   2|           1|           2|
    |xor_ln58_5052_fu_15433_p2     |       xor|   0|  0|   2|           1|           1|
    |xor_ln58_5053_fu_15437_p2     |       xor|   0|  0|   2|           1|           2|
    |xor_ln58_5054_fu_15509_p2     |       xor|   0|  0|   2|           1|           2|
    |xor_ln58_5055_fu_15521_p2     |       xor|   0|  0|   2|           1|           2|
    |xor_ln58_5056_fu_15533_p2     |       xor|   0|  0|   2|           1|           1|
    |xor_ln58_5057_fu_15539_p2     |       xor|   0|  0|   2|           1|           2|
    |xor_ln58_5058_fu_15609_p2     |       xor|   0|  0|   2|           1|           2|
    |xor_ln58_5059_fu_15621_p2     |       xor|   0|  0|   2|           1|           2|
    |xor_ln58_5060_fu_15633_p2     |       xor|   0|  0|   2|           1|           1|
    |xor_ln58_5061_fu_15639_p2     |       xor|   0|  0|   2|           1|           2|
    |xor_ln58_5062_fu_15710_p2     |       xor|   0|  0|   2|           1|           2|
    |xor_ln58_5063_fu_15722_p2     |       xor|   0|  0|   2|           1|           2|
    |xor_ln58_5064_fu_15734_p2     |       xor|   0|  0|   2|           1|           1|
    |xor_ln58_5065_fu_15740_p2     |       xor|   0|  0|   2|           1|           2|
    |xor_ln58_5066_fu_17012_p2     |       xor|   0|  0|   2|           1|           2|
    |xor_ln58_5067_fu_17024_p2     |       xor|   0|  0|   2|           1|           2|
    |xor_ln58_5068_fu_17036_p2     |       xor|   0|  0|   2|           1|           1|
    |xor_ln58_5069_fu_17042_p2     |       xor|   0|  0|   2|           1|           2|
    |xor_ln58_5070_fu_14434_p2     |       xor|   0|  0|   2|           1|           2|
    |xor_ln58_5071_fu_14446_p2     |       xor|   0|  0|   2|           1|           2|
    |xor_ln58_5072_fu_14458_p2     |       xor|   0|  0|   2|           1|           1|
    |xor_ln58_5073_fu_14464_p2     |       xor|   0|  0|   2|           1|           2|
    |xor_ln58_5074_fu_17113_p2     |       xor|   0|  0|   2|           1|           2|
    |xor_ln58_5075_fu_17125_p2     |       xor|   0|  0|   2|           1|           2|
    |xor_ln58_5076_fu_17137_p2     |       xor|   0|  0|   2|           1|           1|
    |xor_ln58_5077_fu_17143_p2     |       xor|   0|  0|   2|           1|           2|
    |xor_ln58_5078_fu_15776_p2     |       xor|   0|  0|   2|           1|           2|
    |xor_ln58_5079_fu_15786_p2     |       xor|   0|  0|   2|           1|           2|
    |xor_ln58_5080_fu_15796_p2     |       xor|   0|  0|   2|           1|           1|
    |xor_ln58_5081_fu_15800_p2     |       xor|   0|  0|   2|           1|           2|
    |xor_ln58_5082_fu_15869_p2     |       xor|   0|  0|   2|           1|           2|
    |xor_ln58_5083_fu_15881_p2     |       xor|   0|  0|   2|           1|           2|
    |xor_ln58_5084_fu_15893_p2     |       xor|   0|  0|   2|           1|           1|
    |xor_ln58_5085_fu_15899_p2     |       xor|   0|  0|   2|           1|           2|
    |xor_ln58_5086_fu_15970_p2     |       xor|   0|  0|   2|           1|           2|
    |xor_ln58_5087_fu_15982_p2     |       xor|   0|  0|   2|           1|           2|
    |xor_ln58_5088_fu_15994_p2     |       xor|   0|  0|   2|           1|           1|
    |xor_ln58_5089_fu_16000_p2     |       xor|   0|  0|   2|           1|           2|
    |xor_ln58_5090_fu_16071_p2     |       xor|   0|  0|   2|           1|           2|
    |xor_ln58_5091_fu_16083_p2     |       xor|   0|  0|   2|           1|           2|
    |xor_ln58_5092_fu_16095_p2     |       xor|   0|  0|   2|           1|           1|
    |xor_ln58_5093_fu_16101_p2     |       xor|   0|  0|   2|           1|           2|
    |xor_ln58_5094_fu_16172_p2     |       xor|   0|  0|   2|           1|           2|
    |xor_ln58_5095_fu_16184_p2     |       xor|   0|  0|   2|           1|           2|
    |xor_ln58_5096_fu_16196_p2     |       xor|   0|  0|   2|           1|           1|
    |xor_ln58_5097_fu_16202_p2     |       xor|   0|  0|   2|           1|           2|
    |xor_ln58_5098_fu_17179_p2     |       xor|   0|  0|   2|           1|           2|
    |xor_ln58_5099_fu_17189_p2     |       xor|   0|  0|   2|           1|           2|
    |xor_ln58_5100_fu_17199_p2     |       xor|   0|  0|   2|           1|           1|
    |xor_ln58_5101_fu_17203_p2     |       xor|   0|  0|   2|           1|           2|
    |xor_ln58_5102_fu_17237_p2     |       xor|   0|  0|   2|           1|           2|
    |xor_ln58_5103_fu_17247_p2     |       xor|   0|  0|   2|           1|           2|
    |xor_ln58_5104_fu_17257_p2     |       xor|   0|  0|   2|           1|           1|
    |xor_ln58_5105_fu_17261_p2     |       xor|   0|  0|   2|           1|           2|
    |xor_ln58_5106_fu_17295_p2     |       xor|   0|  0|   2|           1|           2|
    |xor_ln58_5107_fu_17305_p2     |       xor|   0|  0|   2|           1|           2|
    |xor_ln58_5108_fu_17315_p2     |       xor|   0|  0|   2|           1|           1|
    |xor_ln58_5109_fu_17319_p2     |       xor|   0|  0|   2|           1|           2|
    |xor_ln58_5110_fu_17388_p2     |       xor|   0|  0|   2|           1|           2|
    |xor_ln58_5111_fu_17400_p2     |       xor|   0|  0|   2|           1|           2|
    |xor_ln58_5112_fu_17412_p2     |       xor|   0|  0|   2|           1|           1|
    |xor_ln58_5113_fu_17418_p2     |       xor|   0|  0|   2|           1|           2|
    |xor_ln58_5114_fu_17489_p2     |       xor|   0|  0|   2|           1|           2|
    |xor_ln58_5115_fu_17501_p2     |       xor|   0|  0|   2|           1|           2|
    |xor_ln58_5116_fu_17513_p2     |       xor|   0|  0|   2|           1|           1|
    |xor_ln58_5117_fu_17519_p2     |       xor|   0|  0|   2|           1|           2|
    |xor_ln58_5118_fu_17590_p2     |       xor|   0|  0|   2|           1|           2|
    |xor_ln58_5119_fu_17602_p2     |       xor|   0|  0|   2|           1|           2|
    |xor_ln58_5120_fu_17614_p2     |       xor|   0|  0|   2|           1|           1|
    |xor_ln58_5121_fu_17620_p2     |       xor|   0|  0|   2|           1|           2|
    |xor_ln58_5122_fu_17691_p2     |       xor|   0|  0|   2|           1|           2|
    |xor_ln58_5123_fu_17703_p2     |       xor|   0|  0|   2|           1|           2|
    |xor_ln58_5124_fu_17715_p2     |       xor|   0|  0|   2|           1|           1|
    |xor_ln58_5125_fu_17721_p2     |       xor|   0|  0|   2|           1|           2|
    |xor_ln58_5126_fu_17792_p2     |       xor|   0|  0|   2|           1|           2|
    |xor_ln58_5127_fu_17804_p2     |       xor|   0|  0|   2|           1|           2|
    |xor_ln58_5128_fu_17816_p2     |       xor|   0|  0|   2|           1|           1|
    |xor_ln58_5129_fu_17822_p2     |       xor|   0|  0|   2|           1|           2|
    |xor_ln58_5130_fu_18012_p2     |       xor|   0|  0|   2|           1|           2|
    |xor_ln58_5131_fu_18024_p2     |       xor|   0|  0|   2|           1|           2|
    |xor_ln58_5132_fu_18036_p2     |       xor|   0|  0|   2|           1|           1|
    |xor_ln58_5133_fu_18042_p2     |       xor|   0|  0|   2|           1|           2|
    |xor_ln58_5134_fu_18078_p2     |       xor|   0|  0|   2|           1|           2|
    |xor_ln58_5135_fu_18088_p2     |       xor|   0|  0|   2|           1|           2|
    |xor_ln58_5136_fu_18098_p2     |       xor|   0|  0|   2|           1|           1|
    |xor_ln58_5137_fu_18102_p2     |       xor|   0|  0|   2|           1|           2|
    |xor_ln58_5138_fu_18171_p2     |       xor|   0|  0|   2|           1|           2|
    |xor_ln58_5139_fu_18183_p2     |       xor|   0|  0|   2|           1|           2|
    |xor_ln58_5140_fu_18195_p2     |       xor|   0|  0|   2|           1|           1|
    |xor_ln58_5141_fu_18201_p2     |       xor|   0|  0|   2|           1|           2|
    |xor_ln58_5142_fu_16381_p2     |       xor|   0|  0|   2|           1|           2|
    |xor_ln58_5143_fu_16393_p2     |       xor|   0|  0|   2|           1|           2|
    |xor_ln58_5144_fu_16405_p2     |       xor|   0|  0|   2|           1|           1|
    |xor_ln58_5145_fu_16411_p2     |       xor|   0|  0|   2|           1|           2|
    |xor_ln58_5146_fu_18272_p2     |       xor|   0|  0|   2|           1|           2|
    |xor_ln58_5147_fu_18284_p2     |       xor|   0|  0|   2|           1|           2|
    |xor_ln58_5148_fu_18296_p2     |       xor|   0|  0|   2|           1|           1|
    |xor_ln58_5149_fu_18302_p2     |       xor|   0|  0|   2|           1|           2|
    |xor_ln58_5150_fu_18373_p2     |       xor|   0|  0|   2|           1|           2|
    |xor_ln58_5151_fu_18385_p2     |       xor|   0|  0|   2|           1|           2|
    |xor_ln58_5152_fu_18397_p2     |       xor|   0|  0|   2|           1|           1|
    |xor_ln58_5153_fu_18403_p2     |       xor|   0|  0|   2|           1|           2|
    |xor_ln58_5154_fu_18439_p2     |       xor|   0|  0|   2|           1|           2|
    |xor_ln58_5155_fu_18449_p2     |       xor|   0|  0|   2|           1|           2|
    |xor_ln58_5156_fu_18459_p2     |       xor|   0|  0|   2|           1|           1|
    |xor_ln58_5157_fu_18463_p2     |       xor|   0|  0|   2|           1|           2|
    |xor_ln58_5158_fu_18497_p2     |       xor|   0|  0|   2|           1|           2|
    |xor_ln58_5159_fu_18507_p2     |       xor|   0|  0|   2|           1|           2|
    |xor_ln58_5160_fu_18517_p2     |       xor|   0|  0|   2|           1|           1|
    |xor_ln58_5161_fu_18521_p2     |       xor|   0|  0|   2|           1|           2|
    |xor_ln58_5162_fu_18590_p2     |       xor|   0|  0|   2|           1|           2|
    |xor_ln58_5163_fu_18602_p2     |       xor|   0|  0|   2|           1|           2|
    |xor_ln58_5164_fu_18614_p2     |       xor|   0|  0|   2|           1|           1|
    |xor_ln58_5165_fu_18620_p2     |       xor|   0|  0|   2|           1|           2|
    |xor_ln58_fu_13650_p2          |       xor|   0|  0|   2|           1|           2|
    +------------------------------+----------+----+---+----+------------+------------+
    |Total                         |          |   0|  0|8913|        4891|        5595|
    +------------------------------+----------+----+---+----+------------+------------+

    * Multiplexer: 
    +-------------+----+-----------+-----+-----------+
    |     Name    | LUT| Input Size| Bits| Total Bits|
    +-------------+----+-----------+-----+-----------+
    |ap_return_0  |  14|          3|   16|         48|
    |ap_return_1  |  14|          3|   16|         48|
    |ap_return_2  |  14|          3|   16|         48|
    |ap_return_3  |  14|          3|   16|         48|
    |ap_return_4  |  14|          3|   16|         48|
    +-------------+----+-----------+-----+-----------+
    |Total        |  70|         15|   80|        240|
    +-------------+----+-----------+-----+-----------+

    * Register: 
    +------------------------------------------+----+----+-----+-----------+
    |                   Name                   | FF | LUT| Bits| Const Bits|
    +------------------------------------------+----+----+-----+-----------+
    |add_ln58_1544_reg_18894                   |  14|   0|   14|          0|
    |add_ln58_1553_reg_18915                   |  12|   0|   12|          0|
    |add_ln58_1570_reg_19022                   |  13|   0|   13|          0|
    |add_ln58_2248_reg_18900                   |  10|   0|   10|          0|
    |add_ln58_2256_reg_18905                   |  13|   0|   13|          0|
    |add_ln58_2267_reg_18910                   |  12|   0|   12|          0|
    |add_ln58_2268_reg_18969                   |  16|   0|   16|          0|
    |add_ln58_2276_reg_18989                   |  16|   0|   16|          0|
    |add_ln58_2277_reg_19009                   |  16|   0|   16|          0|
    |add_ln58_2284_reg_19035                   |  16|   0|   16|          0|
    |add_ln58_2289_reg_19079                   |  16|   0|   16|          0|
    |add_ln58_2290_reg_19099                   |  16|   0|   16|          0|
    |add_ln58_2291_reg_19119                   |  16|   0|   16|          0|
    |add_ln58_2298_reg_19180                   |  16|   0|   16|          0|
    |add_ln58_2303_reg_19200                   |  16|   0|   16|          0|
    |add_ln58_2304_reg_19220                   |  16|   0|   16|          0|
    |ap_ce_reg                                 |   1|   0|    1|          0|
    |ap_return_0_int_reg                       |  16|   0|   16|          0|
    |ap_return_1_int_reg                       |  16|   0|   16|          0|
    |ap_return_2_int_reg                       |  16|   0|   16|          0|
    |ap_return_3_int_reg                       |  16|   0|   16|          0|
    |ap_return_4_int_reg                       |  16|   0|   16|          0|
    |data_0_val_int_reg                        |  16|   0|   16|          0|
    |data_10_val_int_reg                       |  16|   0|   16|          0|
    |data_12_val_int_reg                       |  16|   0|   16|          0|
    |data_13_val_int_reg                       |  16|   0|   16|          0|
    |data_14_val_int_reg                       |  16|   0|   16|          0|
    |data_15_val_int_reg                       |  16|   0|   16|          0|
    |data_16_val_int_reg                       |  16|   0|   16|          0|
    |data_17_val_int_reg                       |  16|   0|   16|          0|
    |data_17_val_read_reg_18745                |  16|   0|   16|          0|
    |data_18_val_int_reg                       |  16|   0|   16|          0|
    |data_18_val_read_reg_18738                |  16|   0|   16|          0|
    |data_19_val_int_reg                       |  16|   0|   16|          0|
    |data_1_val_int_reg                        |  16|   0|   16|          0|
    |data_20_val_int_reg                       |  16|   0|   16|          0|
    |data_21_val_int_reg                       |  16|   0|   16|          0|
    |data_21_val_read_reg_18732                |  16|   0|   16|          0|
    |data_22_val_int_reg                       |  16|   0|   16|          0|
    |data_22_val_read_reg_18726                |  16|   0|   16|          0|
    |data_23_val_int_reg                       |  16|   0|   16|          0|
    |data_23_val_read_reg_18721                |  16|   0|   16|          0|
    |data_24_val_int_reg                       |  16|   0|   16|          0|
    |data_24_val_read_reg_18715                |  16|   0|   16|          0|
    |data_24_val_read_reg_18715_pp0_iter1_reg  |  16|   0|   16|          0|
    |data_25_val_int_reg                       |  16|   0|   16|          0|
    |data_25_val_read_reg_18706                |  16|   0|   16|          0|
    |data_25_val_read_reg_18706_pp0_iter1_reg  |  16|   0|   16|          0|
    |data_26_val_int_reg                       |  16|   0|   16|          0|
    |data_27_val_int_reg                       |  16|   0|   16|          0|
    |data_28_val_int_reg                       |  16|   0|   16|          0|
    |data_28_val_read_reg_18699                |  16|   0|   16|          0|
    |data_29_val_int_reg                       |  16|   0|   16|          0|
    |data_2_val_int_reg                        |  16|   0|   16|          0|
    |data_30_val_int_reg                       |  16|   0|   16|          0|
    |data_30_val_read_reg_18691                |  16|   0|   16|          0|
    |data_31_val_int_reg                       |  16|   0|   16|          0|
    |data_31_val_read_reg_18685                |  16|   0|   16|          0|
    |data_3_val_int_reg                        |  16|   0|   16|          0|
    |data_4_val_int_reg                        |  16|   0|   16|          0|
    |data_5_val_int_reg                        |  16|   0|   16|          0|
    |data_6_val_int_reg                        |  16|   0|   16|          0|
    |data_7_val_int_reg                        |  16|   0|   16|          0|
    |data_8_val_int_reg                        |  16|   0|   16|          0|
    |data_8_val_read_reg_18752                 |  16|   0|   16|          0|
    |data_9_val_int_reg                        |  16|   0|   16|          0|
    |mult_1390_reg_18758                       |  12|   0|   12|          0|
    |mult_1391_reg_18764                       |  12|   0|   12|          0|
    |mult_1393_reg_18770                       |  12|   0|   12|          0|
    |mult_1394_reg_18775                       |  10|   0|   10|          0|
    |mult_1397_reg_18780                       |  12|   0|   12|          0|
    |mult_1398_reg_18786                       |  12|   0|   12|          0|
    |mult_1398_reg_18786_pp0_iter1_reg         |  12|   0|   12|          0|
    |mult_1399_reg_18792                       |  10|   0|   10|          0|
    |mult_1400_reg_18797                       |  10|   0|   10|          0|
    |mult_1401_reg_18802                       |  12|   0|   12|          0|
    |mult_1401_reg_18802_pp0_iter1_reg         |  12|   0|   12|          0|
    |mult_1402_reg_18808                       |   6|   0|    6|          0|
    |mult_1403_reg_18813                       |  11|   0|   11|          0|
    |mult_1404_reg_18819                       |  12|   0|   12|          0|
    |mult_1405_reg_18825                       |  12|   0|   12|          0|
    |mult_1405_reg_18825_pp0_iter1_reg         |  12|   0|   12|          0|
    |mult_1406_reg_18831                       |  12|   0|   12|          0|
    |mult_1410_reg_18920                       |  12|   0|   12|          0|
    |mult_1411_reg_18926                       |  12|   0|   12|          0|
    |mult_1412_reg_18842                       |  12|   0|   12|          0|
    |mult_1412_reg_18842_pp0_iter1_reg         |  12|   0|   12|          0|
    |mult_1413_reg_18848                       |  12|   0|   12|          0|
    |mult_1414_reg_18854                       |  11|   0|   11|          0|
    |mult_1415_reg_18932                       |   9|   0|    9|          0|
    |mult_1415_reg_18932_pp0_iter2_reg         |   9|   0|    9|          0|
    |mult_1417_reg_18938                       |  12|   0|   12|          0|
    |mult_1418_reg_18944                       |   8|   0|    8|          0|
    |mult_1419_reg_18950                       |  11|   0|   11|          0|
    |mult_1420_reg_18956                       |  10|   0|   10|          0|
    |mult_1424_reg_19048                       |  10|   0|   10|          0|
    |mult_1425_reg_19054                       |  12|   0|   12|          0|
    |mult_1426_reg_19060                       |  10|   0|   10|          0|
    |mult_1427_reg_18865                       |  12|   0|   12|          0|
    |mult_1428_reg_18871                       |   8|   0|    8|          0|
    |mult_1429_reg_18877                       |  12|   0|   12|          0|
    |mult_1431_reg_19138                       |  12|   0|   12|          0|
    |mult_1432_reg_18888                       |  12|   0|   12|          0|
    |mult_1432_reg_18888_pp0_iter1_reg         |  12|   0|   12|          0|
    |mult_1433_reg_19144                       |   9|   0|    9|          0|
    |mult_1434_reg_19150                       |  12|   0|   12|          0|
    |mult_1437_reg_19156                       |   9|   0|    9|          0|
    |select_ln58_3780_reg_19066                |  16|   0|   16|          0|
    |select_ln58_3837_reg_19162                |  16|   0|   16|          0|
    |select_ln58_3846_reg_19168                |  16|   0|   16|          0|
    |select_ln58_3858_reg_19132                |  16|   0|   16|          0|
    |tmp_5690_reg_18962                        |   1|   0|    1|          0|
    |tmp_5691_reg_18975                        |   1|   0|    1|          0|
    |tmp_5706_reg_18982                        |   1|   0|    1|          0|
    |tmp_5707_reg_18995                        |   1|   0|    1|          0|
    |tmp_5708_reg_19002                        |   1|   0|    1|          0|
    |tmp_5709_reg_19015                        |   1|   0|    1|          0|
    |tmp_5722_reg_19028                        |   1|   0|    1|          0|
    |tmp_5723_reg_19041                        |   1|   0|    1|          0|
    |tmp_5732_reg_19072                        |   1|   0|    1|          0|
    |tmp_5733_reg_19085                        |   1|   0|    1|          0|
    |tmp_5734_reg_19092                        |   1|   0|    1|          0|
    |tmp_5735_reg_19105                        |   1|   0|    1|          0|
    |tmp_5736_reg_19112                        |   1|   0|    1|          0|
    |tmp_5737_reg_19125                        |   1|   0|    1|          0|
    |tmp_5750_reg_19173                        |   1|   0|    1|          0|
    |tmp_5751_reg_19186                        |   1|   0|    1|          0|
    |tmp_5760_reg_19193                        |   1|   0|    1|          0|
    |tmp_5761_reg_19206                        |   1|   0|    1|          0|
    |tmp_5762_reg_19213                        |   1|   0|    1|          0|
    |tmp_5763_reg_19226                        |   1|   0|    1|          0|
    |trunc_ln73_82_reg_18837                   |   6|   0|    6|          0|
    |trunc_ln73_85_reg_18860                   |   6|   0|    6|          0|
    |trunc_ln73_85_reg_18860_pp0_iter1_reg     |   6|   0|    6|          0|
    |trunc_ln73_88_reg_18883                   |   6|   0|    6|          0|
    |data_28_val_read_reg_18699                |  64|  32|   16|          0|
    |data_30_val_read_reg_18691                |  64|  32|   16|          0|
    |data_31_val_read_reg_18685                |  64|  32|   16|          0|
    |mult_1413_reg_18848                       |  64|  32|   12|          0|
    |mult_1427_reg_18865                       |  64|  32|   12|          0|
    |mult_1428_reg_18871                       |  64|  32|    8|          0|
    |mult_1429_reg_18877                       |  64|  32|   12|          0|
    |trunc_ln73_88_reg_18883                   |  64|  32|    6|          0|
    +------------------------------------------+----+----+-----+-----------+
    |Total                                     |2090| 256| 1676|          0|
    +------------------------------------------+----+----+-----+-----------+



================================================================
== Interface
================================================================
* Summary: 
+-------------+-----+-----+------------+--------------------------------------------------------------------+--------------+
|  RTL Ports  | Dir | Bits|  Protocol  |                            Source Object                           |    C Type    |
+-------------+-----+-----+------------+--------------------------------------------------------------------+--------------+
|ap_clk       |   in|    1|  ap_ctrl_hs|  dense_latency<ap_ufixed,ap_fixed<16,6,4,0,0>,PARAMEST_NN_config12>|  return value|
|ap_rst       |   in|    1|  ap_ctrl_hs|  dense_latency<ap_ufixed,ap_fixed<16,6,4,0,0>,PARAMEST_NN_config12>|  return value|
|ap_return_0  |  out|   16|  ap_ctrl_hs|  dense_latency<ap_ufixed,ap_fixed<16,6,4,0,0>,PARAMEST_NN_config12>|  return value|
|ap_return_1  |  out|   16|  ap_ctrl_hs|  dense_latency<ap_ufixed,ap_fixed<16,6,4,0,0>,PARAMEST_NN_config12>|  return value|
|ap_return_2  |  out|   16|  ap_ctrl_hs|  dense_latency<ap_ufixed,ap_fixed<16,6,4,0,0>,PARAMEST_NN_config12>|  return value|
|ap_return_3  |  out|   16|  ap_ctrl_hs|  dense_latency<ap_ufixed,ap_fixed<16,6,4,0,0>,PARAMEST_NN_config12>|  return value|
|ap_return_4  |  out|   16|  ap_ctrl_hs|  dense_latency<ap_ufixed,ap_fixed<16,6,4,0,0>,PARAMEST_NN_config12>|  return value|
|ap_ce        |   in|    1|  ap_ctrl_hs|  dense_latency<ap_ufixed,ap_fixed<16,6,4,0,0>,PARAMEST_NN_config12>|  return value|
|data_0_val   |   in|   16|     ap_none|                                                          data_0_val|        scalar|
|data_1_val   |   in|   16|     ap_none|                                                          data_1_val|        scalar|
|data_2_val   |   in|   16|     ap_none|                                                          data_2_val|        scalar|
|data_3_val   |   in|   16|     ap_none|                                                          data_3_val|        scalar|
|data_4_val   |   in|   16|     ap_none|                                                          data_4_val|        scalar|
|data_5_val   |   in|   16|     ap_none|                                                          data_5_val|        scalar|
|data_6_val   |   in|   16|     ap_none|                                                          data_6_val|        scalar|
|data_7_val   |   in|   16|     ap_none|                                                          data_7_val|        scalar|
|data_8_val   |   in|   16|     ap_none|                                                          data_8_val|        scalar|
|data_9_val   |   in|   16|     ap_none|                                                          data_9_val|        scalar|
|data_10_val  |   in|   16|     ap_none|                                                         data_10_val|        scalar|
|data_12_val  |   in|   16|     ap_none|                                                         data_12_val|        scalar|
|data_13_val  |   in|   16|     ap_none|                                                         data_13_val|        scalar|
|data_14_val  |   in|   16|     ap_none|                                                         data_14_val|        scalar|
|data_15_val  |   in|   16|     ap_none|                                                         data_15_val|        scalar|
|data_16_val  |   in|   16|     ap_none|                                                         data_16_val|        scalar|
|data_17_val  |   in|   16|     ap_none|                                                         data_17_val|        scalar|
|data_18_val  |   in|   16|     ap_none|                                                         data_18_val|        scalar|
|data_19_val  |   in|   16|     ap_none|                                                         data_19_val|        scalar|
|data_20_val  |   in|   16|     ap_none|                                                         data_20_val|        scalar|
|data_21_val  |   in|   16|     ap_none|                                                         data_21_val|        scalar|
|data_22_val  |   in|   16|     ap_none|                                                         data_22_val|        scalar|
|data_23_val  |   in|   16|     ap_none|                                                         data_23_val|        scalar|
|data_24_val  |   in|   16|     ap_none|                                                         data_24_val|        scalar|
|data_25_val  |   in|   16|     ap_none|                                                         data_25_val|        scalar|
|data_26_val  |   in|   16|     ap_none|                                                         data_26_val|        scalar|
|data_27_val  |   in|   16|     ap_none|                                                         data_27_val|        scalar|
|data_28_val  |   in|   16|     ap_none|                                                         data_28_val|        scalar|
|data_29_val  |   in|   16|     ap_none|                                                         data_29_val|        scalar|
|data_30_val  |   in|   16|     ap_none|                                                         data_30_val|        scalar|
|data_31_val  |   in|   16|     ap_none|                                                         data_31_val|        scalar|
+-------------+-----+-----+------------+--------------------------------------------------------------------+--------------+

