

================================================================
== Vitis HLS Report for 'hard_tanh_ap_fixed_ap_fixed_8_1_4_0_0_PARAMEST_NN_hard_tanh_config14_s'
================================================================
* Date:           Sun Apr 13 13:13:54 2025

* Version:        2023.1 (Build 3854077 on May  4 2023)
* Project:        ParamEst_NN_prj
* Solution:       solution1 (Vivado IP Flow Target)
* Product family: virtexuplus
* Target device:  xcu250-figd2104-2L-e


================================================================
== Performance Estimates
================================================================
+ Timing: 
    * Summary: 
    +--------+---------+----------+------------+
    |  Clock |  Target | Estimated| Uncertainty|
    +--------+---------+----------+------------+
    |ap_clk  |  5.00 ns|  4.330 ns|     0.62 ns|
    +--------+---------+----------+------------+

+ Latency: 
    * Summary: 
    +---------+---------+----------+----------+-----+-----+---------+
    |  Latency (cycles) |  Latency (absolute) |  Interval | Pipeline|
    |   min   |   max   |    min   |    max   | min | max |   Type  |
    +---------+---------+----------+----------+-----+-----+---------+
    |        1|        1|  5.000 ns|  5.000 ns|    1|    1|      yes|
    +---------+---------+----------+----------+-----+-----+---------+

    + Detail: 
        * Instance: 
        N/A

        * Loop: 
        N/A



================================================================
== Utilization Estimates
================================================================
* Summary: 
+---------------------+---------+-------+---------+---------+------+
|         Name        | BRAM_18K|  DSP  |    FF   |   LUT   | URAM |
+---------------------+---------+-------+---------+---------+------+
|DSP                  |        -|      -|        -|        -|     -|
|Expression           |        -|      -|        0|     1055|     -|
|FIFO                 |        -|      -|        -|        -|     -|
|Instance             |        -|      -|        -|        -|     -|
|Memory               |        -|      -|        -|        -|     -|
|Multiplexer          |        -|      -|        -|       70|     -|
|Register             |        -|      -|      111|        -|     -|
+---------------------+---------+-------+---------+---------+------+
|Total                |        0|      0|      111|     1125|     0|
+---------------------+---------+-------+---------+---------+------+
|Available SLR        |     1344|   3072|   864000|   432000|   320|
+---------------------+---------+-------+---------+---------+------+
|Utilization SLR (%)  |        0|      0|       ~0|       ~0|     0|
+---------------------+---------+-------+---------+---------+------+
|Available            |     5376|  12288|  3456000|  1728000|  1280|
+---------------------+---------+-------+---------+---------+------+
|Utilization (%)      |        0|      0|       ~0|       ~0|     0|
+---------------------+---------+-------+---------+---------+------+

+ Detail: 
    * Instance: 
    N/A

    * DSP: 
    N/A

    * Memory: 
    N/A

    * FIFO: 
    N/A

    * Expression: 
    +----------------------------+----------+----+---+----+------------+------------+
    |        Variable Name       | Operation| DSP| FF| LUT| Bitwidth P0| Bitwidth P1|
    +----------------------------+----------+----+---+----+------------+------------+
    |add_ln468_2_fu_124_p2       |         +|   0|  0|  20|          13|          12|
    |add_ln468_5_fu_556_p2       |         +|   0|  0|  20|          13|          12|
    |add_ln468_7_fu_772_p2       |         +|   0|  0|  20|          13|          12|
    |add_ln468_8_fu_988_p2       |         +|   0|  0|  20|          13|          12|
    |add_ln468_fu_340_p2         |         +|   0|  0|  20|          13|          12|
    |add_ln473_1_fu_250_p2       |         +|   0|  0|  15|           8|           8|
    |add_ln473_2_fu_390_p2       |         +|   0|  0|  21|          14|          14|
    |add_ln473_3_fu_466_p2       |         +|   0|  0|  15|           8|           8|
    |add_ln473_4_fu_606_p2       |         +|   0|  0|  21|          14|          14|
    |add_ln473_5_fu_682_p2       |         +|   0|  0|  15|           8|           8|
    |add_ln473_6_fu_822_p2       |         +|   0|  0|  21|          14|          14|
    |add_ln473_7_fu_898_p2       |         +|   0|  0|  15|           8|           8|
    |add_ln473_8_fu_1038_p2      |         +|   0|  0|  21|          14|          14|
    |add_ln473_9_fu_1114_p2      |         +|   0|  0|  15|           8|           8|
    |add_ln473_fu_174_p2         |         +|   0|  0|  21|          14|          14|
    |sigmoid_2_fu_334_p2         |         +|   0|  0|  25|          18|          12|
    |sigmoid_4_fu_550_p2         |         +|   0|  0|  25|          18|          12|
    |sigmoid_6_fu_766_p2         |         +|   0|  0|  25|          18|          12|
    |sigmoid_8_fu_982_p2         |         +|   0|  0|  25|          18|          12|
    |sigmoid_fu_118_p2           |         +|   0|  0|  25|          18|          12|
    |and_ln473_10_fu_520_p2      |       and|   0|  0|   2|           1|           1|
    |and_ln473_11_fu_1304_p2     |       and|   0|  0|   2|           1|           1|
    |and_ln473_12_fu_672_p2      |       and|   0|  0|   2|           1|           1|
    |and_ln473_13_fu_730_p2      |       and|   0|  0|   2|           1|           1|
    |and_ln473_14_fu_1344_p2     |       and|   0|  0|   2|           1|           1|
    |and_ln473_15_fu_1365_p2     |       and|   0|  0|   2|           1|           1|
    |and_ln473_16_fu_736_p2      |       and|   0|  0|   2|           1|           1|
    |and_ln473_17_fu_1382_p2     |       and|   0|  0|   2|           1|           1|
    |and_ln473_18_fu_888_p2      |       and|   0|  0|   2|           1|           1|
    |and_ln473_19_fu_946_p2      |       and|   0|  0|   2|           1|           1|
    |and_ln473_1_fu_298_p2       |       and|   0|  0|   2|           1|           1|
    |and_ln473_20_fu_1422_p2     |       and|   0|  0|   2|           1|           1|
    |and_ln473_21_fu_1443_p2     |       and|   0|  0|   2|           1|           1|
    |and_ln473_22_fu_952_p2      |       and|   0|  0|   2|           1|           1|
    |and_ln473_23_fu_1460_p2     |       and|   0|  0|   2|           1|           1|
    |and_ln473_24_fu_1104_p2     |       and|   0|  0|   2|           1|           1|
    |and_ln473_25_fu_1162_p2     |       and|   0|  0|   2|           1|           1|
    |and_ln473_26_fu_1500_p2     |       and|   0|  0|   2|           1|           1|
    |and_ln473_27_fu_1521_p2     |       and|   0|  0|   2|           1|           1|
    |and_ln473_28_fu_1168_p2     |       and|   0|  0|   2|           1|           1|
    |and_ln473_29_fu_1538_p2     |       and|   0|  0|   2|           1|           1|
    |and_ln473_2_fu_1188_p2      |       and|   0|  0|   2|           1|           1|
    |and_ln473_3_fu_1209_p2      |       and|   0|  0|   2|           1|           1|
    |and_ln473_4_fu_304_p2       |       and|   0|  0|   2|           1|           1|
    |and_ln473_5_fu_1226_p2      |       and|   0|  0|   2|           1|           1|
    |and_ln473_6_fu_456_p2       |       and|   0|  0|   2|           1|           1|
    |and_ln473_7_fu_514_p2       |       and|   0|  0|   2|           1|           1|
    |and_ln473_8_fu_1266_p2      |       and|   0|  0|   2|           1|           1|
    |and_ln473_9_fu_1287_p2      |       and|   0|  0|   2|           1|           1|
    |and_ln473_fu_240_p2         |       and|   0|  0|   2|           1|           1|
    |icmp_ln469_1_fu_346_p2      |      icmp|   0|  0|  25|          18|          13|
    |icmp_ln469_2_fu_562_p2      |      icmp|   0|  0|  25|          18|          13|
    |icmp_ln469_3_fu_778_p2      |      icmp|   0|  0|  25|          18|          13|
    |icmp_ln469_4_fu_994_p2      |      icmp|   0|  0|  25|          18|          13|
    |icmp_ln469_fu_130_p2        |      icmp|   0|  0|  25|          18|          13|
    |icmp_ln473_1_fu_436_p2      |      icmp|   0|  0|  12|           4|           1|
    |icmp_ln473_2_fu_652_p2      |      icmp|   0|  0|  12|           4|           1|
    |icmp_ln473_3_fu_868_p2      |      icmp|   0|  0|  12|           4|           1|
    |icmp_ln473_4_fu_1084_p2     |      icmp|   0|  0|  12|           4|           1|
    |icmp_ln473_fu_220_p2        |      icmp|   0|  0|  12|           4|           1|
    |or_ln469_1_fu_368_p2        |        or|   0|  0|   2|           1|           1|
    |or_ln469_2_fu_584_p2        |        or|   0|  0|   2|           1|           1|
    |or_ln469_3_fu_800_p2        |        or|   0|  0|   2|           1|           1|
    |or_ln469_4_fu_1016_p2       |        or|   0|  0|   2|           1|           1|
    |or_ln469_fu_152_p2          |        or|   0|  0|   2|           1|           1|
    |or_ln473_10_fu_1433_p2      |        or|   0|  0|   2|           1|           1|
    |or_ln473_11_fu_1473_p2      |        or|   0|  0|   2|           1|           1|
    |or_ln473_12_fu_1098_p2      |        or|   0|  0|   2|           1|           1|
    |or_ln473_13_fu_1511_p2      |        or|   0|  0|   2|           1|           1|
    |or_ln473_14_fu_1551_p2      |        or|   0|  0|   2|           1|           1|
    |or_ln473_15_fu_272_p2       |        or|   0|  0|   2|           1|           1|
    |or_ln473_16_fu_1215_p2      |        or|   0|  0|   2|           1|           1|
    |or_ln473_17_fu_488_p2       |        or|   0|  0|   2|           1|           1|
    |or_ln473_18_fu_1293_p2      |        or|   0|  0|   2|           1|           1|
    |or_ln473_19_fu_704_p2       |        or|   0|  0|   2|           1|           1|
    |or_ln473_1_fu_1199_p2       |        or|   0|  0|   2|           1|           1|
    |or_ln473_20_fu_1371_p2      |        or|   0|  0|   2|           1|           1|
    |or_ln473_21_fu_920_p2       |        or|   0|  0|   2|           1|           1|
    |or_ln473_22_fu_1449_p2      |        or|   0|  0|   2|           1|           1|
    |or_ln473_23_fu_1136_p2      |        or|   0|  0|   2|           1|           1|
    |or_ln473_24_fu_1527_p2      |        or|   0|  0|   2|           1|           1|
    |or_ln473_25_fu_292_p2       |        or|   0|  0|   2|           1|           1|
    |or_ln473_26_fu_508_p2       |        or|   0|  0|   2|           1|           1|
    |or_ln473_27_fu_724_p2       |        or|   0|  0|   2|           1|           1|
    |or_ln473_28_fu_940_p2       |        or|   0|  0|   2|           1|           1|
    |or_ln473_29_fu_1156_p2      |        or|   0|  0|   2|           1|           1|
    |or_ln473_2_fu_1239_p2       |        or|   0|  0|   2|           1|           1|
    |or_ln473_30_fu_1174_p2      |        or|   0|  0|   2|           1|           1|
    |or_ln473_31_fu_1252_p2      |        or|   0|  0|   2|           1|           1|
    |or_ln473_32_fu_1330_p2      |        or|   0|  0|   2|           1|           1|
    |or_ln473_33_fu_1408_p2      |        or|   0|  0|   2|           1|           1|
    |or_ln473_34_fu_1486_p2      |        or|   0|  0|   2|           1|           1|
    |or_ln473_3_fu_450_p2        |        or|   0|  0|   2|           1|           1|
    |or_ln473_4_fu_1277_p2       |        or|   0|  0|   2|           1|           1|
    |or_ln473_5_fu_1317_p2       |        or|   0|  0|   2|           1|           1|
    |or_ln473_6_fu_666_p2        |        or|   0|  0|   2|           1|           1|
    |or_ln473_7_fu_1355_p2       |        or|   0|  0|   2|           1|           1|
    |or_ln473_8_fu_1395_p2       |        or|   0|  0|   2|           1|           1|
    |or_ln473_9_fu_882_p2        |        or|   0|  0|   2|           1|           1|
    |or_ln473_fu_234_p2          |        or|   0|  0|   2|           1|           1|
    |select_ln469_1_fu_360_p3    |    select|   0|  0|  14|           1|          14|
    |select_ln469_2_fu_576_p3    |    select|   0|  0|  14|           1|          14|
    |select_ln469_3_fu_792_p3    |    select|   0|  0|  14|           1|          14|
    |select_ln469_4_fu_1008_p3   |    select|   0|  0|  14|           1|          14|
    |select_ln469_fu_144_p3      |    select|   0|  0|  14|           1|          14|
    |select_ln473_10_fu_1479_p3  |    select|   0|  0|   8|           1|           8|
    |select_ln473_12_fu_1543_p3  |    select|   0|  0|   9|           1|           7|
    |select_ln473_13_fu_1557_p3  |    select|   0|  0|   8|           1|           8|
    |select_ln473_1_fu_1245_p3   |    select|   0|  0|   8|           1|           8|
    |select_ln473_3_fu_1309_p3   |    select|   0|  0|   9|           1|           7|
    |select_ln473_4_fu_1323_p3   |    select|   0|  0|   8|           1|           8|
    |select_ln473_6_fu_1387_p3   |    select|   0|  0|   9|           1|           7|
    |select_ln473_7_fu_1401_p3   |    select|   0|  0|   8|           1|           8|
    |select_ln473_9_fu_1465_p3   |    select|   0|  0|   9|           1|           7|
    |select_ln473_fu_1231_p3     |    select|   0|  0|   9|           1|           7|
    |sigmoid_1_fu_158_p3         |    select|   0|  0|  13|           1|          13|
    |sigmoid_3_fu_374_p3         |    select|   0|  0|  13|           1|          13|
    |sigmoid_5_fu_590_p3         |    select|   0|  0|  13|           1|          13|
    |sigmoid_7_fu_806_p3         |    select|   0|  0|  13|           1|          13|
    |sigmoid_9_fu_1022_p3        |    select|   0|  0|  13|           1|          13|
    |xor_ln473_10_fu_1256_p2     |       xor|   0|  0|   2|           1|           2|
    |xor_ln473_11_fu_1262_p2     |       xor|   0|  0|   2|           1|           1|
    |xor_ln473_12_fu_1349_p2     |       xor|   0|  0|   2|           1|           2|
    |xor_ln473_13_fu_1360_p2     |       xor|   0|  0|   2|           1|           2|
    |xor_ln473_14_fu_502_p2      |       xor|   0|  0|   2|           1|           2|
    |xor_ln473_15_fu_1298_p2     |       xor|   0|  0|   2|           1|           2|
    |xor_ln473_16_fu_630_p2      |       xor|   0|  0|   9|           8|           9|
    |xor_ln473_17_fu_1427_p2     |       xor|   0|  0|   2|           1|           2|
    |xor_ln473_18_fu_1438_p2     |       xor|   0|  0|   2|           1|           2|
    |xor_ln473_19_fu_1334_p2     |       xor|   0|  0|   2|           1|           2|
    |xor_ln473_1_fu_1178_p2      |       xor|   0|  0|   2|           1|           2|
    |xor_ln473_20_fu_1340_p2     |       xor|   0|  0|   2|           1|           1|
    |xor_ln473_21_fu_718_p2      |       xor|   0|  0|   2|           1|           2|
    |xor_ln473_22_fu_1505_p2     |       xor|   0|  0|   2|           1|           2|
    |xor_ln473_23_fu_1516_p2     |       xor|   0|  0|   2|           1|           2|
    |xor_ln473_24_fu_1376_p2     |       xor|   0|  0|   2|           1|           2|
    |xor_ln473_25_fu_846_p2      |       xor|   0|  0|   9|           8|           9|
    |xor_ln473_26_fu_1412_p2     |       xor|   0|  0|   2|           1|           2|
    |xor_ln473_27_fu_1418_p2     |       xor|   0|  0|   2|           1|           1|
    |xor_ln473_28_fu_934_p2      |       xor|   0|  0|   2|           1|           2|
    |xor_ln473_29_fu_1454_p2     |       xor|   0|  0|   2|           1|           2|
    |xor_ln473_2_fu_1193_p2      |       xor|   0|  0|   2|           1|           2|
    |xor_ln473_30_fu_1062_p2     |       xor|   0|  0|   9|           8|           9|
    |xor_ln473_31_fu_1490_p2     |       xor|   0|  0|   2|           1|           2|
    |xor_ln473_32_fu_1496_p2     |       xor|   0|  0|   2|           1|           1|
    |xor_ln473_33_fu_1150_p2     |       xor|   0|  0|   2|           1|           2|
    |xor_ln473_34_fu_1532_p2     |       xor|   0|  0|   2|           1|           2|
    |xor_ln473_3_fu_1204_p2      |       xor|   0|  0|   2|           1|           2|
    |xor_ln473_4_fu_1184_p2      |       xor|   0|  0|   2|           1|           1|
    |xor_ln473_5_fu_286_p2       |       xor|   0|  0|   2|           1|           2|
    |xor_ln473_6_fu_1220_p2      |       xor|   0|  0|   2|           1|           2|
    |xor_ln473_7_fu_1271_p2      |       xor|   0|  0|   2|           1|           2|
    |xor_ln473_8_fu_1282_p2      |       xor|   0|  0|   2|           1|           2|
    |xor_ln473_9_fu_414_p2       |       xor|   0|  0|   9|           8|           9|
    |xor_ln473_fu_198_p2         |       xor|   0|  0|   9|           8|           9|
    +----------------------------+----------+----+---+----+------------+------------+
    |Total                       |          |   0|  0|1055|         535|         680|
    +----------------------------+----------+----+---+----+------------+------------+

    * Multiplexer: 
    +-------------+----+-----------+-----+-----------+
    |     Name    | LUT| Input Size| Bits| Total Bits|
    +-------------+----+-----------+-----+-----------+
    |ap_return_0  |  14|          3|    8|         24|
    |ap_return_1  |  14|          3|    8|         24|
    |ap_return_2  |  14|          3|    8|         24|
    |ap_return_3  |  14|          3|    8|         24|
    |ap_return_4  |  14|          3|    8|         24|
    +-------------+----+-----------+-----+-----------+
    |Total        |  70|         15|   40|        120|
    +-------------+----+-----------+-----+-----------+

    * Register: 
    +-----------------------+---+----+-----+-----------+
    |          Name         | FF| LUT| Bits| Const Bits|
    +-----------------------+---+----+-----+-----------+
    |add_ln473_1_reg_1605   |  8|   0|    8|          0|
    |add_ln473_3_reg_1643   |  8|   0|    8|          0|
    |add_ln473_5_reg_1681   |  8|   0|    8|          0|
    |add_ln473_7_reg_1719   |  8|   0|    8|          0|
    |add_ln473_9_reg_1757   |  8|   0|    8|          0|
    |and_ln473_10_reg_1665  |  1|   0|    1|          0|
    |and_ln473_16_reg_1703  |  1|   0|    1|          0|
    |and_ln473_22_reg_1741  |  1|   0|    1|          0|
    |and_ln473_28_reg_1779  |  1|   0|    1|          0|
    |and_ln473_4_reg_1627   |  1|   0|    1|          0|
    |ap_ce_reg              |  1|   0|    1|          0|
    |ap_return_0_int_reg    |  8|   0|    8|          0|
    |ap_return_1_int_reg    |  8|   0|    8|          0|
    |ap_return_2_int_reg    |  8|   0|    8|          0|
    |ap_return_3_int_reg    |  8|   0|    8|          0|
    |ap_return_4_int_reg    |  8|   0|    8|          0|
    |or_ln473_15_reg_1622   |  1|   0|    1|          0|
    |or_ln473_17_reg_1660   |  1|   0|    1|          0|
    |or_ln473_19_reg_1698   |  1|   0|    1|          0|
    |or_ln473_21_reg_1736   |  1|   0|    1|          0|
    |or_ln473_23_reg_1774   |  1|   0|    1|          0|
    |tmp_10_reg_1638        |  1|   0|    1|          0|
    |tmp_11_reg_1648        |  1|   0|    1|          0|
    |tmp_12_reg_1654        |  1|   0|    1|          0|
    |tmp_15_reg_1670        |  1|   0|    1|          0|
    |tmp_17_reg_1676        |  1|   0|    1|          0|
    |tmp_18_reg_1686        |  1|   0|    1|          0|
    |tmp_19_reg_1692        |  1|   0|    1|          0|
    |tmp_1_reg_1594         |  1|   0|    1|          0|
    |tmp_22_reg_1708        |  1|   0|    1|          0|
    |tmp_24_reg_1714        |  1|   0|    1|          0|
    |tmp_25_reg_1724        |  1|   0|    1|          0|
    |tmp_26_reg_1730        |  1|   0|    1|          0|
    |tmp_29_reg_1746        |  1|   0|    1|          0|
    |tmp_31_reg_1752        |  1|   0|    1|          0|
    |tmp_32_reg_1762        |  1|   0|    1|          0|
    |tmp_33_reg_1768        |  1|   0|    1|          0|
    |tmp_3_reg_1600         |  1|   0|    1|          0|
    |tmp_4_reg_1610         |  1|   0|    1|          0|
    |tmp_5_reg_1616         |  1|   0|    1|          0|
    |tmp_8_reg_1632         |  1|   0|    1|          0|
    +-----------------------+---+----+-----+-----------+
    |Total                  |111|   0|  111|          0|
    +-----------------------+---+----+-----+-----------+



================================================================
== Interface
================================================================
* Summary: 
+-------------+-----+-----+------------+------------------------------------------------------------------------+--------------+
|  RTL Ports  | Dir | Bits|  Protocol  |                              Source Object                             |    C Type    |
+-------------+-----+-----+------------+------------------------------------------------------------------------+--------------+
|ap_clk       |   in|    1|  ap_ctrl_hs|  hard_tanh<ap_fixed,ap_fixed<8,1,4,0,0>,PARAMEST_NN_hard_tanh_config14>|  return value|
|ap_rst       |   in|    1|  ap_ctrl_hs|  hard_tanh<ap_fixed,ap_fixed<8,1,4,0,0>,PARAMEST_NN_hard_tanh_config14>|  return value|
|ap_return_0  |  out|    8|  ap_ctrl_hs|  hard_tanh<ap_fixed,ap_fixed<8,1,4,0,0>,PARAMEST_NN_hard_tanh_config14>|  return value|
|ap_return_1  |  out|    8|  ap_ctrl_hs|  hard_tanh<ap_fixed,ap_fixed<8,1,4,0,0>,PARAMEST_NN_hard_tanh_config14>|  return value|
|ap_return_2  |  out|    8|  ap_ctrl_hs|  hard_tanh<ap_fixed,ap_fixed<8,1,4,0,0>,PARAMEST_NN_hard_tanh_config14>|  return value|
|ap_return_3  |  out|    8|  ap_ctrl_hs|  hard_tanh<ap_fixed,ap_fixed<8,1,4,0,0>,PARAMEST_NN_hard_tanh_config14>|  return value|
|ap_return_4  |  out|    8|  ap_ctrl_hs|  hard_tanh<ap_fixed,ap_fixed<8,1,4,0,0>,PARAMEST_NN_hard_tanh_config14>|  return value|
|ap_ce        |   in|    1|  ap_ctrl_hs|  hard_tanh<ap_fixed,ap_fixed<8,1,4,0,0>,PARAMEST_NN_hard_tanh_config14>|  return value|
|data_0_val   |   in|   16|     ap_none|                                                              data_0_val|        scalar|
|data_1_val   |   in|   16|     ap_none|                                                              data_1_val|        scalar|
|data_2_val   |   in|   16|     ap_none|                                                              data_2_val|        scalar|
|data_3_val   |   in|   16|     ap_none|                                                              data_3_val|        scalar|
|data_4_val   |   in|   16|     ap_none|                                                              data_4_val|        scalar|
+-------------+-----+-----+------------+------------------------------------------------------------------------+--------------+

