

================================================================
== Vitis HLS Report for 'relu_ap_fixed_ap_ufixed_16_0_4_0_0_PARAMEST_NN_relu_config11_s'
================================================================
* Date:           Sun Apr 13 13:13:49 2025

* Version:        2023.1 (Build 3854077 on May  4 2023)
* Project:        ParamEst_NN_prj
* Solution:       solution1 (Vivado IP Flow Target)
* Product family: virtexuplus
* Target device:  xcu250-figd2104-2L-e


================================================================
== Performance Estimates
================================================================
+ Timing: 
    * Summary: 
    +--------+---------+----------+------------+
    |  Clock |  Target | Estimated| Uncertainty|
    +--------+---------+----------+------------+
    |ap_clk  |  5.00 ns|  1.028 ns|     0.62 ns|
    +--------+---------+----------+------------+

+ Latency: 
    * Summary: 
    +---------+---------+----------+----------+-----+-----+---------+
    |  Latency (cycles) |  Latency (absolute) |  Interval | Pipeline|
    |   min   |   max   |    min   |    max   | min | max |   Type  |
    +---------+---------+----------+----------+-----+-----+---------+
    |        0|        0|      0 ns|      0 ns|    1|    1|      yes|
    +---------+---------+----------+----------+-----+-----+---------+

    + Detail: 
        * Instance: 
        N/A

        * Loop: 
        N/A



================================================================
== Utilization Estimates
================================================================
* Summary: 
+---------------------+---------+-------+---------+---------+------+
|         Name        | BRAM_18K|  DSP  |    FF   |   LUT   | URAM |
+---------------------+---------+-------+---------+---------+------+
|DSP                  |        -|      -|        -|        -|     -|
|Expression           |        -|      -|        0|     2108|     -|
|FIFO                 |        -|      -|        -|        -|     -|
|Instance             |        -|      -|        -|        -|     -|
|Memory               |        -|      -|        -|        -|     -|
|Multiplexer          |        -|      -|        -|        -|     -|
|Register             |        -|      -|        -|        -|     -|
+---------------------+---------+-------+---------+---------+------+
|Total                |        0|      0|        0|     2108|     0|
+---------------------+---------+-------+---------+---------+------+
|Available SLR        |     1344|   3072|   864000|   432000|   320|
+---------------------+---------+-------+---------+---------+------+
|Utilization SLR (%)  |        0|      0|        0|       ~0|     0|
+---------------------+---------+-------+---------+---------+------+
|Available            |     5376|  12288|  3456000|  1728000|  1280|
+---------------------+---------+-------+---------+---------+------+
|Utilization (%)      |        0|      0|        0|       ~0|     0|
+---------------------+---------+-------+---------+---------+------+

+ Detail: 
    * Instance: 
    N/A

    * DSP: 
    N/A

    * Memory: 
    N/A

    * FIFO: 
    N/A

    * Expression: 
    +----------------------------+----------+----+---+----+------------+------------+
    |        Variable Name       | Operation| DSP| FF| LUT| Bitwidth P0| Bitwidth P1|
    +----------------------------+----------+----+---+----+------------+------------+
    |icmp_ln45_100_fu_538_p2     |      icmp|   0|  0|  23|          16|           1|
    |icmp_ln45_101_fu_582_p2     |      icmp|   0|  0|  23|          16|           1|
    |icmp_ln45_102_fu_626_p2     |      icmp|   0|  0|  23|          16|           1|
    |icmp_ln45_103_fu_670_p2     |      icmp|   0|  0|  23|          16|           1|
    |icmp_ln45_104_fu_714_p2     |      icmp|   0|  0|  23|          16|           1|
    |icmp_ln45_105_fu_758_p2     |      icmp|   0|  0|  23|          16|           1|
    |icmp_ln45_106_fu_802_p2     |      icmp|   0|  0|  23|          16|           1|
    |icmp_ln45_107_fu_846_p2     |      icmp|   0|  0|  23|          16|           1|
    |icmp_ln45_108_fu_890_p2     |      icmp|   0|  0|  23|          16|           1|
    |icmp_ln45_109_fu_934_p2     |      icmp|   0|  0|  23|          16|           1|
    |icmp_ln45_110_fu_978_p2     |      icmp|   0|  0|  23|          16|           1|
    |icmp_ln45_111_fu_1022_p2    |      icmp|   0|  0|  23|          16|           1|
    |icmp_ln45_112_fu_1066_p2    |      icmp|   0|  0|  23|          16|           1|
    |icmp_ln45_113_fu_1110_p2    |      icmp|   0|  0|  23|          16|           1|
    |icmp_ln45_114_fu_1154_p2    |      icmp|   0|  0|  23|          16|           1|
    |icmp_ln45_115_fu_1198_p2    |      icmp|   0|  0|  23|          16|           1|
    |icmp_ln45_116_fu_1242_p2    |      icmp|   0|  0|  23|          16|           1|
    |icmp_ln45_117_fu_1286_p2    |      icmp|   0|  0|  23|          16|           1|
    |icmp_ln45_118_fu_1330_p2    |      icmp|   0|  0|  23|          16|           1|
    |icmp_ln45_119_fu_1374_p2    |      icmp|   0|  0|  23|          16|           1|
    |icmp_ln45_120_fu_1418_p2    |      icmp|   0|  0|  23|          16|           1|
    |icmp_ln45_121_fu_1462_p2    |      icmp|   0|  0|  23|          16|           1|
    |icmp_ln45_122_fu_1506_p2    |      icmp|   0|  0|  23|          16|           1|
    |icmp_ln45_123_fu_1550_p2    |      icmp|   0|  0|  23|          16|           1|
    |icmp_ln45_124_fu_1594_p2    |      icmp|   0|  0|  23|          16|           1|
    |icmp_ln45_95_fu_318_p2      |      icmp|   0|  0|  23|          16|           1|
    |icmp_ln45_96_fu_362_p2      |      icmp|   0|  0|  23|          16|           1|
    |icmp_ln45_97_fu_406_p2      |      icmp|   0|  0|  23|          16|           1|
    |icmp_ln45_98_fu_450_p2      |      icmp|   0|  0|  23|          16|           1|
    |icmp_ln45_99_fu_494_p2      |      icmp|   0|  0|  23|          16|           1|
    |icmp_ln45_fu_274_p2         |      icmp|   0|  0|  23|          16|           1|
    |icmp_ln46_100_fu_560_p2     |      icmp|   0|  0|  13|           6|           1|
    |icmp_ln46_101_fu_604_p2     |      icmp|   0|  0|  13|           6|           1|
    |icmp_ln46_102_fu_648_p2     |      icmp|   0|  0|  13|           6|           1|
    |icmp_ln46_103_fu_692_p2     |      icmp|   0|  0|  13|           6|           1|
    |icmp_ln46_104_fu_736_p2     |      icmp|   0|  0|  13|           6|           1|
    |icmp_ln46_105_fu_780_p2     |      icmp|   0|  0|  13|           6|           1|
    |icmp_ln46_106_fu_824_p2     |      icmp|   0|  0|  13|           6|           1|
    |icmp_ln46_107_fu_868_p2     |      icmp|   0|  0|  13|           6|           1|
    |icmp_ln46_108_fu_912_p2     |      icmp|   0|  0|  13|           6|           1|
    |icmp_ln46_109_fu_956_p2     |      icmp|   0|  0|  13|           6|           1|
    |icmp_ln46_110_fu_1000_p2    |      icmp|   0|  0|  13|           6|           1|
    |icmp_ln46_111_fu_1044_p2    |      icmp|   0|  0|  13|           6|           1|
    |icmp_ln46_112_fu_1088_p2    |      icmp|   0|  0|  13|           6|           1|
    |icmp_ln46_113_fu_1132_p2    |      icmp|   0|  0|  13|           6|           1|
    |icmp_ln46_114_fu_1176_p2    |      icmp|   0|  0|  13|           6|           1|
    |icmp_ln46_115_fu_1220_p2    |      icmp|   0|  0|  13|           6|           1|
    |icmp_ln46_116_fu_1264_p2    |      icmp|   0|  0|  13|           6|           1|
    |icmp_ln46_117_fu_1308_p2    |      icmp|   0|  0|  13|           6|           1|
    |icmp_ln46_118_fu_1352_p2    |      icmp|   0|  0|  13|           6|           1|
    |icmp_ln46_119_fu_1396_p2    |      icmp|   0|  0|  13|           6|           1|
    |icmp_ln46_120_fu_1440_p2    |      icmp|   0|  0|  13|           6|           1|
    |icmp_ln46_121_fu_1484_p2    |      icmp|   0|  0|  13|           6|           1|
    |icmp_ln46_122_fu_1528_p2    |      icmp|   0|  0|  13|           6|           1|
    |icmp_ln46_123_fu_1572_p2    |      icmp|   0|  0|  13|           6|           1|
    |icmp_ln46_124_fu_1616_p2    |      icmp|   0|  0|  13|           6|           1|
    |icmp_ln46_95_fu_340_p2      |      icmp|   0|  0|  13|           6|           1|
    |icmp_ln46_96_fu_384_p2      |      icmp|   0|  0|  13|           6|           1|
    |icmp_ln46_97_fu_428_p2      |      icmp|   0|  0|  13|           6|           1|
    |icmp_ln46_98_fu_472_p2      |      icmp|   0|  0|  13|           6|           1|
    |icmp_ln46_99_fu_516_p2      |      icmp|   0|  0|  13|           6|           1|
    |icmp_ln46_fu_296_p2         |      icmp|   0|  0|  13|           6|           1|
    |select_ln45_100_fu_574_p3   |    select|   0|  0|  16|           1|          16|
    |select_ln45_101_fu_618_p3   |    select|   0|  0|  16|           1|          16|
    |select_ln45_102_fu_662_p3   |    select|   0|  0|  16|           1|          16|
    |select_ln45_103_fu_706_p3   |    select|   0|  0|  16|           1|          16|
    |select_ln45_104_fu_750_p3   |    select|   0|  0|  16|           1|          16|
    |select_ln45_105_fu_794_p3   |    select|   0|  0|  16|           1|          16|
    |select_ln45_106_fu_838_p3   |    select|   0|  0|  16|           1|          16|
    |select_ln45_107_fu_882_p3   |    select|   0|  0|  16|           1|          16|
    |select_ln45_108_fu_926_p3   |    select|   0|  0|  16|           1|          16|
    |select_ln45_109_fu_970_p3   |    select|   0|  0|  16|           1|          16|
    |select_ln45_110_fu_1014_p3  |    select|   0|  0|  16|           1|          16|
    |select_ln45_111_fu_1058_p3  |    select|   0|  0|  16|           1|          16|
    |select_ln45_112_fu_1102_p3  |    select|   0|  0|  16|           1|          16|
    |select_ln45_113_fu_1146_p3  |    select|   0|  0|  16|           1|          16|
    |select_ln45_114_fu_1190_p3  |    select|   0|  0|  16|           1|          16|
    |select_ln45_115_fu_1234_p3  |    select|   0|  0|  16|           1|          16|
    |select_ln45_116_fu_1278_p3  |    select|   0|  0|  16|           1|          16|
    |select_ln45_117_fu_1322_p3  |    select|   0|  0|  16|           1|          16|
    |select_ln45_118_fu_1366_p3  |    select|   0|  0|  16|           1|          16|
    |select_ln45_119_fu_1410_p3  |    select|   0|  0|  16|           1|          16|
    |select_ln45_120_fu_1454_p3  |    select|   0|  0|  16|           1|          16|
    |select_ln45_121_fu_1498_p3  |    select|   0|  0|  16|           1|          16|
    |select_ln45_122_fu_1542_p3  |    select|   0|  0|  16|           1|          16|
    |select_ln45_123_fu_1586_p3  |    select|   0|  0|  16|           1|          16|
    |select_ln45_124_fu_1630_p3  |    select|   0|  0|  16|           1|          16|
    |select_ln45_95_fu_354_p3    |    select|   0|  0|  16|           1|          16|
    |select_ln45_96_fu_398_p3    |    select|   0|  0|  16|           1|          16|
    |select_ln45_97_fu_442_p3    |    select|   0|  0|  16|           1|          16|
    |select_ln45_98_fu_486_p3    |    select|   0|  0|  16|           1|          16|
    |select_ln45_99_fu_530_p3    |    select|   0|  0|  16|           1|          16|
    |select_ln45_fu_310_p3       |    select|   0|  0|  16|           1|          16|
    |select_ln46_100_fu_566_p3   |    select|   0|  0|  16|           1|           2|
    |select_ln46_101_fu_610_p3   |    select|   0|  0|  16|           1|           2|
    |select_ln46_102_fu_654_p3   |    select|   0|  0|  16|           1|           2|
    |select_ln46_103_fu_698_p3   |    select|   0|  0|  16|           1|           2|
    |select_ln46_104_fu_742_p3   |    select|   0|  0|  16|           1|           2|
    |select_ln46_105_fu_786_p3   |    select|   0|  0|  16|           1|           2|
    |select_ln46_106_fu_830_p3   |    select|   0|  0|  16|           1|           2|
    |select_ln46_107_fu_874_p3   |    select|   0|  0|  16|           1|           2|
    |select_ln46_108_fu_918_p3   |    select|   0|  0|  16|           1|           2|
    |select_ln46_109_fu_962_p3   |    select|   0|  0|  16|           1|           2|
    |select_ln46_110_fu_1006_p3  |    select|   0|  0|  16|           1|           2|
    |select_ln46_111_fu_1050_p3  |    select|   0|  0|  16|           1|           2|
    |select_ln46_112_fu_1094_p3  |    select|   0|  0|  16|           1|           2|
    |select_ln46_113_fu_1138_p3  |    select|   0|  0|  16|           1|           2|
    |select_ln46_114_fu_1182_p3  |    select|   0|  0|  16|           1|           2|
    |select_ln46_115_fu_1226_p3  |    select|   0|  0|  16|           1|           2|
    |select_ln46_116_fu_1270_p3  |    select|   0|  0|  16|           1|           2|
    |select_ln46_117_fu_1314_p3  |    select|   0|  0|  16|           1|           2|
    |select_ln46_118_fu_1358_p3  |    select|   0|  0|  16|           1|           2|
    |select_ln46_119_fu_1402_p3  |    select|   0|  0|  16|           1|           2|
    |select_ln46_120_fu_1446_p3  |    select|   0|  0|  16|           1|           2|
    |select_ln46_121_fu_1490_p3  |    select|   0|  0|  16|           1|           2|
    |select_ln46_122_fu_1534_p3  |    select|   0|  0|  16|           1|           2|
    |select_ln46_123_fu_1578_p3  |    select|   0|  0|  16|           1|           2|
    |select_ln46_124_fu_1622_p3  |    select|   0|  0|  16|           1|           2|
    |select_ln46_95_fu_346_p3    |    select|   0|  0|  16|           1|           2|
    |select_ln46_96_fu_390_p3    |    select|   0|  0|  16|           1|           2|
    |select_ln46_97_fu_434_p3    |    select|   0|  0|  16|           1|           2|
    |select_ln46_98_fu_478_p3    |    select|   0|  0|  16|           1|           2|
    |select_ln46_99_fu_522_p3    |    select|   0|  0|  16|           1|           2|
    |select_ln46_fu_302_p3       |    select|   0|  0|  16|           1|           2|
    +----------------------------+----------+----+---+----+------------+------------+
    |Total                       |          |   0|  0|2108|         744|         620|
    +----------------------------+----------+----+---+----+------------+------------+

    * Multiplexer: 
    N/A

    * Register: 
    N/A



================================================================
== Interface
================================================================
* Summary: 
+--------------+-----+-----+------------+----------------------------------------------------------------+--------------+
|   RTL Ports  | Dir | Bits|  Protocol  |                          Source Object                         |    C Type    |
+--------------+-----+-----+------------+----------------------------------------------------------------+--------------+
|ap_ready      |  out|    1|  ap_ctrl_hs|  relu<ap_fixed,ap_ufixed<16,0,4,0,0>,PARAMEST_NN_relu_config11>|  return value|
|ap_return_0   |  out|   16|  ap_ctrl_hs|  relu<ap_fixed,ap_ufixed<16,0,4,0,0>,PARAMEST_NN_relu_config11>|  return value|
|ap_return_1   |  out|   16|  ap_ctrl_hs|  relu<ap_fixed,ap_ufixed<16,0,4,0,0>,PARAMEST_NN_relu_config11>|  return value|
|ap_return_2   |  out|   16|  ap_ctrl_hs|  relu<ap_fixed,ap_ufixed<16,0,4,0,0>,PARAMEST_NN_relu_config11>|  return value|
|ap_return_3   |  out|   16|  ap_ctrl_hs|  relu<ap_fixed,ap_ufixed<16,0,4,0,0>,PARAMEST_NN_relu_config11>|  return value|
|ap_return_4   |  out|   16|  ap_ctrl_hs|  relu<ap_fixed,ap_ufixed<16,0,4,0,0>,PARAMEST_NN_relu_config11>|  return value|
|ap_return_5   |  out|   16|  ap_ctrl_hs|  relu<ap_fixed,ap_ufixed<16,0,4,0,0>,PARAMEST_NN_relu_config11>|  return value|
|ap_return_6   |  out|   16|  ap_ctrl_hs|  relu<ap_fixed,ap_ufixed<16,0,4,0,0>,PARAMEST_NN_relu_config11>|  return value|
|ap_return_7   |  out|   16|  ap_ctrl_hs|  relu<ap_fixed,ap_ufixed<16,0,4,0,0>,PARAMEST_NN_relu_config11>|  return value|
|ap_return_8   |  out|   16|  ap_ctrl_hs|  relu<ap_fixed,ap_ufixed<16,0,4,0,0>,PARAMEST_NN_relu_config11>|  return value|
|ap_return_9   |  out|   16|  ap_ctrl_hs|  relu<ap_fixed,ap_ufixed<16,0,4,0,0>,PARAMEST_NN_relu_config11>|  return value|
|ap_return_10  |  out|   16|  ap_ctrl_hs|  relu<ap_fixed,ap_ufixed<16,0,4,0,0>,PARAMEST_NN_relu_config11>|  return value|
|ap_return_11  |  out|   16|  ap_ctrl_hs|  relu<ap_fixed,ap_ufixed<16,0,4,0,0>,PARAMEST_NN_relu_config11>|  return value|
|ap_return_12  |  out|   16|  ap_ctrl_hs|  relu<ap_fixed,ap_ufixed<16,0,4,0,0>,PARAMEST_NN_relu_config11>|  return value|
|ap_return_13  |  out|   16|  ap_ctrl_hs|  relu<ap_fixed,ap_ufixed<16,0,4,0,0>,PARAMEST_NN_relu_config11>|  return value|
|ap_return_14  |  out|   16|  ap_ctrl_hs|  relu<ap_fixed,ap_ufixed<16,0,4,0,0>,PARAMEST_NN_relu_config11>|  return value|
|ap_return_15  |  out|   16|  ap_ctrl_hs|  relu<ap_fixed,ap_ufixed<16,0,4,0,0>,PARAMEST_NN_relu_config11>|  return value|
|ap_return_16  |  out|   16|  ap_ctrl_hs|  relu<ap_fixed,ap_ufixed<16,0,4,0,0>,PARAMEST_NN_relu_config11>|  return value|
|ap_return_17  |  out|   16|  ap_ctrl_hs|  relu<ap_fixed,ap_ufixed<16,0,4,0,0>,PARAMEST_NN_relu_config11>|  return value|
|ap_return_18  |  out|   16|  ap_ctrl_hs|  relu<ap_fixed,ap_ufixed<16,0,4,0,0>,PARAMEST_NN_relu_config11>|  return value|
|ap_return_19  |  out|   16|  ap_ctrl_hs|  relu<ap_fixed,ap_ufixed<16,0,4,0,0>,PARAMEST_NN_relu_config11>|  return value|
|ap_return_20  |  out|   16|  ap_ctrl_hs|  relu<ap_fixed,ap_ufixed<16,0,4,0,0>,PARAMEST_NN_relu_config11>|  return value|
|ap_return_21  |  out|   16|  ap_ctrl_hs|  relu<ap_fixed,ap_ufixed<16,0,4,0,0>,PARAMEST_NN_relu_config11>|  return value|
|ap_return_22  |  out|   16|  ap_ctrl_hs|  relu<ap_fixed,ap_ufixed<16,0,4,0,0>,PARAMEST_NN_relu_config11>|  return value|
|ap_return_23  |  out|   16|  ap_ctrl_hs|  relu<ap_fixed,ap_ufixed<16,0,4,0,0>,PARAMEST_NN_relu_config11>|  return value|
|ap_return_24  |  out|   16|  ap_ctrl_hs|  relu<ap_fixed,ap_ufixed<16,0,4,0,0>,PARAMEST_NN_relu_config11>|  return value|
|ap_return_25  |  out|   16|  ap_ctrl_hs|  relu<ap_fixed,ap_ufixed<16,0,4,0,0>,PARAMEST_NN_relu_config11>|  return value|
|ap_return_26  |  out|   16|  ap_ctrl_hs|  relu<ap_fixed,ap_ufixed<16,0,4,0,0>,PARAMEST_NN_relu_config11>|  return value|
|ap_return_27  |  out|   16|  ap_ctrl_hs|  relu<ap_fixed,ap_ufixed<16,0,4,0,0>,PARAMEST_NN_relu_config11>|  return value|
|ap_return_28  |  out|   16|  ap_ctrl_hs|  relu<ap_fixed,ap_ufixed<16,0,4,0,0>,PARAMEST_NN_relu_config11>|  return value|
|ap_return_29  |  out|   16|  ap_ctrl_hs|  relu<ap_fixed,ap_ufixed<16,0,4,0,0>,PARAMEST_NN_relu_config11>|  return value|
|ap_return_30  |  out|   16|  ap_ctrl_hs|  relu<ap_fixed,ap_ufixed<16,0,4,0,0>,PARAMEST_NN_relu_config11>|  return value|
|data_0_val    |   in|   16|     ap_none|                                                      data_0_val|        scalar|
|data_1_val    |   in|   16|     ap_none|                                                      data_1_val|        scalar|
|data_2_val    |   in|   16|     ap_none|                                                      data_2_val|        scalar|
|data_3_val    |   in|   16|     ap_none|                                                      data_3_val|        scalar|
|data_4_val    |   in|   16|     ap_none|                                                      data_4_val|        scalar|
|data_5_val    |   in|   16|     ap_none|                                                      data_5_val|        scalar|
|data_6_val    |   in|   16|     ap_none|                                                      data_6_val|        scalar|
|data_7_val    |   in|   16|     ap_none|                                                      data_7_val|        scalar|
|data_8_val    |   in|   16|     ap_none|                                                      data_8_val|        scalar|
|data_9_val    |   in|   16|     ap_none|                                                      data_9_val|        scalar|
|data_10_val   |   in|   16|     ap_none|                                                     data_10_val|        scalar|
|data_12_val   |   in|   16|     ap_none|                                                     data_12_val|        scalar|
|data_13_val   |   in|   16|     ap_none|                                                     data_13_val|        scalar|
|data_14_val   |   in|   16|     ap_none|                                                     data_14_val|        scalar|
|data_15_val   |   in|   16|     ap_none|                                                     data_15_val|        scalar|
|data_16_val   |   in|   16|     ap_none|                                                     data_16_val|        scalar|
|data_17_val   |   in|   16|     ap_none|                                                     data_17_val|        scalar|
|data_18_val   |   in|   16|     ap_none|                                                     data_18_val|        scalar|
|data_19_val   |   in|   16|     ap_none|                                                     data_19_val|        scalar|
|data_20_val   |   in|   16|     ap_none|                                                     data_20_val|        scalar|
|data_21_val   |   in|   16|     ap_none|                                                     data_21_val|        scalar|
|data_22_val   |   in|   16|     ap_none|                                                     data_22_val|        scalar|
|data_23_val   |   in|   16|     ap_none|                                                     data_23_val|        scalar|
|data_24_val   |   in|   16|     ap_none|                                                     data_24_val|        scalar|
|data_25_val   |   in|   16|     ap_none|                                                     data_25_val|        scalar|
|data_26_val   |   in|   16|     ap_none|                                                     data_26_val|        scalar|
|data_27_val   |   in|   16|     ap_none|                                                     data_27_val|        scalar|
|data_28_val   |   in|   16|     ap_none|                                                     data_28_val|        scalar|
|data_29_val   |   in|   16|     ap_none|                                                     data_29_val|        scalar|
|data_30_val   |   in|   16|     ap_none|                                                     data_30_val|        scalar|
|data_31_val   |   in|   16|     ap_none|                                                     data_31_val|        scalar|
+--------------+-----+-----+------------+----------------------------------------------------------------+--------------+

