

================================================================
== Vitis HLS Report for 'normalize_ap_fixed_ap_fixed_16_6_5_3_0_PARAMEST_NN_config16_s'
================================================================
* Date:           Sun Apr 13 13:11:15 2025

* Version:        2023.1 (Build 3854077 on May  4 2023)
* Project:        ParamEst_NN_prj
* Solution:       solution1 (Vivado IP Flow Target)
* Product family: virtexuplus
* Target device:  xcu250-figd2104-2L-e


================================================================
== Performance Estimates
================================================================
+ Timing: 
    * Summary: 
    +--------+---------+----------+------------+
    |  Clock |  Target | Estimated| Uncertainty|
    +--------+---------+----------+------------+
    |ap_clk  |  5.00 ns|  0.833 ns|     0.62 ns|
    +--------+---------+----------+------------+

+ Latency: 
    * Summary: 
    +---------+---------+----------+----------+-----+-----+---------+
    |  Latency (cycles) |  Latency (absolute) |  Interval | Pipeline|
    |   min   |   max   |    min   |    max   | min | max |   Type  |
    +---------+---------+----------+----------+-----+-----+---------+
    |        0|        0|      0 ns|      0 ns|    1|    1|      yes|
    +---------+---------+----------+----------+-----+-----+---------+

    + Detail: 
        * Instance: 
        N/A

        * Loop: 
        N/A

============================================================
+ Verbose Summary: Synthesis Manager
============================================================
InlineROM: 1
ExposeGlobal: 0
============================================================
+ Verbose Summary: CDFG Model
============================================================
IsTopModel: 0
ResetActiveHigh: 1
IsCombinational: 0
IsDatapathOnly: 0
HasWiredReturn: 1
HasMFsm: 2
HasVarLatency: 0
IsPipeline: 1
IsRtlPipelined: 0
IsInstanceOverlapped: 0
IsDontTouch: 0
HasImplIP: 0
IsGatedGlobalClock: 0

+ Individual pipeline summary: 
  * Pipeline-0: initiation interval (II) = 1, depth = 1


============================================================
+ Verbose Summary: Schedule
============================================================
* Number of FSM states : 1
* Pipeline : 1
  Pipeline-0 : II = 1, D = 1, States = { 1 }
* Dataflow Pipeline: 0

* FSM state transitions: 
1 --> 

* FSM state operations: 

State 1 <SV = 0> <Delay = 0.83>
ST_1 : Operation 2 [1/1] (0.00ns)   --->   "%specpipeline_ln48 = specpipeline void @_ssdm_op_SpecPipeline, i32 1, i32 0, i32 0, i32 0, void @empty_0" [firmware/nnet_utils/nnet_batchnorm.h:48]   --->   Operation 2 'specpipeline' 'specpipeline_ln48' <Predicate = true> <Delay = 0.00>
ST_1 : Operation 3 [1/1] (0.00ns)   --->   "%specresourcelimit_ln48 = specresourcelimit void @_ssdm_op_SpecResourceLimit, i64 64, void @empty_1, void @empty_0, void @empty_0, void @empty_0" [firmware/nnet_utils/nnet_batchnorm.h:48]   --->   Operation 3 'specresourcelimit' 'specresourcelimit_ln48' <Predicate = true> <Delay = 0.00>
ST_1 : Operation 4 [1/1] (0.00ns)   --->   "%data_63_val_read = read i16 @_ssdm_op_Read.ap_auto.i16, i16 %data_63_val" [firmware/nnet_utils/nnet_mult.h:80->firmware/nnet_utils/nnet_batchnorm.h:54]   --->   Operation 4 'read' 'data_63_val_read' <Predicate = true> <Delay = 0.00>
ST_1 : Operation 5 [1/1] (0.00ns)   --->   "%data_62_val_read = read i16 @_ssdm_op_Read.ap_auto.i16, i16 %data_62_val" [firmware/nnet_utils/nnet_mult.h:80->firmware/nnet_utils/nnet_batchnorm.h:54]   --->   Operation 5 'read' 'data_62_val_read' <Predicate = true> <Delay = 0.00>
ST_1 : Operation 6 [1/1] (0.00ns)   --->   "%data_61_val_read = read i16 @_ssdm_op_Read.ap_auto.i16, i16 %data_61_val" [firmware/nnet_utils/nnet_mult.h:80->firmware/nnet_utils/nnet_batchnorm.h:54]   --->   Operation 6 'read' 'data_61_val_read' <Predicate = true> <Delay = 0.00>
ST_1 : Operation 7 [1/1] (0.00ns)   --->   "%data_60_val_read = read i16 @_ssdm_op_Read.ap_auto.i16, i16 %data_60_val" [firmware/nnet_utils/nnet_mult.h:80->firmware/nnet_utils/nnet_batchnorm.h:54]   --->   Operation 7 'read' 'data_60_val_read' <Predicate = true> <Delay = 0.00>
ST_1 : Operation 8 [1/1] (0.00ns)   --->   "%data_59_val_read = read i16 @_ssdm_op_Read.ap_auto.i16, i16 %data_59_val" [firmware/nnet_utils/nnet_mult.h:80->firmware/nnet_utils/nnet_batchnorm.h:54]   --->   Operation 8 'read' 'data_59_val_read' <Predicate = true> <Delay = 0.00>
ST_1 : Operation 9 [1/1] (0.00ns)   --->   "%data_58_val_read = read i16 @_ssdm_op_Read.ap_auto.i16, i16 %data_58_val" [firmware/nnet_utils/nnet_mult.h:80->firmware/nnet_utils/nnet_batchnorm.h:54]   --->   Operation 9 'read' 'data_58_val_read' <Predicate = true> <Delay = 0.00>
ST_1 : Operation 10 [1/1] (0.00ns)   --->   "%data_57_val_read = read i16 @_ssdm_op_Read.ap_auto.i16, i16 %data_57_val" [firmware/nnet_utils/nnet_mult.h:80->firmware/nnet_utils/nnet_batchnorm.h:54]   --->   Operation 10 'read' 'data_57_val_read' <Predicate = true> <Delay = 0.00>
ST_1 : Operation 11 [1/1] (0.00ns)   --->   "%data_56_val_read = read i16 @_ssdm_op_Read.ap_auto.i16, i16 %data_56_val" [firmware/nnet_utils/nnet_mult.h:80->firmware/nnet_utils/nnet_batchnorm.h:54]   --->   Operation 11 'read' 'data_56_val_read' <Predicate = true> <Delay = 0.00>
ST_1 : Operation 12 [1/1] (0.00ns)   --->   "%data_55_val_read = read i16 @_ssdm_op_Read.ap_auto.i16, i16 %data_55_val" [firmware/nnet_utils/nnet_mult.h:80->firmware/nnet_utils/nnet_batchnorm.h:54]   --->   Operation 12 'read' 'data_55_val_read' <Predicate = true> <Delay = 0.00>
ST_1 : Operation 13 [1/1] (0.00ns)   --->   "%data_54_val_read = read i16 @_ssdm_op_Read.ap_auto.i16, i16 %data_54_val" [firmware/nnet_utils/nnet_mult.h:80->firmware/nnet_utils/nnet_batchnorm.h:54]   --->   Operation 13 'read' 'data_54_val_read' <Predicate = true> <Delay = 0.00>
ST_1 : Operation 14 [1/1] (0.00ns)   --->   "%data_53_val_read = read i16 @_ssdm_op_Read.ap_auto.i16, i16 %data_53_val" [firmware/nnet_utils/nnet_mult.h:80->firmware/nnet_utils/nnet_batchnorm.h:54]   --->   Operation 14 'read' 'data_53_val_read' <Predicate = true> <Delay = 0.00>
ST_1 : Operation 15 [1/1] (0.00ns)   --->   "%data_52_val_read = read i16 @_ssdm_op_Read.ap_auto.i16, i16 %data_52_val" [firmware/nnet_utils/nnet_mult.h:80->firmware/nnet_utils/nnet_batchnorm.h:54]   --->   Operation 15 'read' 'data_52_val_read' <Predicate = true> <Delay = 0.00>
ST_1 : Operation 16 [1/1] (0.00ns)   --->   "%data_51_val_read = read i16 @_ssdm_op_Read.ap_auto.i16, i16 %data_51_val" [firmware/nnet_utils/nnet_mult.h:80->firmware/nnet_utils/nnet_batchnorm.h:54]   --->   Operation 16 'read' 'data_51_val_read' <Predicate = true> <Delay = 0.00>
ST_1 : Operation 17 [1/1] (0.00ns)   --->   "%data_50_val_read = read i16 @_ssdm_op_Read.ap_auto.i16, i16 %data_50_val" [firmware/nnet_utils/nnet_mult.h:80->firmware/nnet_utils/nnet_batchnorm.h:54]   --->   Operation 17 'read' 'data_50_val_read' <Predicate = true> <Delay = 0.00>
ST_1 : Operation 18 [1/1] (0.00ns)   --->   "%data_49_val_read = read i16 @_ssdm_op_Read.ap_auto.i16, i16 %data_49_val" [firmware/nnet_utils/nnet_mult.h:80->firmware/nnet_utils/nnet_batchnorm.h:54]   --->   Operation 18 'read' 'data_49_val_read' <Predicate = true> <Delay = 0.00>
ST_1 : Operation 19 [1/1] (0.00ns)   --->   "%data_48_val_read = read i16 @_ssdm_op_Read.ap_auto.i16, i16 %data_48_val" [firmware/nnet_utils/nnet_mult.h:80->firmware/nnet_utils/nnet_batchnorm.h:54]   --->   Operation 19 'read' 'data_48_val_read' <Predicate = true> <Delay = 0.00>
ST_1 : Operation 20 [1/1] (0.00ns)   --->   "%data_47_val_read = read i16 @_ssdm_op_Read.ap_auto.i16, i16 %data_47_val" [firmware/nnet_utils/nnet_mult.h:80->firmware/nnet_utils/nnet_batchnorm.h:54]   --->   Operation 20 'read' 'data_47_val_read' <Predicate = true> <Delay = 0.00>
ST_1 : Operation 21 [1/1] (0.00ns)   --->   "%data_46_val_read = read i16 @_ssdm_op_Read.ap_auto.i16, i16 %data_46_val" [firmware/nnet_utils/nnet_mult.h:80->firmware/nnet_utils/nnet_batchnorm.h:54]   --->   Operation 21 'read' 'data_46_val_read' <Predicate = true> <Delay = 0.00>
ST_1 : Operation 22 [1/1] (0.00ns)   --->   "%data_45_val_read = read i16 @_ssdm_op_Read.ap_auto.i16, i16 %data_45_val" [firmware/nnet_utils/nnet_mult.h:80->firmware/nnet_utils/nnet_batchnorm.h:54]   --->   Operation 22 'read' 'data_45_val_read' <Predicate = true> <Delay = 0.00>
ST_1 : Operation 23 [1/1] (0.00ns)   --->   "%data_44_val_read = read i16 @_ssdm_op_Read.ap_auto.i16, i16 %data_44_val" [firmware/nnet_utils/nnet_mult.h:80->firmware/nnet_utils/nnet_batchnorm.h:54]   --->   Operation 23 'read' 'data_44_val_read' <Predicate = true> <Delay = 0.00>
ST_1 : Operation 24 [1/1] (0.00ns)   --->   "%data_43_val_read = read i16 @_ssdm_op_Read.ap_auto.i16, i16 %data_43_val" [firmware/nnet_utils/nnet_mult.h:80->firmware/nnet_utils/nnet_batchnorm.h:54]   --->   Operation 24 'read' 'data_43_val_read' <Predicate = true> <Delay = 0.00>
ST_1 : Operation 25 [1/1] (0.00ns)   --->   "%data_42_val_read = read i16 @_ssdm_op_Read.ap_auto.i16, i16 %data_42_val" [firmware/nnet_utils/nnet_mult.h:80->firmware/nnet_utils/nnet_batchnorm.h:54]   --->   Operation 25 'read' 'data_42_val_read' <Predicate = true> <Delay = 0.00>
ST_1 : Operation 26 [1/1] (0.00ns)   --->   "%data_41_val_read = read i16 @_ssdm_op_Read.ap_auto.i16, i16 %data_41_val" [firmware/nnet_utils/nnet_mult.h:80->firmware/nnet_utils/nnet_batchnorm.h:54]   --->   Operation 26 'read' 'data_41_val_read' <Predicate = true> <Delay = 0.00>
ST_1 : Operation 27 [1/1] (0.00ns)   --->   "%data_40_val_read = read i16 @_ssdm_op_Read.ap_auto.i16, i16 %data_40_val" [firmware/nnet_utils/nnet_mult.h:80->firmware/nnet_utils/nnet_batchnorm.h:54]   --->   Operation 27 'read' 'data_40_val_read' <Predicate = true> <Delay = 0.00>
ST_1 : Operation 28 [1/1] (0.00ns)   --->   "%data_39_val_read = read i16 @_ssdm_op_Read.ap_auto.i16, i16 %data_39_val" [firmware/nnet_utils/nnet_mult.h:80->firmware/nnet_utils/nnet_batchnorm.h:54]   --->   Operation 28 'read' 'data_39_val_read' <Predicate = true> <Delay = 0.00>
ST_1 : Operation 29 [1/1] (0.00ns)   --->   "%data_38_val_read = read i16 @_ssdm_op_Read.ap_auto.i16, i16 %data_38_val" [firmware/nnet_utils/nnet_mult.h:80->firmware/nnet_utils/nnet_batchnorm.h:54]   --->   Operation 29 'read' 'data_38_val_read' <Predicate = true> <Delay = 0.00>
ST_1 : Operation 30 [1/1] (0.00ns)   --->   "%data_37_val_read = read i16 @_ssdm_op_Read.ap_auto.i16, i16 %data_37_val" [firmware/nnet_utils/nnet_mult.h:80->firmware/nnet_utils/nnet_batchnorm.h:54]   --->   Operation 30 'read' 'data_37_val_read' <Predicate = true> <Delay = 0.00>
ST_1 : Operation 31 [1/1] (0.00ns)   --->   "%data_36_val_read = read i16 @_ssdm_op_Read.ap_auto.i16, i16 %data_36_val" [firmware/nnet_utils/nnet_mult.h:80->firmware/nnet_utils/nnet_batchnorm.h:54]   --->   Operation 31 'read' 'data_36_val_read' <Predicate = true> <Delay = 0.00>
ST_1 : Operation 32 [1/1] (0.00ns)   --->   "%data_35_val_read = read i16 @_ssdm_op_Read.ap_auto.i16, i16 %data_35_val" [firmware/nnet_utils/nnet_mult.h:80->firmware/nnet_utils/nnet_batchnorm.h:54]   --->   Operation 32 'read' 'data_35_val_read' <Predicate = true> <Delay = 0.00>
ST_1 : Operation 33 [1/1] (0.00ns)   --->   "%data_34_val_read = read i16 @_ssdm_op_Read.ap_auto.i16, i16 %data_34_val" [firmware/nnet_utils/nnet_mult.h:80->firmware/nnet_utils/nnet_batchnorm.h:54]   --->   Operation 33 'read' 'data_34_val_read' <Predicate = true> <Delay = 0.00>
ST_1 : Operation 34 [1/1] (0.00ns)   --->   "%data_33_val_read = read i16 @_ssdm_op_Read.ap_auto.i16, i16 %data_33_val" [firmware/nnet_utils/nnet_mult.h:80->firmware/nnet_utils/nnet_batchnorm.h:54]   --->   Operation 34 'read' 'data_33_val_read' <Predicate = true> <Delay = 0.00>
ST_1 : Operation 35 [1/1] (0.00ns)   --->   "%data_32_val_read = read i16 @_ssdm_op_Read.ap_auto.i16, i16 %data_32_val" [firmware/nnet_utils/nnet_mult.h:80->firmware/nnet_utils/nnet_batchnorm.h:54]   --->   Operation 35 'read' 'data_32_val_read' <Predicate = true> <Delay = 0.00>
ST_1 : Operation 36 [1/1] (0.00ns)   --->   "%data_31_val_read = read i16 @_ssdm_op_Read.ap_auto.i16, i16 %data_31_val" [firmware/nnet_utils/nnet_mult.h:80->firmware/nnet_utils/nnet_batchnorm.h:54]   --->   Operation 36 'read' 'data_31_val_read' <Predicate = true> <Delay = 0.00>
ST_1 : Operation 37 [1/1] (0.00ns)   --->   "%data_30_val_read = read i16 @_ssdm_op_Read.ap_auto.i16, i16 %data_30_val" [firmware/nnet_utils/nnet_mult.h:80->firmware/nnet_utils/nnet_batchnorm.h:54]   --->   Operation 37 'read' 'data_30_val_read' <Predicate = true> <Delay = 0.00>
ST_1 : Operation 38 [1/1] (0.00ns)   --->   "%data_29_val_read = read i16 @_ssdm_op_Read.ap_auto.i16, i16 %data_29_val" [firmware/nnet_utils/nnet_mult.h:80->firmware/nnet_utils/nnet_batchnorm.h:54]   --->   Operation 38 'read' 'data_29_val_read' <Predicate = true> <Delay = 0.00>
ST_1 : Operation 39 [1/1] (0.00ns)   --->   "%data_28_val_read = read i16 @_ssdm_op_Read.ap_auto.i16, i16 %data_28_val" [firmware/nnet_utils/nnet_mult.h:80->firmware/nnet_utils/nnet_batchnorm.h:54]   --->   Operation 39 'read' 'data_28_val_read' <Predicate = true> <Delay = 0.00>
ST_1 : Operation 40 [1/1] (0.00ns)   --->   "%data_27_val_read = read i16 @_ssdm_op_Read.ap_auto.i16, i16 %data_27_val" [firmware/nnet_utils/nnet_mult.h:80->firmware/nnet_utils/nnet_batchnorm.h:54]   --->   Operation 40 'read' 'data_27_val_read' <Predicate = true> <Delay = 0.00>
ST_1 : Operation 41 [1/1] (0.00ns)   --->   "%data_26_val_read = read i16 @_ssdm_op_Read.ap_auto.i16, i16 %data_26_val" [firmware/nnet_utils/nnet_mult.h:80->firmware/nnet_utils/nnet_batchnorm.h:54]   --->   Operation 41 'read' 'data_26_val_read' <Predicate = true> <Delay = 0.00>
ST_1 : Operation 42 [1/1] (0.00ns)   --->   "%data_25_val_read = read i16 @_ssdm_op_Read.ap_auto.i16, i16 %data_25_val" [firmware/nnet_utils/nnet_mult.h:80->firmware/nnet_utils/nnet_batchnorm.h:54]   --->   Operation 42 'read' 'data_25_val_read' <Predicate = true> <Delay = 0.00>
ST_1 : Operation 43 [1/1] (0.00ns)   --->   "%data_24_val_read = read i16 @_ssdm_op_Read.ap_auto.i16, i16 %data_24_val" [firmware/nnet_utils/nnet_mult.h:80->firmware/nnet_utils/nnet_batchnorm.h:54]   --->   Operation 43 'read' 'data_24_val_read' <Predicate = true> <Delay = 0.00>
ST_1 : Operation 44 [1/1] (0.00ns)   --->   "%data_23_val_read = read i16 @_ssdm_op_Read.ap_auto.i16, i16 %data_23_val" [firmware/nnet_utils/nnet_mult.h:80->firmware/nnet_utils/nnet_batchnorm.h:54]   --->   Operation 44 'read' 'data_23_val_read' <Predicate = true> <Delay = 0.00>
ST_1 : Operation 45 [1/1] (0.00ns)   --->   "%data_22_val_read = read i16 @_ssdm_op_Read.ap_auto.i16, i16 %data_22_val" [firmware/nnet_utils/nnet_mult.h:80->firmware/nnet_utils/nnet_batchnorm.h:54]   --->   Operation 45 'read' 'data_22_val_read' <Predicate = true> <Delay = 0.00>
ST_1 : Operation 46 [1/1] (0.00ns)   --->   "%data_21_val_read = read i16 @_ssdm_op_Read.ap_auto.i16, i16 %data_21_val" [firmware/nnet_utils/nnet_mult.h:80->firmware/nnet_utils/nnet_batchnorm.h:54]   --->   Operation 46 'read' 'data_21_val_read' <Predicate = true> <Delay = 0.00>
ST_1 : Operation 47 [1/1] (0.00ns)   --->   "%data_20_val_read = read i16 @_ssdm_op_Read.ap_auto.i16, i16 %data_20_val" [firmware/nnet_utils/nnet_mult.h:80->firmware/nnet_utils/nnet_batchnorm.h:54]   --->   Operation 47 'read' 'data_20_val_read' <Predicate = true> <Delay = 0.00>
ST_1 : Operation 48 [1/1] (0.00ns)   --->   "%data_19_val_read = read i16 @_ssdm_op_Read.ap_auto.i16, i16 %data_19_val" [firmware/nnet_utils/nnet_mult.h:80->firmware/nnet_utils/nnet_batchnorm.h:54]   --->   Operation 48 'read' 'data_19_val_read' <Predicate = true> <Delay = 0.00>
ST_1 : Operation 49 [1/1] (0.00ns)   --->   "%data_18_val_read = read i16 @_ssdm_op_Read.ap_auto.i16, i16 %data_18_val" [firmware/nnet_utils/nnet_mult.h:80->firmware/nnet_utils/nnet_batchnorm.h:54]   --->   Operation 49 'read' 'data_18_val_read' <Predicate = true> <Delay = 0.00>
ST_1 : Operation 50 [1/1] (0.00ns)   --->   "%data_17_val_read = read i16 @_ssdm_op_Read.ap_auto.i16, i16 %data_17_val" [firmware/nnet_utils/nnet_mult.h:80->firmware/nnet_utils/nnet_batchnorm.h:54]   --->   Operation 50 'read' 'data_17_val_read' <Predicate = true> <Delay = 0.00>
ST_1 : Operation 51 [1/1] (0.00ns)   --->   "%data_16_val_read = read i16 @_ssdm_op_Read.ap_auto.i16, i16 %data_16_val" [firmware/nnet_utils/nnet_mult.h:80->firmware/nnet_utils/nnet_batchnorm.h:54]   --->   Operation 51 'read' 'data_16_val_read' <Predicate = true> <Delay = 0.00>
ST_1 : Operation 52 [1/1] (0.00ns)   --->   "%data_15_val_read = read i16 @_ssdm_op_Read.ap_auto.i16, i16 %data_15_val" [firmware/nnet_utils/nnet_mult.h:80->firmware/nnet_utils/nnet_batchnorm.h:54]   --->   Operation 52 'read' 'data_15_val_read' <Predicate = true> <Delay = 0.00>
ST_1 : Operation 53 [1/1] (0.00ns)   --->   "%data_14_val_read = read i16 @_ssdm_op_Read.ap_auto.i16, i16 %data_14_val" [firmware/nnet_utils/nnet_mult.h:80->firmware/nnet_utils/nnet_batchnorm.h:54]   --->   Operation 53 'read' 'data_14_val_read' <Predicate = true> <Delay = 0.00>
ST_1 : Operation 54 [1/1] (0.00ns)   --->   "%data_13_val_read = read i16 @_ssdm_op_Read.ap_auto.i16, i16 %data_13_val" [firmware/nnet_utils/nnet_mult.h:80->firmware/nnet_utils/nnet_batchnorm.h:54]   --->   Operation 54 'read' 'data_13_val_read' <Predicate = true> <Delay = 0.00>
ST_1 : Operation 55 [1/1] (0.00ns)   --->   "%data_12_val_read = read i16 @_ssdm_op_Read.ap_auto.i16, i16 %data_12_val" [firmware/nnet_utils/nnet_mult.h:80->firmware/nnet_utils/nnet_batchnorm.h:54]   --->   Operation 55 'read' 'data_12_val_read' <Predicate = true> <Delay = 0.00>
ST_1 : Operation 56 [1/1] (0.00ns)   --->   "%data_11_val_read = read i16 @_ssdm_op_Read.ap_auto.i16, i16 %data_11_val" [firmware/nnet_utils/nnet_mult.h:80->firmware/nnet_utils/nnet_batchnorm.h:54]   --->   Operation 56 'read' 'data_11_val_read' <Predicate = true> <Delay = 0.00>
ST_1 : Operation 57 [1/1] (0.00ns)   --->   "%data_10_val_read = read i16 @_ssdm_op_Read.ap_auto.i16, i16 %data_10_val" [firmware/nnet_utils/nnet_mult.h:80->firmware/nnet_utils/nnet_batchnorm.h:54]   --->   Operation 57 'read' 'data_10_val_read' <Predicate = true> <Delay = 0.00>
ST_1 : Operation 58 [1/1] (0.00ns)   --->   "%data_9_val_read = read i16 @_ssdm_op_Read.ap_auto.i16, i16 %data_9_val" [firmware/nnet_utils/nnet_mult.h:80->firmware/nnet_utils/nnet_batchnorm.h:54]   --->   Operation 58 'read' 'data_9_val_read' <Predicate = true> <Delay = 0.00>
ST_1 : Operation 59 [1/1] (0.00ns)   --->   "%data_8_val_read = read i16 @_ssdm_op_Read.ap_auto.i16, i16 %data_8_val" [firmware/nnet_utils/nnet_mult.h:80->firmware/nnet_utils/nnet_batchnorm.h:54]   --->   Operation 59 'read' 'data_8_val_read' <Predicate = true> <Delay = 0.00>
ST_1 : Operation 60 [1/1] (0.00ns)   --->   "%data_7_val_read = read i16 @_ssdm_op_Read.ap_auto.i16, i16 %data_7_val" [firmware/nnet_utils/nnet_mult.h:80->firmware/nnet_utils/nnet_batchnorm.h:54]   --->   Operation 60 'read' 'data_7_val_read' <Predicate = true> <Delay = 0.00>
ST_1 : Operation 61 [1/1] (0.00ns)   --->   "%data_6_val_read = read i16 @_ssdm_op_Read.ap_auto.i16, i16 %data_6_val" [firmware/nnet_utils/nnet_mult.h:80->firmware/nnet_utils/nnet_batchnorm.h:54]   --->   Operation 61 'read' 'data_6_val_read' <Predicate = true> <Delay = 0.00>
ST_1 : Operation 62 [1/1] (0.00ns)   --->   "%data_5_val_read = read i16 @_ssdm_op_Read.ap_auto.i16, i16 %data_5_val" [firmware/nnet_utils/nnet_mult.h:80->firmware/nnet_utils/nnet_batchnorm.h:54]   --->   Operation 62 'read' 'data_5_val_read' <Predicate = true> <Delay = 0.00>
ST_1 : Operation 63 [1/1] (0.00ns)   --->   "%data_4_val_read = read i16 @_ssdm_op_Read.ap_auto.i16, i16 %data_4_val" [firmware/nnet_utils/nnet_mult.h:80->firmware/nnet_utils/nnet_batchnorm.h:54]   --->   Operation 63 'read' 'data_4_val_read' <Predicate = true> <Delay = 0.00>
ST_1 : Operation 64 [1/1] (0.00ns)   --->   "%data_3_val_read = read i16 @_ssdm_op_Read.ap_auto.i16, i16 %data_3_val" [firmware/nnet_utils/nnet_mult.h:80->firmware/nnet_utils/nnet_batchnorm.h:54]   --->   Operation 64 'read' 'data_3_val_read' <Predicate = true> <Delay = 0.00>
ST_1 : Operation 65 [1/1] (0.00ns)   --->   "%data_2_val_read = read i16 @_ssdm_op_Read.ap_auto.i16, i16 %data_2_val" [firmware/nnet_utils/nnet_mult.h:80->firmware/nnet_utils/nnet_batchnorm.h:54]   --->   Operation 65 'read' 'data_2_val_read' <Predicate = true> <Delay = 0.00>
ST_1 : Operation 66 [1/1] (0.00ns)   --->   "%data_1_val_read = read i16 @_ssdm_op_Read.ap_auto.i16, i16 %data_1_val" [firmware/nnet_utils/nnet_mult.h:80->firmware/nnet_utils/nnet_batchnorm.h:54]   --->   Operation 66 'read' 'data_1_val_read' <Predicate = true> <Delay = 0.00>
ST_1 : Operation 67 [1/1] (0.00ns)   --->   "%data_0_val_read = read i16 @_ssdm_op_Read.ap_auto.i16, i16 %data_0_val" [firmware/nnet_utils/nnet_mult.h:80->firmware/nnet_utils/nnet_batchnorm.h:54]   --->   Operation 67 'read' 'data_0_val_read' <Predicate = true> <Delay = 0.00>
ST_1 : Operation 68 [1/1] (0.00ns)   --->   "%y = bitconcatenate i24 @_ssdm_op_BitConcatenate.i24.i16.i8, i16 %data_0_val_read, i8 0" [firmware/nnet_utils/nnet_mult.h:85->firmware/nnet_utils/nnet_batchnorm.h:54]   --->   Operation 68 'bitconcatenate' 'y' <Predicate = true> <Delay = 0.00>
ST_1 : Operation 69 [1/1] (0.83ns)   --->   "%add_ln54 = add i24 %y, i24 9472" [firmware/nnet_utils/nnet_batchnorm.h:54]   --->   Operation 69 'add' 'add_ln54' <Predicate = true> <Delay = 0.83> <CoreInst = "Adder">   --->   Core 1 'Adder' <Latency = 0> <II = 1> <Delay = 0.83> <FuncUnit> <Opcode : 'add' 'sub'> <InPorts = 2> <OutPorts = 1>
ST_1 : Operation 70 [1/1] (0.00ns)   --->   "%trunc_ln = partselect i16 @_ssdm_op_PartSelect.i16.i24.i32.i32, i24 %add_ln54, i32 8, i32 23" [firmware/nnet_utils/nnet_batchnorm.h:54]   --->   Operation 70 'partselect' 'trunc_ln' <Predicate = true> <Delay = 0.00>
ST_1 : Operation 71 [1/1] (0.00ns)   --->   "%y_82 = bitconcatenate i24 @_ssdm_op_BitConcatenate.i24.i16.i8, i16 %data_1_val_read, i8 0" [firmware/nnet_utils/nnet_mult.h:85->firmware/nnet_utils/nnet_batchnorm.h:54]   --->   Operation 71 'bitconcatenate' 'y_82' <Predicate = true> <Delay = 0.00>
ST_1 : Operation 72 [1/1] (0.83ns)   --->   "%add_ln54_32 = add i24 %y_82, i24 3328" [firmware/nnet_utils/nnet_batchnorm.h:54]   --->   Operation 72 'add' 'add_ln54_32' <Predicate = true> <Delay = 0.83> <CoreInst = "Adder">   --->   Core 1 'Adder' <Latency = 0> <II = 1> <Delay = 0.83> <FuncUnit> <Opcode : 'add' 'sub'> <InPorts = 2> <OutPorts = 1>
ST_1 : Operation 73 [1/1] (0.00ns)   --->   "%trunc_ln54_s = partselect i16 @_ssdm_op_PartSelect.i16.i24.i32.i32, i24 %add_ln54_32, i32 8, i32 23" [firmware/nnet_utils/nnet_batchnorm.h:54]   --->   Operation 73 'partselect' 'trunc_ln54_s' <Predicate = true> <Delay = 0.00>
ST_1 : Operation 74 [1/1] (0.00ns)   --->   "%y_27 = bitconcatenate i24 @_ssdm_op_BitConcatenate.i24.i16.i8, i16 %data_2_val_read, i8 0" [firmware/nnet_utils/nnet_mult.h:85->firmware/nnet_utils/nnet_batchnorm.h:54]   --->   Operation 74 'bitconcatenate' 'y_27' <Predicate = true> <Delay = 0.00>
ST_1 : Operation 75 [1/1] (0.83ns)   --->   "%add_ln54_33 = add i24 %y_27, i24 2304" [firmware/nnet_utils/nnet_batchnorm.h:54]   --->   Operation 75 'add' 'add_ln54_33' <Predicate = true> <Delay = 0.83> <CoreInst = "Adder">   --->   Core 1 'Adder' <Latency = 0> <II = 1> <Delay = 0.83> <FuncUnit> <Opcode : 'add' 'sub'> <InPorts = 2> <OutPorts = 1>
ST_1 : Operation 76 [1/1] (0.00ns)   --->   "%trunc_ln54_30 = partselect i16 @_ssdm_op_PartSelect.i16.i24.i32.i32, i24 %add_ln54_33, i32 8, i32 23" [firmware/nnet_utils/nnet_batchnorm.h:54]   --->   Operation 76 'partselect' 'trunc_ln54_30' <Predicate = true> <Delay = 0.00>
ST_1 : Operation 77 [1/1] (0.00ns)   --->   "%y_28 = bitconcatenate i24 @_ssdm_op_BitConcatenate.i24.i16.i8, i16 %data_3_val_read, i8 0" [firmware/nnet_utils/nnet_mult.h:85->firmware/nnet_utils/nnet_batchnorm.h:54]   --->   Operation 77 'bitconcatenate' 'y_28' <Predicate = true> <Delay = 0.00>
ST_1 : Operation 78 [1/1] (0.83ns)   --->   "%add_ln54_34 = add i24 %y_28, i24 6400" [firmware/nnet_utils/nnet_batchnorm.h:54]   --->   Operation 78 'add' 'add_ln54_34' <Predicate = true> <Delay = 0.83> <CoreInst = "Adder">   --->   Core 1 'Adder' <Latency = 0> <II = 1> <Delay = 0.83> <FuncUnit> <Opcode : 'add' 'sub'> <InPorts = 2> <OutPorts = 1>
ST_1 : Operation 79 [1/1] (0.00ns)   --->   "%trunc_ln54_31 = partselect i16 @_ssdm_op_PartSelect.i16.i24.i32.i32, i24 %add_ln54_34, i32 8, i32 23" [firmware/nnet_utils/nnet_batchnorm.h:54]   --->   Operation 79 'partselect' 'trunc_ln54_31' <Predicate = true> <Delay = 0.00>
ST_1 : Operation 80 [1/1] (0.00ns)   --->   "%y_29 = bitconcatenate i24 @_ssdm_op_BitConcatenate.i24.i16.i8, i16 %data_4_val_read, i8 0" [firmware/nnet_utils/nnet_mult.h:85->firmware/nnet_utils/nnet_batchnorm.h:54]   --->   Operation 80 'bitconcatenate' 'y_29' <Predicate = true> <Delay = 0.00>
ST_1 : Operation 81 [1/1] (0.83ns)   --->   "%add_ln54_35 = add i24 %y_29, i24 16773376" [firmware/nnet_utils/nnet_batchnorm.h:54]   --->   Operation 81 'add' 'add_ln54_35' <Predicate = true> <Delay = 0.83> <CoreInst = "Adder">   --->   Core 1 'Adder' <Latency = 0> <II = 1> <Delay = 0.83> <FuncUnit> <Opcode : 'add' 'sub'> <InPorts = 2> <OutPorts = 1>
ST_1 : Operation 82 [1/1] (0.00ns)   --->   "%trunc_ln54_32 = partselect i16 @_ssdm_op_PartSelect.i16.i24.i32.i32, i24 %add_ln54_35, i32 8, i32 23" [firmware/nnet_utils/nnet_batchnorm.h:54]   --->   Operation 82 'partselect' 'trunc_ln54_32' <Predicate = true> <Delay = 0.00>
ST_1 : Operation 83 [1/1] (0.00ns)   --->   "%y_30 = bitconcatenate i24 @_ssdm_op_BitConcatenate.i24.i16.i8, i16 %data_5_val_read, i8 0" [firmware/nnet_utils/nnet_mult.h:85->firmware/nnet_utils/nnet_batchnorm.h:54]   --->   Operation 83 'bitconcatenate' 'y_30' <Predicate = true> <Delay = 0.00>
ST_1 : Operation 84 [1/1] (0.83ns)   --->   "%add_ln54_36 = add i24 %y_30, i24 13568" [firmware/nnet_utils/nnet_batchnorm.h:54]   --->   Operation 84 'add' 'add_ln54_36' <Predicate = true> <Delay = 0.83> <CoreInst = "Adder">   --->   Core 1 'Adder' <Latency = 0> <II = 1> <Delay = 0.83> <FuncUnit> <Opcode : 'add' 'sub'> <InPorts = 2> <OutPorts = 1>
ST_1 : Operation 85 [1/1] (0.00ns)   --->   "%trunc_ln54_33 = partselect i16 @_ssdm_op_PartSelect.i16.i24.i32.i32, i24 %add_ln54_36, i32 8, i32 23" [firmware/nnet_utils/nnet_batchnorm.h:54]   --->   Operation 85 'partselect' 'trunc_ln54_33' <Predicate = true> <Delay = 0.00>
ST_1 : Operation 86 [1/1] (0.00ns)   --->   "%y_31 = bitconcatenate i24 @_ssdm_op_BitConcatenate.i24.i16.i8, i16 %data_6_val_read, i8 0" [firmware/nnet_utils/nnet_mult.h:85->firmware/nnet_utils/nnet_batchnorm.h:54]   --->   Operation 86 'bitconcatenate' 'y_31' <Predicate = true> <Delay = 0.00>
ST_1 : Operation 87 [1/1] (0.83ns)   --->   "%add_ln54_37 = add i24 %y_31, i24 14848" [firmware/nnet_utils/nnet_batchnorm.h:54]   --->   Operation 87 'add' 'add_ln54_37' <Predicate = true> <Delay = 0.83> <CoreInst = "Adder">   --->   Core 1 'Adder' <Latency = 0> <II = 1> <Delay = 0.83> <FuncUnit> <Opcode : 'add' 'sub'> <InPorts = 2> <OutPorts = 1>
ST_1 : Operation 88 [1/1] (0.00ns)   --->   "%trunc_ln54_34 = partselect i16 @_ssdm_op_PartSelect.i16.i24.i32.i32, i24 %add_ln54_37, i32 8, i32 23" [firmware/nnet_utils/nnet_batchnorm.h:54]   --->   Operation 88 'partselect' 'trunc_ln54_34' <Predicate = true> <Delay = 0.00>
ST_1 : Operation 89 [1/1] (0.00ns)   --->   "%y_32 = bitconcatenate i24 @_ssdm_op_BitConcatenate.i24.i16.i8, i16 %data_7_val_read, i8 0" [firmware/nnet_utils/nnet_mult.h:85->firmware/nnet_utils/nnet_batchnorm.h:54]   --->   Operation 89 'bitconcatenate' 'y_32' <Predicate = true> <Delay = 0.00>
ST_1 : Operation 90 [1/1] (0.83ns)   --->   "%add_ln54_38 = add i24 %y_32, i24 10496" [firmware/nnet_utils/nnet_batchnorm.h:54]   --->   Operation 90 'add' 'add_ln54_38' <Predicate = true> <Delay = 0.83> <CoreInst = "Adder">   --->   Core 1 'Adder' <Latency = 0> <II = 1> <Delay = 0.83> <FuncUnit> <Opcode : 'add' 'sub'> <InPorts = 2> <OutPorts = 1>
ST_1 : Operation 91 [1/1] (0.00ns)   --->   "%trunc_ln54_35 = partselect i16 @_ssdm_op_PartSelect.i16.i24.i32.i32, i24 %add_ln54_38, i32 8, i32 23" [firmware/nnet_utils/nnet_batchnorm.h:54]   --->   Operation 91 'partselect' 'trunc_ln54_35' <Predicate = true> <Delay = 0.00>
ST_1 : Operation 92 [1/1] (0.00ns)   --->   "%y_33 = bitconcatenate i23 @_ssdm_op_BitConcatenate.i23.i16.i7, i16 %data_8_val_read, i7 0" [firmware/nnet_utils/nnet_mult.h:85->firmware/nnet_utils/nnet_batchnorm.h:54]   --->   Operation 92 'bitconcatenate' 'y_33' <Predicate = true> <Delay = 0.00>
ST_1 : Operation 93 [1/1] (0.00ns)   --->   "%sext_ln54_10 = sext i23 %y_33" [firmware/nnet_utils/nnet_batchnorm.h:54]   --->   Operation 93 'sext' 'sext_ln54_10' <Predicate = true> <Delay = 0.00>
ST_1 : Operation 94 [1/1] (0.82ns)   --->   "%add_ln54_39 = add i24 %sext_ln54_10, i24 5664" [firmware/nnet_utils/nnet_batchnorm.h:54]   --->   Operation 94 'add' 'add_ln54_39' <Predicate = true> <Delay = 0.82> <CoreInst = "Adder">   --->   Core 1 'Adder' <Latency = 0> <II = 1> <Delay = 0.82> <FuncUnit> <Opcode : 'add' 'sub'> <InPorts = 2> <OutPorts = 1>
ST_1 : Operation 95 [1/1] (0.00ns)   --->   "%trunc_ln54_36 = partselect i16 @_ssdm_op_PartSelect.i16.i24.i32.i32, i24 %add_ln54_39, i32 8, i32 23" [firmware/nnet_utils/nnet_batchnorm.h:54]   --->   Operation 95 'partselect' 'trunc_ln54_36' <Predicate = true> <Delay = 0.00>
ST_1 : Operation 96 [1/1] (0.00ns)   --->   "%y_34 = bitconcatenate i24 @_ssdm_op_BitConcatenate.i24.i16.i8, i16 %data_9_val_read, i8 0" [firmware/nnet_utils/nnet_mult.h:85->firmware/nnet_utils/nnet_batchnorm.h:54]   --->   Operation 96 'bitconcatenate' 'y_34' <Predicate = true> <Delay = 0.00>
ST_1 : Operation 97 [1/1] (0.83ns)   --->   "%add_ln54_40 = add i24 %y_34, i24 16640" [firmware/nnet_utils/nnet_batchnorm.h:54]   --->   Operation 97 'add' 'add_ln54_40' <Predicate = true> <Delay = 0.83> <CoreInst = "Adder">   --->   Core 1 'Adder' <Latency = 0> <II = 1> <Delay = 0.83> <FuncUnit> <Opcode : 'add' 'sub'> <InPorts = 2> <OutPorts = 1>
ST_1 : Operation 98 [1/1] (0.00ns)   --->   "%trunc_ln54_37 = partselect i16 @_ssdm_op_PartSelect.i16.i24.i32.i32, i24 %add_ln54_40, i32 8, i32 23" [firmware/nnet_utils/nnet_batchnorm.h:54]   --->   Operation 98 'partselect' 'trunc_ln54_37' <Predicate = true> <Delay = 0.00>
ST_1 : Operation 99 [1/1] (0.00ns)   --->   "%y_35 = bitconcatenate i24 @_ssdm_op_BitConcatenate.i24.i16.i8, i16 %data_10_val_read, i8 0" [firmware/nnet_utils/nnet_mult.h:85->firmware/nnet_utils/nnet_batchnorm.h:54]   --->   Operation 99 'bitconcatenate' 'y_35' <Predicate = true> <Delay = 0.00>
ST_1 : Operation 100 [1/1] (0.83ns)   --->   "%add_ln54_41 = add i24 %y_35, i24 23040" [firmware/nnet_utils/nnet_batchnorm.h:54]   --->   Operation 100 'add' 'add_ln54_41' <Predicate = true> <Delay = 0.83> <CoreInst = "Adder">   --->   Core 1 'Adder' <Latency = 0> <II = 1> <Delay = 0.83> <FuncUnit> <Opcode : 'add' 'sub'> <InPorts = 2> <OutPorts = 1>
ST_1 : Operation 101 [1/1] (0.00ns)   --->   "%trunc_ln54_38 = partselect i16 @_ssdm_op_PartSelect.i16.i24.i32.i32, i24 %add_ln54_41, i32 8, i32 23" [firmware/nnet_utils/nnet_batchnorm.h:54]   --->   Operation 101 'partselect' 'trunc_ln54_38' <Predicate = true> <Delay = 0.00>
ST_1 : Operation 102 [1/1] (0.00ns)   --->   "%y_36 = bitconcatenate i24 @_ssdm_op_BitConcatenate.i24.i16.i8, i16 %data_11_val_read, i8 0" [firmware/nnet_utils/nnet_mult.h:85->firmware/nnet_utils/nnet_batchnorm.h:54]   --->   Operation 102 'bitconcatenate' 'y_36' <Predicate = true> <Delay = 0.00>
ST_1 : Operation 103 [1/1] (0.83ns)   --->   "%add_ln54_42 = add i24 %y_36, i24 10752" [firmware/nnet_utils/nnet_batchnorm.h:54]   --->   Operation 103 'add' 'add_ln54_42' <Predicate = true> <Delay = 0.83> <CoreInst = "Adder">   --->   Core 1 'Adder' <Latency = 0> <II = 1> <Delay = 0.83> <FuncUnit> <Opcode : 'add' 'sub'> <InPorts = 2> <OutPorts = 1>
ST_1 : Operation 104 [1/1] (0.00ns)   --->   "%trunc_ln54_39 = partselect i16 @_ssdm_op_PartSelect.i16.i24.i32.i32, i24 %add_ln54_42, i32 8, i32 23" [firmware/nnet_utils/nnet_batchnorm.h:54]   --->   Operation 104 'partselect' 'trunc_ln54_39' <Predicate = true> <Delay = 0.00>
ST_1 : Operation 105 [1/1] (0.00ns)   --->   "%trunc_ln54_40 = partselect i15 @_ssdm_op_PartSelect.i15.i16.i32.i32, i16 %data_12_val_read, i32 1, i32 15" [firmware/nnet_utils/nnet_batchnorm.h:54]   --->   Operation 105 'partselect' 'trunc_ln54_40' <Predicate = true> <Delay = 0.00>
ST_1 : Operation 106 [1/1] (0.00ns)   --->   "%sext_ln54 = sext i15 %trunc_ln54_40" [firmware/nnet_utils/nnet_batchnorm.h:54]   --->   Operation 106 'sext' 'sext_ln54' <Predicate = true> <Delay = 0.00>
ST_1 : Operation 107 [1/1] (0.00ns)   --->   "%y_37 = bitconcatenate i23 @_ssdm_op_BitConcatenate.i23.i16.i7, i16 %data_13_val_read, i7 0" [firmware/nnet_utils/nnet_mult.h:85->firmware/nnet_utils/nnet_batchnorm.h:54]   --->   Operation 107 'bitconcatenate' 'y_37' <Predicate = true> <Delay = 0.00>
ST_1 : Operation 108 [1/1] (0.00ns)   --->   "%sext_ln54_11 = sext i23 %y_37" [firmware/nnet_utils/nnet_batchnorm.h:54]   --->   Operation 108 'sext' 'sext_ln54_11' <Predicate = true> <Delay = 0.00>
ST_1 : Operation 109 [1/1] (0.82ns)   --->   "%add_ln54_43 = add i24 %sext_ln54_11, i24 16769752" [firmware/nnet_utils/nnet_batchnorm.h:54]   --->   Operation 109 'add' 'add_ln54_43' <Predicate = true> <Delay = 0.82> <CoreInst = "Adder">   --->   Core 1 'Adder' <Latency = 0> <II = 1> <Delay = 0.82> <FuncUnit> <Opcode : 'add' 'sub'> <InPorts = 2> <OutPorts = 1>
ST_1 : Operation 110 [1/1] (0.00ns)   --->   "%trunc_ln54_41 = partselect i16 @_ssdm_op_PartSelect.i16.i24.i32.i32, i24 %add_ln54_43, i32 8, i32 23" [firmware/nnet_utils/nnet_batchnorm.h:54]   --->   Operation 110 'partselect' 'trunc_ln54_41' <Predicate = true> <Delay = 0.00>
ST_1 : Operation 111 [1/1] (0.00ns)   --->   "%y_38 = bitconcatenate i24 @_ssdm_op_BitConcatenate.i24.i16.i8, i16 %data_14_val_read, i8 0" [firmware/nnet_utils/nnet_mult.h:85->firmware/nnet_utils/nnet_batchnorm.h:54]   --->   Operation 111 'bitconcatenate' 'y_38' <Predicate = true> <Delay = 0.00>
ST_1 : Operation 112 [1/1] (0.83ns)   --->   "%add_ln54_44 = add i24 %y_38, i24 5888" [firmware/nnet_utils/nnet_batchnorm.h:54]   --->   Operation 112 'add' 'add_ln54_44' <Predicate = true> <Delay = 0.83> <CoreInst = "Adder">   --->   Core 1 'Adder' <Latency = 0> <II = 1> <Delay = 0.83> <FuncUnit> <Opcode : 'add' 'sub'> <InPorts = 2> <OutPorts = 1>
ST_1 : Operation 113 [1/1] (0.00ns)   --->   "%trunc_ln54_42 = partselect i16 @_ssdm_op_PartSelect.i16.i24.i32.i32, i24 %add_ln54_44, i32 8, i32 23" [firmware/nnet_utils/nnet_batchnorm.h:54]   --->   Operation 113 'partselect' 'trunc_ln54_42' <Predicate = true> <Delay = 0.00>
ST_1 : Operation 114 [1/1] (0.00ns)   --->   "%y_39 = bitconcatenate i24 @_ssdm_op_BitConcatenate.i24.i16.i8, i16 %data_15_val_read, i8 0" [firmware/nnet_utils/nnet_mult.h:85->firmware/nnet_utils/nnet_batchnorm.h:54]   --->   Operation 114 'bitconcatenate' 'y_39' <Predicate = true> <Delay = 0.00>
ST_1 : Operation 115 [1/1] (0.83ns)   --->   "%add_ln54_45 = add i24 %y_39, i24 12800" [firmware/nnet_utils/nnet_batchnorm.h:54]   --->   Operation 115 'add' 'add_ln54_45' <Predicate = true> <Delay = 0.83> <CoreInst = "Adder">   --->   Core 1 'Adder' <Latency = 0> <II = 1> <Delay = 0.83> <FuncUnit> <Opcode : 'add' 'sub'> <InPorts = 2> <OutPorts = 1>
ST_1 : Operation 116 [1/1] (0.00ns)   --->   "%trunc_ln54_43 = partselect i16 @_ssdm_op_PartSelect.i16.i24.i32.i32, i24 %add_ln54_45, i32 8, i32 23" [firmware/nnet_utils/nnet_batchnorm.h:54]   --->   Operation 116 'partselect' 'trunc_ln54_43' <Predicate = true> <Delay = 0.00>
ST_1 : Operation 117 [1/1] (0.00ns)   --->   "%y_40 = bitconcatenate i24 @_ssdm_op_BitConcatenate.i24.i16.i8, i16 %data_16_val_read, i8 0" [firmware/nnet_utils/nnet_mult.h:85->firmware/nnet_utils/nnet_batchnorm.h:54]   --->   Operation 117 'bitconcatenate' 'y_40' <Predicate = true> <Delay = 0.00>
ST_1 : Operation 118 [1/1] (0.83ns)   --->   "%add_ln54_46 = add i24 %y_40, i24 21504" [firmware/nnet_utils/nnet_batchnorm.h:54]   --->   Operation 118 'add' 'add_ln54_46' <Predicate = true> <Delay = 0.83> <CoreInst = "Adder">   --->   Core 1 'Adder' <Latency = 0> <II = 1> <Delay = 0.83> <FuncUnit> <Opcode : 'add' 'sub'> <InPorts = 2> <OutPorts = 1>
ST_1 : Operation 119 [1/1] (0.00ns)   --->   "%trunc_ln54_44 = partselect i16 @_ssdm_op_PartSelect.i16.i24.i32.i32, i24 %add_ln54_46, i32 8, i32 23" [firmware/nnet_utils/nnet_batchnorm.h:54]   --->   Operation 119 'partselect' 'trunc_ln54_44' <Predicate = true> <Delay = 0.00>
ST_1 : Operation 120 [1/1] (0.00ns)   --->   "%y_41 = bitconcatenate i24 @_ssdm_op_BitConcatenate.i24.i16.i8, i16 %data_17_val_read, i8 0" [firmware/nnet_utils/nnet_mult.h:85->firmware/nnet_utils/nnet_batchnorm.h:54]   --->   Operation 120 'bitconcatenate' 'y_41' <Predicate = true> <Delay = 0.00>
ST_1 : Operation 121 [1/1] (0.83ns)   --->   "%add_ln54_47 = add i24 %y_41, i24 4608" [firmware/nnet_utils/nnet_batchnorm.h:54]   --->   Operation 121 'add' 'add_ln54_47' <Predicate = true> <Delay = 0.83> <CoreInst = "Adder">   --->   Core 1 'Adder' <Latency = 0> <II = 1> <Delay = 0.83> <FuncUnit> <Opcode : 'add' 'sub'> <InPorts = 2> <OutPorts = 1>
ST_1 : Operation 122 [1/1] (0.00ns)   --->   "%trunc_ln54_45 = partselect i16 @_ssdm_op_PartSelect.i16.i24.i32.i32, i24 %add_ln54_47, i32 8, i32 23" [firmware/nnet_utils/nnet_batchnorm.h:54]   --->   Operation 122 'partselect' 'trunc_ln54_45' <Predicate = true> <Delay = 0.00>
ST_1 : Operation 123 [1/1] (0.00ns)   --->   "%y_42 = bitconcatenate i24 @_ssdm_op_BitConcatenate.i24.i16.i8, i16 %data_18_val_read, i8 0" [firmware/nnet_utils/nnet_mult.h:85->firmware/nnet_utils/nnet_batchnorm.h:54]   --->   Operation 123 'bitconcatenate' 'y_42' <Predicate = true> <Delay = 0.00>
ST_1 : Operation 124 [1/1] (0.83ns)   --->   "%add_ln54_48 = add i24 %y_42, i24 16773888" [firmware/nnet_utils/nnet_batchnorm.h:54]   --->   Operation 124 'add' 'add_ln54_48' <Predicate = true> <Delay = 0.83> <CoreInst = "Adder">   --->   Core 1 'Adder' <Latency = 0> <II = 1> <Delay = 0.83> <FuncUnit> <Opcode : 'add' 'sub'> <InPorts = 2> <OutPorts = 1>
ST_1 : Operation 125 [1/1] (0.00ns)   --->   "%trunc_ln54_46 = partselect i16 @_ssdm_op_PartSelect.i16.i24.i32.i32, i24 %add_ln54_48, i32 8, i32 23" [firmware/nnet_utils/nnet_batchnorm.h:54]   --->   Operation 125 'partselect' 'trunc_ln54_46' <Predicate = true> <Delay = 0.00>
ST_1 : Operation 126 [1/1] (0.00ns)   --->   "%y_43 = bitconcatenate i24 @_ssdm_op_BitConcatenate.i24.i16.i8, i16 %data_19_val_read, i8 0" [firmware/nnet_utils/nnet_mult.h:85->firmware/nnet_utils/nnet_batchnorm.h:54]   --->   Operation 126 'bitconcatenate' 'y_43' <Predicate = true> <Delay = 0.00>
ST_1 : Operation 127 [1/1] (0.83ns)   --->   "%add_ln54_49 = add i24 %y_43, i24 23808" [firmware/nnet_utils/nnet_batchnorm.h:54]   --->   Operation 127 'add' 'add_ln54_49' <Predicate = true> <Delay = 0.83> <CoreInst = "Adder">   --->   Core 1 'Adder' <Latency = 0> <II = 1> <Delay = 0.83> <FuncUnit> <Opcode : 'add' 'sub'> <InPorts = 2> <OutPorts = 1>
ST_1 : Operation 128 [1/1] (0.00ns)   --->   "%trunc_ln54_47 = partselect i16 @_ssdm_op_PartSelect.i16.i24.i32.i32, i24 %add_ln54_49, i32 8, i32 23" [firmware/nnet_utils/nnet_batchnorm.h:54]   --->   Operation 128 'partselect' 'trunc_ln54_47' <Predicate = true> <Delay = 0.00>
ST_1 : Operation 129 [1/1] (0.00ns)   --->   "%y_44 = bitconcatenate i24 @_ssdm_op_BitConcatenate.i24.i16.i8, i16 %data_20_val_read, i8 0" [firmware/nnet_utils/nnet_mult.h:85->firmware/nnet_utils/nnet_batchnorm.h:54]   --->   Operation 129 'bitconcatenate' 'y_44' <Predicate = true> <Delay = 0.00>
ST_1 : Operation 130 [1/1] (0.83ns)   --->   "%add_ln54_50 = add i24 %y_44, i24 3584" [firmware/nnet_utils/nnet_batchnorm.h:54]   --->   Operation 130 'add' 'add_ln54_50' <Predicate = true> <Delay = 0.83> <CoreInst = "Adder">   --->   Core 1 'Adder' <Latency = 0> <II = 1> <Delay = 0.83> <FuncUnit> <Opcode : 'add' 'sub'> <InPorts = 2> <OutPorts = 1>
ST_1 : Operation 131 [1/1] (0.00ns)   --->   "%trunc_ln54_48 = partselect i16 @_ssdm_op_PartSelect.i16.i24.i32.i32, i24 %add_ln54_50, i32 8, i32 23" [firmware/nnet_utils/nnet_batchnorm.h:54]   --->   Operation 131 'partselect' 'trunc_ln54_48' <Predicate = true> <Delay = 0.00>
ST_1 : Operation 132 [1/1] (0.00ns)   --->   "%y_45 = bitconcatenate i24 @_ssdm_op_BitConcatenate.i24.i16.i8, i16 %data_21_val_read, i8 0" [firmware/nnet_utils/nnet_mult.h:85->firmware/nnet_utils/nnet_batchnorm.h:54]   --->   Operation 132 'bitconcatenate' 'y_45' <Predicate = true> <Delay = 0.00>
ST_1 : Operation 133 [1/1] (0.83ns)   --->   "%add_ln54_51 = add i24 %y_45, i24 15104" [firmware/nnet_utils/nnet_batchnorm.h:54]   --->   Operation 133 'add' 'add_ln54_51' <Predicate = true> <Delay = 0.83> <CoreInst = "Adder">   --->   Core 1 'Adder' <Latency = 0> <II = 1> <Delay = 0.83> <FuncUnit> <Opcode : 'add' 'sub'> <InPorts = 2> <OutPorts = 1>
ST_1 : Operation 134 [1/1] (0.00ns)   --->   "%trunc_ln54_49 = partselect i16 @_ssdm_op_PartSelect.i16.i24.i32.i32, i24 %add_ln54_51, i32 8, i32 23" [firmware/nnet_utils/nnet_batchnorm.h:54]   --->   Operation 134 'partselect' 'trunc_ln54_49' <Predicate = true> <Delay = 0.00>
ST_1 : Operation 135 [1/1] (0.00ns)   --->   "%y_46 = bitconcatenate i24 @_ssdm_op_BitConcatenate.i24.i16.i8, i16 %data_22_val_read, i8 0" [firmware/nnet_utils/nnet_mult.h:85->firmware/nnet_utils/nnet_batchnorm.h:54]   --->   Operation 135 'bitconcatenate' 'y_46' <Predicate = true> <Delay = 0.00>
ST_1 : Operation 136 [1/1] (0.83ns)   --->   "%add_ln54_52 = add i24 %y_46, i24 11776" [firmware/nnet_utils/nnet_batchnorm.h:54]   --->   Operation 136 'add' 'add_ln54_52' <Predicate = true> <Delay = 0.83> <CoreInst = "Adder">   --->   Core 1 'Adder' <Latency = 0> <II = 1> <Delay = 0.83> <FuncUnit> <Opcode : 'add' 'sub'> <InPorts = 2> <OutPorts = 1>
ST_1 : Operation 137 [1/1] (0.00ns)   --->   "%trunc_ln54_50 = partselect i16 @_ssdm_op_PartSelect.i16.i24.i32.i32, i24 %add_ln54_52, i32 8, i32 23" [firmware/nnet_utils/nnet_batchnorm.h:54]   --->   Operation 137 'partselect' 'trunc_ln54_50' <Predicate = true> <Delay = 0.00>
ST_1 : Operation 138 [1/1] (0.00ns)   --->   "%trunc_ln54_51 = partselect i15 @_ssdm_op_PartSelect.i15.i16.i32.i32, i16 %data_23_val_read, i32 1, i32 15" [firmware/nnet_utils/nnet_batchnorm.h:54]   --->   Operation 138 'partselect' 'trunc_ln54_51' <Predicate = true> <Delay = 0.00>
ST_1 : Operation 139 [1/1] (0.00ns)   --->   "%sext_ln54_3 = sext i15 %trunc_ln54_51" [firmware/nnet_utils/nnet_batchnorm.h:54]   --->   Operation 139 'sext' 'sext_ln54_3' <Predicate = true> <Delay = 0.00>
ST_1 : Operation 140 [1/1] (0.00ns)   --->   "%y_47 = bitconcatenate i24 @_ssdm_op_BitConcatenate.i24.i16.i8, i16 %data_24_val_read, i8 0" [firmware/nnet_utils/nnet_mult.h:85->firmware/nnet_utils/nnet_batchnorm.h:54]   --->   Operation 140 'bitconcatenate' 'y_47' <Predicate = true> <Delay = 0.00>
ST_1 : Operation 141 [1/1] (0.83ns)   --->   "%add_ln54_53 = add i24 %y_47, i24 16772608" [firmware/nnet_utils/nnet_batchnorm.h:54]   --->   Operation 141 'add' 'add_ln54_53' <Predicate = true> <Delay = 0.83> <CoreInst = "Adder">   --->   Core 1 'Adder' <Latency = 0> <II = 1> <Delay = 0.83> <FuncUnit> <Opcode : 'add' 'sub'> <InPorts = 2> <OutPorts = 1>
ST_1 : Operation 142 [1/1] (0.00ns)   --->   "%trunc_ln54_52 = partselect i16 @_ssdm_op_PartSelect.i16.i24.i32.i32, i24 %add_ln54_53, i32 8, i32 23" [firmware/nnet_utils/nnet_batchnorm.h:54]   --->   Operation 142 'partselect' 'trunc_ln54_52' <Predicate = true> <Delay = 0.00>
ST_1 : Operation 143 [1/1] (0.00ns)   --->   "%y_48 = bitconcatenate i24 @_ssdm_op_BitConcatenate.i24.i16.i8, i16 %data_25_val_read, i8 0" [firmware/nnet_utils/nnet_mult.h:85->firmware/nnet_utils/nnet_batchnorm.h:54]   --->   Operation 143 'bitconcatenate' 'y_48' <Predicate = true> <Delay = 0.00>
ST_1 : Operation 144 [1/1] (0.83ns)   --->   "%add_ln54_54 = add i24 %y_48, i24 16773120" [firmware/nnet_utils/nnet_batchnorm.h:54]   --->   Operation 144 'add' 'add_ln54_54' <Predicate = true> <Delay = 0.83> <CoreInst = "Adder">   --->   Core 1 'Adder' <Latency = 0> <II = 1> <Delay = 0.83> <FuncUnit> <Opcode : 'add' 'sub'> <InPorts = 2> <OutPorts = 1>
ST_1 : Operation 145 [1/1] (0.00ns)   --->   "%trunc_ln54_53 = partselect i16 @_ssdm_op_PartSelect.i16.i24.i32.i32, i24 %add_ln54_54, i32 8, i32 23" [firmware/nnet_utils/nnet_batchnorm.h:54]   --->   Operation 145 'partselect' 'trunc_ln54_53' <Predicate = true> <Delay = 0.00>
ST_1 : Operation 146 [1/1] (0.00ns)   --->   "%y_49 = bitconcatenate i24 @_ssdm_op_BitConcatenate.i24.i16.i8, i16 %data_26_val_read, i8 0" [firmware/nnet_utils/nnet_mult.h:85->firmware/nnet_utils/nnet_batchnorm.h:54]   --->   Operation 146 'bitconcatenate' 'y_49' <Predicate = true> <Delay = 0.00>
ST_1 : Operation 147 [1/1] (0.83ns)   --->   "%add_ln54_55 = add i24 %y_49, i24 16771840" [firmware/nnet_utils/nnet_batchnorm.h:54]   --->   Operation 147 'add' 'add_ln54_55' <Predicate = true> <Delay = 0.83> <CoreInst = "Adder">   --->   Core 1 'Adder' <Latency = 0> <II = 1> <Delay = 0.83> <FuncUnit> <Opcode : 'add' 'sub'> <InPorts = 2> <OutPorts = 1>
ST_1 : Operation 148 [1/1] (0.00ns)   --->   "%trunc_ln54_54 = partselect i16 @_ssdm_op_PartSelect.i16.i24.i32.i32, i24 %add_ln54_55, i32 8, i32 23" [firmware/nnet_utils/nnet_batchnorm.h:54]   --->   Operation 148 'partselect' 'trunc_ln54_54' <Predicate = true> <Delay = 0.00>
ST_1 : Operation 149 [1/1] (0.00ns)   --->   "%y_50 = bitconcatenate i24 @_ssdm_op_BitConcatenate.i24.i16.i8, i16 %data_27_val_read, i8 0" [firmware/nnet_utils/nnet_mult.h:85->firmware/nnet_utils/nnet_batchnorm.h:54]   --->   Operation 149 'bitconcatenate' 'y_50' <Predicate = true> <Delay = 0.00>
ST_1 : Operation 150 [1/1] (0.83ns)   --->   "%add_ln54_56 = add i24 %y_50, i24 3328" [firmware/nnet_utils/nnet_batchnorm.h:54]   --->   Operation 150 'add' 'add_ln54_56' <Predicate = true> <Delay = 0.83> <CoreInst = "Adder">   --->   Core 1 'Adder' <Latency = 0> <II = 1> <Delay = 0.83> <FuncUnit> <Opcode : 'add' 'sub'> <InPorts = 2> <OutPorts = 1>
ST_1 : Operation 151 [1/1] (0.00ns)   --->   "%trunc_ln54_55 = partselect i16 @_ssdm_op_PartSelect.i16.i24.i32.i32, i24 %add_ln54_56, i32 8, i32 23" [firmware/nnet_utils/nnet_batchnorm.h:54]   --->   Operation 151 'partselect' 'trunc_ln54_55' <Predicate = true> <Delay = 0.00>
ST_1 : Operation 152 [1/1] (0.00ns)   --->   "%y_51 = bitconcatenate i24 @_ssdm_op_BitConcatenate.i24.i16.i8, i16 %data_28_val_read, i8 0" [firmware/nnet_utils/nnet_mult.h:85->firmware/nnet_utils/nnet_batchnorm.h:54]   --->   Operation 152 'bitconcatenate' 'y_51' <Predicate = true> <Delay = 0.00>
ST_1 : Operation 153 [1/1] (0.83ns)   --->   "%add_ln54_57 = add i24 %y_51, i24 8704" [firmware/nnet_utils/nnet_batchnorm.h:54]   --->   Operation 153 'add' 'add_ln54_57' <Predicate = true> <Delay = 0.83> <CoreInst = "Adder">   --->   Core 1 'Adder' <Latency = 0> <II = 1> <Delay = 0.83> <FuncUnit> <Opcode : 'add' 'sub'> <InPorts = 2> <OutPorts = 1>
ST_1 : Operation 154 [1/1] (0.00ns)   --->   "%trunc_ln54_56 = partselect i16 @_ssdm_op_PartSelect.i16.i24.i32.i32, i24 %add_ln54_57, i32 8, i32 23" [firmware/nnet_utils/nnet_batchnorm.h:54]   --->   Operation 154 'partselect' 'trunc_ln54_56' <Predicate = true> <Delay = 0.00>
ST_1 : Operation 155 [1/1] (0.00ns)   --->   "%y_52 = bitconcatenate i24 @_ssdm_op_BitConcatenate.i24.i16.i8, i16 %data_29_val_read, i8 0" [firmware/nnet_utils/nnet_mult.h:85->firmware/nnet_utils/nnet_batchnorm.h:54]   --->   Operation 155 'bitconcatenate' 'y_52' <Predicate = true> <Delay = 0.00>
ST_1 : Operation 156 [1/1] (0.83ns)   --->   "%add_ln54_58 = add i24 %y_52, i24 9728" [firmware/nnet_utils/nnet_batchnorm.h:54]   --->   Operation 156 'add' 'add_ln54_58' <Predicate = true> <Delay = 0.83> <CoreInst = "Adder">   --->   Core 1 'Adder' <Latency = 0> <II = 1> <Delay = 0.83> <FuncUnit> <Opcode : 'add' 'sub'> <InPorts = 2> <OutPorts = 1>
ST_1 : Operation 157 [1/1] (0.00ns)   --->   "%trunc_ln54_57 = partselect i16 @_ssdm_op_PartSelect.i16.i24.i32.i32, i24 %add_ln54_58, i32 8, i32 23" [firmware/nnet_utils/nnet_batchnorm.h:54]   --->   Operation 157 'partselect' 'trunc_ln54_57' <Predicate = true> <Delay = 0.00>
ST_1 : Operation 158 [1/1] (0.00ns)   --->   "%y_53 = bitconcatenate i24 @_ssdm_op_BitConcatenate.i24.i16.i8, i16 %data_30_val_read, i8 0" [firmware/nnet_utils/nnet_mult.h:85->firmware/nnet_utils/nnet_batchnorm.h:54]   --->   Operation 158 'bitconcatenate' 'y_53' <Predicate = true> <Delay = 0.00>
ST_1 : Operation 159 [1/1] (0.83ns)   --->   "%add_ln54_59 = add i24 %y_53, i24 19712" [firmware/nnet_utils/nnet_batchnorm.h:54]   --->   Operation 159 'add' 'add_ln54_59' <Predicate = true> <Delay = 0.83> <CoreInst = "Adder">   --->   Core 1 'Adder' <Latency = 0> <II = 1> <Delay = 0.83> <FuncUnit> <Opcode : 'add' 'sub'> <InPorts = 2> <OutPorts = 1>
ST_1 : Operation 160 [1/1] (0.00ns)   --->   "%trunc_ln54_58 = partselect i16 @_ssdm_op_PartSelect.i16.i24.i32.i32, i24 %add_ln54_59, i32 8, i32 23" [firmware/nnet_utils/nnet_batchnorm.h:54]   --->   Operation 160 'partselect' 'trunc_ln54_58' <Predicate = true> <Delay = 0.00>
ST_1 : Operation 161 [1/1] (0.00ns)   --->   "%y_54 = bitconcatenate i24 @_ssdm_op_BitConcatenate.i24.i16.i8, i16 %data_31_val_read, i8 0" [firmware/nnet_utils/nnet_mult.h:85->firmware/nnet_utils/nnet_batchnorm.h:54]   --->   Operation 161 'bitconcatenate' 'y_54' <Predicate = true> <Delay = 0.00>
ST_1 : Operation 162 [1/1] (0.83ns)   --->   "%add_ln54_60 = add i24 %y_54, i24 12544" [firmware/nnet_utils/nnet_batchnorm.h:54]   --->   Operation 162 'add' 'add_ln54_60' <Predicate = true> <Delay = 0.83> <CoreInst = "Adder">   --->   Core 1 'Adder' <Latency = 0> <II = 1> <Delay = 0.83> <FuncUnit> <Opcode : 'add' 'sub'> <InPorts = 2> <OutPorts = 1>
ST_1 : Operation 163 [1/1] (0.00ns)   --->   "%trunc_ln54_59 = partselect i16 @_ssdm_op_PartSelect.i16.i24.i32.i32, i24 %add_ln54_60, i32 8, i32 23" [firmware/nnet_utils/nnet_batchnorm.h:54]   --->   Operation 163 'partselect' 'trunc_ln54_59' <Predicate = true> <Delay = 0.00>
ST_1 : Operation 164 [1/1] (0.00ns)   --->   "%y_55 = bitconcatenate i24 @_ssdm_op_BitConcatenate.i24.i16.i8, i16 %data_32_val_read, i8 0" [firmware/nnet_utils/nnet_mult.h:85->firmware/nnet_utils/nnet_batchnorm.h:54]   --->   Operation 164 'bitconcatenate' 'y_55' <Predicate = true> <Delay = 0.00>
ST_1 : Operation 165 [1/1] (0.83ns)   --->   "%add_ln54_61 = add i24 %y_55, i24 15360" [firmware/nnet_utils/nnet_batchnorm.h:54]   --->   Operation 165 'add' 'add_ln54_61' <Predicate = true> <Delay = 0.83> <CoreInst = "Adder">   --->   Core 1 'Adder' <Latency = 0> <II = 1> <Delay = 0.83> <FuncUnit> <Opcode : 'add' 'sub'> <InPorts = 2> <OutPorts = 1>
ST_1 : Operation 166 [1/1] (0.00ns)   --->   "%trunc_ln54_60 = partselect i16 @_ssdm_op_PartSelect.i16.i24.i32.i32, i24 %add_ln54_61, i32 8, i32 23" [firmware/nnet_utils/nnet_batchnorm.h:54]   --->   Operation 166 'partselect' 'trunc_ln54_60' <Predicate = true> <Delay = 0.00>
ST_1 : Operation 167 [1/1] (0.00ns)   --->   "%y_56 = bitconcatenate i24 @_ssdm_op_BitConcatenate.i24.i16.i8, i16 %data_33_val_read, i8 0" [firmware/nnet_utils/nnet_mult.h:85->firmware/nnet_utils/nnet_batchnorm.h:54]   --->   Operation 167 'bitconcatenate' 'y_56' <Predicate = true> <Delay = 0.00>
ST_1 : Operation 168 [1/1] (0.83ns)   --->   "%add_ln54_62 = add i24 %y_56, i24 5632" [firmware/nnet_utils/nnet_batchnorm.h:54]   --->   Operation 168 'add' 'add_ln54_62' <Predicate = true> <Delay = 0.83> <CoreInst = "Adder">   --->   Core 1 'Adder' <Latency = 0> <II = 1> <Delay = 0.83> <FuncUnit> <Opcode : 'add' 'sub'> <InPorts = 2> <OutPorts = 1>
ST_1 : Operation 169 [1/1] (0.00ns)   --->   "%trunc_ln54_61 = partselect i16 @_ssdm_op_PartSelect.i16.i24.i32.i32, i24 %add_ln54_62, i32 8, i32 23" [firmware/nnet_utils/nnet_batchnorm.h:54]   --->   Operation 169 'partselect' 'trunc_ln54_61' <Predicate = true> <Delay = 0.00>
ST_1 : Operation 170 [1/1] (0.00ns)   --->   "%y_57 = bitconcatenate i24 @_ssdm_op_BitConcatenate.i24.i16.i8, i16 %data_34_val_read, i8 0" [firmware/nnet_utils/nnet_mult.h:85->firmware/nnet_utils/nnet_batchnorm.h:54]   --->   Operation 170 'bitconcatenate' 'y_57' <Predicate = true> <Delay = 0.00>
ST_1 : Operation 171 [1/1] (0.83ns)   --->   "%add_ln54_63 = add i24 %y_57, i24 16748288" [firmware/nnet_utils/nnet_batchnorm.h:54]   --->   Operation 171 'add' 'add_ln54_63' <Predicate = true> <Delay = 0.83> <CoreInst = "Adder">   --->   Core 1 'Adder' <Latency = 0> <II = 1> <Delay = 0.83> <FuncUnit> <Opcode : 'add' 'sub'> <InPorts = 2> <OutPorts = 1>
ST_1 : Operation 172 [1/1] (0.00ns)   --->   "%trunc_ln54_62 = partselect i16 @_ssdm_op_PartSelect.i16.i24.i32.i32, i24 %add_ln54_63, i32 8, i32 23" [firmware/nnet_utils/nnet_batchnorm.h:54]   --->   Operation 172 'partselect' 'trunc_ln54_62' <Predicate = true> <Delay = 0.00>
ST_1 : Operation 173 [1/1] (0.00ns)   --->   "%y_58 = bitconcatenate i23 @_ssdm_op_BitConcatenate.i23.i16.i7, i16 %data_35_val_read, i7 0" [firmware/nnet_utils/nnet_mult.h:85->firmware/nnet_utils/nnet_batchnorm.h:54]   --->   Operation 173 'bitconcatenate' 'y_58' <Predicate = true> <Delay = 0.00>
ST_1 : Operation 174 [1/1] (0.00ns)   --->   "%sext_ln54_12 = sext i23 %y_58" [firmware/nnet_utils/nnet_batchnorm.h:54]   --->   Operation 174 'sext' 'sext_ln54_12' <Predicate = true> <Delay = 0.00>
ST_1 : Operation 175 [1/1] (0.82ns)   --->   "%add_ln54_64 = add i24 %sext_ln54_12, i24 16767416" [firmware/nnet_utils/nnet_batchnorm.h:54]   --->   Operation 175 'add' 'add_ln54_64' <Predicate = true> <Delay = 0.82> <CoreInst = "Adder">   --->   Core 1 'Adder' <Latency = 0> <II = 1> <Delay = 0.82> <FuncUnit> <Opcode : 'add' 'sub'> <InPorts = 2> <OutPorts = 1>
ST_1 : Operation 176 [1/1] (0.00ns)   --->   "%trunc_ln54_63 = partselect i16 @_ssdm_op_PartSelect.i16.i24.i32.i32, i24 %add_ln54_64, i32 8, i32 23" [firmware/nnet_utils/nnet_batchnorm.h:54]   --->   Operation 176 'partselect' 'trunc_ln54_63' <Predicate = true> <Delay = 0.00>
ST_1 : Operation 177 [1/1] (0.00ns)   --->   "%y_59 = bitconcatenate i24 @_ssdm_op_BitConcatenate.i24.i16.i8, i16 %data_36_val_read, i8 0" [firmware/nnet_utils/nnet_mult.h:85->firmware/nnet_utils/nnet_batchnorm.h:54]   --->   Operation 177 'bitconcatenate' 'y_59' <Predicate = true> <Delay = 0.00>
ST_1 : Operation 178 [1/1] (0.83ns)   --->   "%add_ln54_65 = add i24 %y_59, i24 2304" [firmware/nnet_utils/nnet_batchnorm.h:54]   --->   Operation 178 'add' 'add_ln54_65' <Predicate = true> <Delay = 0.83> <CoreInst = "Adder">   --->   Core 1 'Adder' <Latency = 0> <II = 1> <Delay = 0.83> <FuncUnit> <Opcode : 'add' 'sub'> <InPorts = 2> <OutPorts = 1>
ST_1 : Operation 179 [1/1] (0.00ns)   --->   "%trunc_ln54_64 = partselect i16 @_ssdm_op_PartSelect.i16.i24.i32.i32, i24 %add_ln54_65, i32 8, i32 23" [firmware/nnet_utils/nnet_batchnorm.h:54]   --->   Operation 179 'partselect' 'trunc_ln54_64' <Predicate = true> <Delay = 0.00>
ST_1 : Operation 180 [1/1] (0.00ns)   --->   "%trunc_ln54_65 = partselect i15 @_ssdm_op_PartSelect.i15.i16.i32.i32, i16 %data_37_val_read, i32 1, i32 15" [firmware/nnet_utils/nnet_batchnorm.h:54]   --->   Operation 180 'partselect' 'trunc_ln54_65' <Predicate = true> <Delay = 0.00>
ST_1 : Operation 181 [1/1] (0.00ns)   --->   "%sext_ln54_4 = sext i15 %trunc_ln54_65" [firmware/nnet_utils/nnet_batchnorm.h:54]   --->   Operation 181 'sext' 'sext_ln54_4' <Predicate = true> <Delay = 0.00>
ST_1 : Operation 182 [1/1] (0.00ns)   --->   "%y_60 = bitconcatenate i24 @_ssdm_op_BitConcatenate.i24.i16.i8, i16 %data_38_val_read, i8 0" [firmware/nnet_utils/nnet_mult.h:85->firmware/nnet_utils/nnet_batchnorm.h:54]   --->   Operation 182 'bitconcatenate' 'y_60' <Predicate = true> <Delay = 0.00>
ST_1 : Operation 183 [1/1] (0.83ns)   --->   "%add_ln54_66 = add i24 %y_60, i24 14592" [firmware/nnet_utils/nnet_batchnorm.h:54]   --->   Operation 183 'add' 'add_ln54_66' <Predicate = true> <Delay = 0.83> <CoreInst = "Adder">   --->   Core 1 'Adder' <Latency = 0> <II = 1> <Delay = 0.83> <FuncUnit> <Opcode : 'add' 'sub'> <InPorts = 2> <OutPorts = 1>
ST_1 : Operation 184 [1/1] (0.00ns)   --->   "%trunc_ln54_66 = partselect i16 @_ssdm_op_PartSelect.i16.i24.i32.i32, i24 %add_ln54_66, i32 8, i32 23" [firmware/nnet_utils/nnet_batchnorm.h:54]   --->   Operation 184 'partselect' 'trunc_ln54_66' <Predicate = true> <Delay = 0.00>
ST_1 : Operation 185 [1/1] (0.00ns)   --->   "%y_61 = bitconcatenate i24 @_ssdm_op_BitConcatenate.i24.i16.i8, i16 %data_39_val_read, i8 0" [firmware/nnet_utils/nnet_mult.h:85->firmware/nnet_utils/nnet_batchnorm.h:54]   --->   Operation 185 'bitconcatenate' 'y_61' <Predicate = true> <Delay = 0.00>
ST_1 : Operation 186 [1/1] (0.83ns)   --->   "%add_ln54_67 = add i24 %y_61, i24 9472" [firmware/nnet_utils/nnet_batchnorm.h:54]   --->   Operation 186 'add' 'add_ln54_67' <Predicate = true> <Delay = 0.83> <CoreInst = "Adder">   --->   Core 1 'Adder' <Latency = 0> <II = 1> <Delay = 0.83> <FuncUnit> <Opcode : 'add' 'sub'> <InPorts = 2> <OutPorts = 1>
ST_1 : Operation 187 [1/1] (0.00ns)   --->   "%trunc_ln54_67 = partselect i16 @_ssdm_op_PartSelect.i16.i24.i32.i32, i24 %add_ln54_67, i32 8, i32 23" [firmware/nnet_utils/nnet_batchnorm.h:54]   --->   Operation 187 'partselect' 'trunc_ln54_67' <Predicate = true> <Delay = 0.00>
ST_1 : Operation 188 [1/1] (0.00ns)   --->   "%y_62 = bitconcatenate i24 @_ssdm_op_BitConcatenate.i24.i16.i8, i16 %data_40_val_read, i8 0" [firmware/nnet_utils/nnet_mult.h:85->firmware/nnet_utils/nnet_batchnorm.h:54]   --->   Operation 188 'bitconcatenate' 'y_62' <Predicate = true> <Delay = 0.00>
ST_1 : Operation 189 [1/1] (0.83ns)   --->   "%add_ln54_68 = add i24 %y_62, i24 16766208" [firmware/nnet_utils/nnet_batchnorm.h:54]   --->   Operation 189 'add' 'add_ln54_68' <Predicate = true> <Delay = 0.83> <CoreInst = "Adder">   --->   Core 1 'Adder' <Latency = 0> <II = 1> <Delay = 0.83> <FuncUnit> <Opcode : 'add' 'sub'> <InPorts = 2> <OutPorts = 1>
ST_1 : Operation 190 [1/1] (0.00ns)   --->   "%trunc_ln54_68 = partselect i16 @_ssdm_op_PartSelect.i16.i24.i32.i32, i24 %add_ln54_68, i32 8, i32 23" [firmware/nnet_utils/nnet_batchnorm.h:54]   --->   Operation 190 'partselect' 'trunc_ln54_68' <Predicate = true> <Delay = 0.00>
ST_1 : Operation 191 [1/1] (0.00ns)   --->   "%y_63 = bitconcatenate i23 @_ssdm_op_BitConcatenate.i23.i16.i7, i16 %data_41_val_read, i7 0" [firmware/nnet_utils/nnet_mult.h:85->firmware/nnet_utils/nnet_batchnorm.h:54]   --->   Operation 191 'bitconcatenate' 'y_63' <Predicate = true> <Delay = 0.00>
ST_1 : Operation 192 [1/1] (0.00ns)   --->   "%sext_ln54_13 = sext i23 %y_63" [firmware/nnet_utils/nnet_batchnorm.h:54]   --->   Operation 192 'sext' 'sext_ln54_13' <Predicate = true> <Delay = 0.00>
ST_1 : Operation 193 [1/1] (0.82ns)   --->   "%add_ln54_69 = add i24 %sext_ln54_13, i24 16769016" [firmware/nnet_utils/nnet_batchnorm.h:54]   --->   Operation 193 'add' 'add_ln54_69' <Predicate = true> <Delay = 0.82> <CoreInst = "Adder">   --->   Core 1 'Adder' <Latency = 0> <II = 1> <Delay = 0.82> <FuncUnit> <Opcode : 'add' 'sub'> <InPorts = 2> <OutPorts = 1>
ST_1 : Operation 194 [1/1] (0.00ns)   --->   "%trunc_ln54_69 = partselect i16 @_ssdm_op_PartSelect.i16.i24.i32.i32, i24 %add_ln54_69, i32 8, i32 23" [firmware/nnet_utils/nnet_batchnorm.h:54]   --->   Operation 194 'partselect' 'trunc_ln54_69' <Predicate = true> <Delay = 0.00>
ST_1 : Operation 195 [1/1] (0.00ns)   --->   "%trunc_ln54_70 = partselect i15 @_ssdm_op_PartSelect.i15.i16.i32.i32, i16 %data_42_val_read, i32 1, i32 15" [firmware/nnet_utils/nnet_batchnorm.h:54]   --->   Operation 195 'partselect' 'trunc_ln54_70' <Predicate = true> <Delay = 0.00>
ST_1 : Operation 196 [1/1] (0.00ns)   --->   "%sext_ln54_5 = sext i15 %trunc_ln54_70" [firmware/nnet_utils/nnet_batchnorm.h:54]   --->   Operation 196 'sext' 'sext_ln54_5' <Predicate = true> <Delay = 0.00>
ST_1 : Operation 197 [1/1] (0.00ns)   --->   "%y_64 = bitconcatenate i23 @_ssdm_op_BitConcatenate.i23.i16.i7, i16 %data_43_val_read, i7 0" [firmware/nnet_utils/nnet_mult.h:85->firmware/nnet_utils/nnet_batchnorm.h:54]   --->   Operation 197 'bitconcatenate' 'y_64' <Predicate = true> <Delay = 0.00>
ST_1 : Operation 198 [1/1] (0.00ns)   --->   "%sext_ln54_14 = sext i23 %y_64" [firmware/nnet_utils/nnet_batchnorm.h:54]   --->   Operation 198 'sext' 'sext_ln54_14' <Predicate = true> <Delay = 0.00>
ST_1 : Operation 199 [1/1] (0.82ns)   --->   "%add_ln54_70 = add i24 %sext_ln54_14, i24 16774048" [firmware/nnet_utils/nnet_batchnorm.h:54]   --->   Operation 199 'add' 'add_ln54_70' <Predicate = true> <Delay = 0.82> <CoreInst = "Adder">   --->   Core 1 'Adder' <Latency = 0> <II = 1> <Delay = 0.82> <FuncUnit> <Opcode : 'add' 'sub'> <InPorts = 2> <OutPorts = 1>
ST_1 : Operation 200 [1/1] (0.00ns)   --->   "%trunc_ln54_71 = partselect i16 @_ssdm_op_PartSelect.i16.i24.i32.i32, i24 %add_ln54_70, i32 8, i32 23" [firmware/nnet_utils/nnet_batchnorm.h:54]   --->   Operation 200 'partselect' 'trunc_ln54_71' <Predicate = true> <Delay = 0.00>
ST_1 : Operation 201 [1/1] (0.00ns)   --->   "%trunc_ln54_72 = partselect i15 @_ssdm_op_PartSelect.i15.i16.i32.i32, i16 %data_44_val_read, i32 1, i32 15" [firmware/nnet_utils/nnet_batchnorm.h:54]   --->   Operation 201 'partselect' 'trunc_ln54_72' <Predicate = true> <Delay = 0.00>
ST_1 : Operation 202 [1/1] (0.00ns)   --->   "%sext_ln54_6 = sext i15 %trunc_ln54_72" [firmware/nnet_utils/nnet_batchnorm.h:54]   --->   Operation 202 'sext' 'sext_ln54_6' <Predicate = true> <Delay = 0.00>
ST_1 : Operation 203 [1/1] (0.00ns)   --->   "%trunc_ln54_73 = partselect i15 @_ssdm_op_PartSelect.i15.i16.i32.i32, i16 %data_45_val_read, i32 1, i32 15" [firmware/nnet_utils/nnet_batchnorm.h:54]   --->   Operation 203 'partselect' 'trunc_ln54_73' <Predicate = true> <Delay = 0.00>
ST_1 : Operation 204 [1/1] (0.00ns)   --->   "%sext_ln54_7 = sext i15 %trunc_ln54_73" [firmware/nnet_utils/nnet_batchnorm.h:54]   --->   Operation 204 'sext' 'sext_ln54_7' <Predicate = true> <Delay = 0.00>
ST_1 : Operation 205 [1/1] (0.00ns)   --->   "%trunc_ln54_74 = partselect i15 @_ssdm_op_PartSelect.i15.i16.i32.i32, i16 %data_46_val_read, i32 1, i32 15" [firmware/nnet_utils/nnet_batchnorm.h:54]   --->   Operation 205 'partselect' 'trunc_ln54_74' <Predicate = true> <Delay = 0.00>
ST_1 : Operation 206 [1/1] (0.00ns)   --->   "%sext_ln54_8 = sext i15 %trunc_ln54_74" [firmware/nnet_utils/nnet_batchnorm.h:54]   --->   Operation 206 'sext' 'sext_ln54_8' <Predicate = true> <Delay = 0.00>
ST_1 : Operation 207 [1/1] (0.00ns)   --->   "%y_65 = bitconcatenate i24 @_ssdm_op_BitConcatenate.i24.i16.i8, i16 %data_47_val_read, i8 0" [firmware/nnet_utils/nnet_mult.h:85->firmware/nnet_utils/nnet_batchnorm.h:54]   --->   Operation 207 'bitconcatenate' 'y_65' <Predicate = true> <Delay = 0.00>
ST_1 : Operation 208 [1/1] (0.83ns)   --->   "%add_ln54_71 = add i24 %y_65, i24 40704" [firmware/nnet_utils/nnet_batchnorm.h:54]   --->   Operation 208 'add' 'add_ln54_71' <Predicate = true> <Delay = 0.83> <CoreInst = "Adder">   --->   Core 1 'Adder' <Latency = 0> <II = 1> <Delay = 0.83> <FuncUnit> <Opcode : 'add' 'sub'> <InPorts = 2> <OutPorts = 1>
ST_1 : Operation 209 [1/1] (0.00ns)   --->   "%trunc_ln54_75 = partselect i16 @_ssdm_op_PartSelect.i16.i24.i32.i32, i24 %add_ln54_71, i32 8, i32 23" [firmware/nnet_utils/nnet_batchnorm.h:54]   --->   Operation 209 'partselect' 'trunc_ln54_75' <Predicate = true> <Delay = 0.00>
ST_1 : Operation 210 [1/1] (0.00ns)   --->   "%y_66 = bitconcatenate i24 @_ssdm_op_BitConcatenate.i24.i16.i8, i16 %data_48_val_read, i8 0" [firmware/nnet_utils/nnet_mult.h:85->firmware/nnet_utils/nnet_batchnorm.h:54]   --->   Operation 210 'bitconcatenate' 'y_66' <Predicate = true> <Delay = 0.00>
ST_1 : Operation 211 [1/1] (0.83ns)   --->   "%add_ln54_72 = add i24 %y_66, i24 16773120" [firmware/nnet_utils/nnet_batchnorm.h:54]   --->   Operation 211 'add' 'add_ln54_72' <Predicate = true> <Delay = 0.83> <CoreInst = "Adder">   --->   Core 1 'Adder' <Latency = 0> <II = 1> <Delay = 0.83> <FuncUnit> <Opcode : 'add' 'sub'> <InPorts = 2> <OutPorts = 1>
ST_1 : Operation 212 [1/1] (0.00ns)   --->   "%trunc_ln54_76 = partselect i16 @_ssdm_op_PartSelect.i16.i24.i32.i32, i24 %add_ln54_72, i32 8, i32 23" [firmware/nnet_utils/nnet_batchnorm.h:54]   --->   Operation 212 'partselect' 'trunc_ln54_76' <Predicate = true> <Delay = 0.00>
ST_1 : Operation 213 [1/1] (0.00ns)   --->   "%y_67 = bitconcatenate i24 @_ssdm_op_BitConcatenate.i24.i16.i8, i16 %data_49_val_read, i8 0" [firmware/nnet_utils/nnet_mult.h:85->firmware/nnet_utils/nnet_batchnorm.h:54]   --->   Operation 213 'bitconcatenate' 'y_67' <Predicate = true> <Delay = 0.00>
ST_1 : Operation 214 [1/1] (0.83ns)   --->   "%add_ln54_73 = add i24 %y_67, i24 7680" [firmware/nnet_utils/nnet_batchnorm.h:54]   --->   Operation 214 'add' 'add_ln54_73' <Predicate = true> <Delay = 0.83> <CoreInst = "Adder">   --->   Core 1 'Adder' <Latency = 0> <II = 1> <Delay = 0.83> <FuncUnit> <Opcode : 'add' 'sub'> <InPorts = 2> <OutPorts = 1>
ST_1 : Operation 215 [1/1] (0.00ns)   --->   "%trunc_ln54_77 = partselect i16 @_ssdm_op_PartSelect.i16.i24.i32.i32, i24 %add_ln54_73, i32 8, i32 23" [firmware/nnet_utils/nnet_batchnorm.h:54]   --->   Operation 215 'partselect' 'trunc_ln54_77' <Predicate = true> <Delay = 0.00>
ST_1 : Operation 216 [1/1] (0.00ns)   --->   "%y_68 = bitconcatenate i24 @_ssdm_op_BitConcatenate.i24.i16.i8, i16 %data_50_val_read, i8 0" [firmware/nnet_utils/nnet_mult.h:85->firmware/nnet_utils/nnet_batchnorm.h:54]   --->   Operation 216 'bitconcatenate' 'y_68' <Predicate = true> <Delay = 0.00>
ST_1 : Operation 217 [1/1] (0.83ns)   --->   "%add_ln54_74 = add i24 %y_68, i24 33024" [firmware/nnet_utils/nnet_batchnorm.h:54]   --->   Operation 217 'add' 'add_ln54_74' <Predicate = true> <Delay = 0.83> <CoreInst = "Adder">   --->   Core 1 'Adder' <Latency = 0> <II = 1> <Delay = 0.83> <FuncUnit> <Opcode : 'add' 'sub'> <InPorts = 2> <OutPorts = 1>
ST_1 : Operation 218 [1/1] (0.00ns)   --->   "%trunc_ln54_78 = partselect i16 @_ssdm_op_PartSelect.i16.i24.i32.i32, i24 %add_ln54_74, i32 8, i32 23" [firmware/nnet_utils/nnet_batchnorm.h:54]   --->   Operation 218 'partselect' 'trunc_ln54_78' <Predicate = true> <Delay = 0.00>
ST_1 : Operation 219 [1/1] (0.00ns)   --->   "%y_69 = bitconcatenate i23 @_ssdm_op_BitConcatenate.i23.i16.i7, i16 %data_51_val_read, i7 0" [firmware/nnet_utils/nnet_mult.h:85->firmware/nnet_utils/nnet_batchnorm.h:54]   --->   Operation 219 'bitconcatenate' 'y_69' <Predicate = true> <Delay = 0.00>
ST_1 : Operation 220 [1/1] (0.00ns)   --->   "%sext_ln54_15 = sext i23 %y_69" [firmware/nnet_utils/nnet_batchnorm.h:54]   --->   Operation 220 'sext' 'sext_ln54_15' <Predicate = true> <Delay = 0.00>
ST_1 : Operation 221 [1/1] (0.82ns)   --->   "%add_ln54_75 = add i24 %sext_ln54_15, i24 16775176" [firmware/nnet_utils/nnet_batchnorm.h:54]   --->   Operation 221 'add' 'add_ln54_75' <Predicate = true> <Delay = 0.82> <CoreInst = "Adder">   --->   Core 1 'Adder' <Latency = 0> <II = 1> <Delay = 0.82> <FuncUnit> <Opcode : 'add' 'sub'> <InPorts = 2> <OutPorts = 1>
ST_1 : Operation 222 [1/1] (0.00ns)   --->   "%trunc_ln54_79 = partselect i16 @_ssdm_op_PartSelect.i16.i24.i32.i32, i24 %add_ln54_75, i32 8, i32 23" [firmware/nnet_utils/nnet_batchnorm.h:54]   --->   Operation 222 'partselect' 'trunc_ln54_79' <Predicate = true> <Delay = 0.00>
ST_1 : Operation 223 [1/1] (0.00ns)   --->   "%y_70 = bitconcatenate i24 @_ssdm_op_BitConcatenate.i24.i16.i8, i16 %data_52_val_read, i8 0" [firmware/nnet_utils/nnet_mult.h:85->firmware/nnet_utils/nnet_batchnorm.h:54]   --->   Operation 223 'bitconcatenate' 'y_70' <Predicate = true> <Delay = 0.00>
ST_1 : Operation 224 [1/1] (0.83ns)   --->   "%add_ln54_76 = add i24 %y_70, i24 16776960" [firmware/nnet_utils/nnet_batchnorm.h:54]   --->   Operation 224 'add' 'add_ln54_76' <Predicate = true> <Delay = 0.83> <CoreInst = "Adder">   --->   Core 1 'Adder' <Latency = 0> <II = 1> <Delay = 0.83> <FuncUnit> <Opcode : 'add' 'sub'> <InPorts = 2> <OutPorts = 1>
ST_1 : Operation 225 [1/1] (0.00ns)   --->   "%trunc_ln54_80 = partselect i16 @_ssdm_op_PartSelect.i16.i24.i32.i32, i24 %add_ln54_76, i32 8, i32 23" [firmware/nnet_utils/nnet_batchnorm.h:54]   --->   Operation 225 'partselect' 'trunc_ln54_80' <Predicate = true> <Delay = 0.00>
ST_1 : Operation 226 [1/1] (0.00ns)   --->   "%trunc_ln54_81 = partselect i15 @_ssdm_op_PartSelect.i15.i16.i32.i32, i16 %data_53_val_read, i32 1, i32 15" [firmware/nnet_utils/nnet_batchnorm.h:54]   --->   Operation 226 'partselect' 'trunc_ln54_81' <Predicate = true> <Delay = 0.00>
ST_1 : Operation 227 [1/1] (0.00ns)   --->   "%sext_ln54_9 = sext i15 %trunc_ln54_81" [firmware/nnet_utils/nnet_batchnorm.h:54]   --->   Operation 227 'sext' 'sext_ln54_9' <Predicate = true> <Delay = 0.00>
ST_1 : Operation 228 [1/1] (0.00ns)   --->   "%y_71 = bitconcatenate i24 @_ssdm_op_BitConcatenate.i24.i16.i8, i16 %data_54_val_read, i8 0" [firmware/nnet_utils/nnet_mult.h:85->firmware/nnet_utils/nnet_batchnorm.h:54]   --->   Operation 228 'bitconcatenate' 'y_71' <Predicate = true> <Delay = 0.00>
ST_1 : Operation 229 [1/1] (0.83ns)   --->   "%add_ln54_77 = add i24 %y_71, i24 23040" [firmware/nnet_utils/nnet_batchnorm.h:54]   --->   Operation 229 'add' 'add_ln54_77' <Predicate = true> <Delay = 0.83> <CoreInst = "Adder">   --->   Core 1 'Adder' <Latency = 0> <II = 1> <Delay = 0.83> <FuncUnit> <Opcode : 'add' 'sub'> <InPorts = 2> <OutPorts = 1>
ST_1 : Operation 230 [1/1] (0.00ns)   --->   "%trunc_ln54_82 = partselect i16 @_ssdm_op_PartSelect.i16.i24.i32.i32, i24 %add_ln54_77, i32 8, i32 23" [firmware/nnet_utils/nnet_batchnorm.h:54]   --->   Operation 230 'partselect' 'trunc_ln54_82' <Predicate = true> <Delay = 0.00>
ST_1 : Operation 231 [1/1] (0.00ns)   --->   "%y_72 = bitconcatenate i24 @_ssdm_op_BitConcatenate.i24.i16.i8, i16 %data_55_val_read, i8 0" [firmware/nnet_utils/nnet_mult.h:85->firmware/nnet_utils/nnet_batchnorm.h:54]   --->   Operation 231 'bitconcatenate' 'y_72' <Predicate = true> <Delay = 0.00>
ST_1 : Operation 232 [1/1] (0.83ns)   --->   "%add_ln54_78 = add i24 %y_72, i24 16776448" [firmware/nnet_utils/nnet_batchnorm.h:54]   --->   Operation 232 'add' 'add_ln54_78' <Predicate = true> <Delay = 0.83> <CoreInst = "Adder">   --->   Core 1 'Adder' <Latency = 0> <II = 1> <Delay = 0.83> <FuncUnit> <Opcode : 'add' 'sub'> <InPorts = 2> <OutPorts = 1>
ST_1 : Operation 233 [1/1] (0.00ns)   --->   "%trunc_ln54_83 = partselect i16 @_ssdm_op_PartSelect.i16.i24.i32.i32, i24 %add_ln54_78, i32 8, i32 23" [firmware/nnet_utils/nnet_batchnorm.h:54]   --->   Operation 233 'partselect' 'trunc_ln54_83' <Predicate = true> <Delay = 0.00>
ST_1 : Operation 234 [1/1] (0.00ns)   --->   "%y_73 = bitconcatenate i23 @_ssdm_op_BitConcatenate.i23.i16.i7, i16 %data_56_val_read, i7 0" [firmware/nnet_utils/nnet_mult.h:85->firmware/nnet_utils/nnet_batchnorm.h:54]   --->   Operation 234 'bitconcatenate' 'y_73' <Predicate = true> <Delay = 0.00>
ST_1 : Operation 235 [1/1] (0.00ns)   --->   "%sext_ln54_16 = sext i23 %y_73" [firmware/nnet_utils/nnet_batchnorm.h:54]   --->   Operation 235 'sext' 'sext_ln54_16' <Predicate = true> <Delay = 0.00>
ST_1 : Operation 236 [1/1] (0.82ns)   --->   "%add_ln54_79 = add i24 %sext_ln54_16, i24 16769784" [firmware/nnet_utils/nnet_batchnorm.h:54]   --->   Operation 236 'add' 'add_ln54_79' <Predicate = true> <Delay = 0.82> <CoreInst = "Adder">   --->   Core 1 'Adder' <Latency = 0> <II = 1> <Delay = 0.82> <FuncUnit> <Opcode : 'add' 'sub'> <InPorts = 2> <OutPorts = 1>
ST_1 : Operation 237 [1/1] (0.00ns)   --->   "%trunc_ln54_84 = partselect i16 @_ssdm_op_PartSelect.i16.i24.i32.i32, i24 %add_ln54_79, i32 8, i32 23" [firmware/nnet_utils/nnet_batchnorm.h:54]   --->   Operation 237 'partselect' 'trunc_ln54_84' <Predicate = true> <Delay = 0.00>
ST_1 : Operation 238 [1/1] (0.00ns)   --->   "%y_74 = bitconcatenate i23 @_ssdm_op_BitConcatenate.i23.i16.i7, i16 %data_57_val_read, i7 0" [firmware/nnet_utils/nnet_mult.h:85->firmware/nnet_utils/nnet_batchnorm.h:54]   --->   Operation 238 'bitconcatenate' 'y_74' <Predicate = true> <Delay = 0.00>
ST_1 : Operation 239 [1/1] (0.00ns)   --->   "%sext_ln54_17 = sext i23 %y_74" [firmware/nnet_utils/nnet_batchnorm.h:54]   --->   Operation 239 'sext' 'sext_ln54_17' <Predicate = true> <Delay = 0.00>
ST_1 : Operation 240 [1/1] (0.82ns)   --->   "%add_ln54_80 = add i24 %sext_ln54_17, i24 16773584" [firmware/nnet_utils/nnet_batchnorm.h:54]   --->   Operation 240 'add' 'add_ln54_80' <Predicate = true> <Delay = 0.82> <CoreInst = "Adder">   --->   Core 1 'Adder' <Latency = 0> <II = 1> <Delay = 0.82> <FuncUnit> <Opcode : 'add' 'sub'> <InPorts = 2> <OutPorts = 1>
ST_1 : Operation 241 [1/1] (0.00ns)   --->   "%trunc_ln54_85 = partselect i16 @_ssdm_op_PartSelect.i16.i24.i32.i32, i24 %add_ln54_80, i32 8, i32 23" [firmware/nnet_utils/nnet_batchnorm.h:54]   --->   Operation 241 'partselect' 'trunc_ln54_85' <Predicate = true> <Delay = 0.00>
ST_1 : Operation 242 [1/1] (0.00ns)   --->   "%y_75 = bitconcatenate i24 @_ssdm_op_BitConcatenate.i24.i16.i8, i16 %data_58_val_read, i8 0" [firmware/nnet_utils/nnet_mult.h:85->firmware/nnet_utils/nnet_batchnorm.h:54]   --->   Operation 242 'bitconcatenate' 'y_75' <Predicate = true> <Delay = 0.00>
ST_1 : Operation 243 [1/1] (0.83ns)   --->   "%add_ln54_81 = add i24 %y_75, i24 16770560" [firmware/nnet_utils/nnet_batchnorm.h:54]   --->   Operation 243 'add' 'add_ln54_81' <Predicate = true> <Delay = 0.83> <CoreInst = "Adder">   --->   Core 1 'Adder' <Latency = 0> <II = 1> <Delay = 0.83> <FuncUnit> <Opcode : 'add' 'sub'> <InPorts = 2> <OutPorts = 1>
ST_1 : Operation 244 [1/1] (0.00ns)   --->   "%trunc_ln54_86 = partselect i16 @_ssdm_op_PartSelect.i16.i24.i32.i32, i24 %add_ln54_81, i32 8, i32 23" [firmware/nnet_utils/nnet_batchnorm.h:54]   --->   Operation 244 'partselect' 'trunc_ln54_86' <Predicate = true> <Delay = 0.00>
ST_1 : Operation 245 [1/1] (0.00ns)   --->   "%y_76 = bitconcatenate i24 @_ssdm_op_BitConcatenate.i24.i16.i8, i16 %data_59_val_read, i8 0" [firmware/nnet_utils/nnet_mult.h:85->firmware/nnet_utils/nnet_batchnorm.h:54]   --->   Operation 245 'bitconcatenate' 'y_76' <Predicate = true> <Delay = 0.00>
ST_1 : Operation 246 [1/1] (0.83ns)   --->   "%add_ln54_82 = add i24 %y_76, i24 16767232" [firmware/nnet_utils/nnet_batchnorm.h:54]   --->   Operation 246 'add' 'add_ln54_82' <Predicate = true> <Delay = 0.83> <CoreInst = "Adder">   --->   Core 1 'Adder' <Latency = 0> <II = 1> <Delay = 0.83> <FuncUnit> <Opcode : 'add' 'sub'> <InPorts = 2> <OutPorts = 1>
ST_1 : Operation 247 [1/1] (0.00ns)   --->   "%trunc_ln54_87 = partselect i16 @_ssdm_op_PartSelect.i16.i24.i32.i32, i24 %add_ln54_82, i32 8, i32 23" [firmware/nnet_utils/nnet_batchnorm.h:54]   --->   Operation 247 'partselect' 'trunc_ln54_87' <Predicate = true> <Delay = 0.00>
ST_1 : Operation 248 [1/1] (0.00ns)   --->   "%y_77 = bitconcatenate i24 @_ssdm_op_BitConcatenate.i24.i16.i8, i16 %data_60_val_read, i8 0" [firmware/nnet_utils/nnet_mult.h:85->firmware/nnet_utils/nnet_batchnorm.h:54]   --->   Operation 248 'bitconcatenate' 'y_77' <Predicate = true> <Delay = 0.00>
ST_1 : Operation 249 [1/1] (0.83ns)   --->   "%add_ln54_83 = add i24 %y_77, i24 16771328" [firmware/nnet_utils/nnet_batchnorm.h:54]   --->   Operation 249 'add' 'add_ln54_83' <Predicate = true> <Delay = 0.83> <CoreInst = "Adder">   --->   Core 1 'Adder' <Latency = 0> <II = 1> <Delay = 0.83> <FuncUnit> <Opcode : 'add' 'sub'> <InPorts = 2> <OutPorts = 1>
ST_1 : Operation 250 [1/1] (0.00ns)   --->   "%trunc_ln54_88 = partselect i16 @_ssdm_op_PartSelect.i16.i24.i32.i32, i24 %add_ln54_83, i32 8, i32 23" [firmware/nnet_utils/nnet_batchnorm.h:54]   --->   Operation 250 'partselect' 'trunc_ln54_88' <Predicate = true> <Delay = 0.00>
ST_1 : Operation 251 [1/1] (0.00ns)   --->   "%y_78 = bitconcatenate i24 @_ssdm_op_BitConcatenate.i24.i16.i8, i16 %data_61_val_read, i8 0" [firmware/nnet_utils/nnet_mult.h:85->firmware/nnet_utils/nnet_batchnorm.h:54]   --->   Operation 251 'bitconcatenate' 'y_78' <Predicate = true> <Delay = 0.00>
ST_1 : Operation 252 [1/1] (0.83ns)   --->   "%add_ln54_84 = add i24 %y_78, i24 12544" [firmware/nnet_utils/nnet_batchnorm.h:54]   --->   Operation 252 'add' 'add_ln54_84' <Predicate = true> <Delay = 0.83> <CoreInst = "Adder">   --->   Core 1 'Adder' <Latency = 0> <II = 1> <Delay = 0.83> <FuncUnit> <Opcode : 'add' 'sub'> <InPorts = 2> <OutPorts = 1>
ST_1 : Operation 253 [1/1] (0.00ns)   --->   "%trunc_ln54_89 = partselect i16 @_ssdm_op_PartSelect.i16.i24.i32.i32, i24 %add_ln54_84, i32 8, i32 23" [firmware/nnet_utils/nnet_batchnorm.h:54]   --->   Operation 253 'partselect' 'trunc_ln54_89' <Predicate = true> <Delay = 0.00>
ST_1 : Operation 254 [1/1] (0.00ns)   --->   "%y_79 = bitconcatenate i23 @_ssdm_op_BitConcatenate.i23.i16.i7, i16 %data_62_val_read, i7 0" [firmware/nnet_utils/nnet_mult.h:85->firmware/nnet_utils/nnet_batchnorm.h:54]   --->   Operation 254 'bitconcatenate' 'y_79' <Predicate = true> <Delay = 0.00>
ST_1 : Operation 255 [1/1] (0.00ns)   --->   "%sext_ln54_18 = sext i23 %y_79" [firmware/nnet_utils/nnet_batchnorm.h:54]   --->   Operation 255 'sext' 'sext_ln54_18' <Predicate = true> <Delay = 0.00>
ST_1 : Operation 256 [1/1] (0.82ns)   --->   "%add_ln54_85 = add i24 %sext_ln54_18, i24 16756728" [firmware/nnet_utils/nnet_batchnorm.h:54]   --->   Operation 256 'add' 'add_ln54_85' <Predicate = true> <Delay = 0.82> <CoreInst = "Adder">   --->   Core 1 'Adder' <Latency = 0> <II = 1> <Delay = 0.82> <FuncUnit> <Opcode : 'add' 'sub'> <InPorts = 2> <OutPorts = 1>
ST_1 : Operation 257 [1/1] (0.00ns)   --->   "%trunc_ln54_90 = partselect i16 @_ssdm_op_PartSelect.i16.i24.i32.i32, i24 %add_ln54_85, i32 8, i32 23" [firmware/nnet_utils/nnet_batchnorm.h:54]   --->   Operation 257 'partselect' 'trunc_ln54_90' <Predicate = true> <Delay = 0.00>
ST_1 : Operation 258 [1/1] (0.00ns)   --->   "%y_80 = bitconcatenate i24 @_ssdm_op_BitConcatenate.i24.i16.i8, i16 %data_63_val_read, i8 0" [firmware/nnet_utils/nnet_mult.h:85->firmware/nnet_utils/nnet_batchnorm.h:54]   --->   Operation 258 'bitconcatenate' 'y_80' <Predicate = true> <Delay = 0.00>
ST_1 : Operation 259 [1/1] (0.83ns)   --->   "%add_ln54_86 = add i24 %y_80, i24 16770304" [firmware/nnet_utils/nnet_batchnorm.h:54]   --->   Operation 259 'add' 'add_ln54_86' <Predicate = true> <Delay = 0.83> <CoreInst = "Adder">   --->   Core 1 'Adder' <Latency = 0> <II = 1> <Delay = 0.83> <FuncUnit> <Opcode : 'add' 'sub'> <InPorts = 2> <OutPorts = 1>
ST_1 : Operation 260 [1/1] (0.00ns)   --->   "%trunc_ln54_91 = partselect i16 @_ssdm_op_PartSelect.i16.i24.i32.i32, i24 %add_ln54_86, i32 8, i32 23" [firmware/nnet_utils/nnet_batchnorm.h:54]   --->   Operation 260 'partselect' 'trunc_ln54_91' <Predicate = true> <Delay = 0.00>
ST_1 : Operation 261 [1/1] (0.00ns)   --->   "%mrv = insertvalue i1024 <undef>, i16 %trunc_ln" [firmware/nnet_utils/nnet_batchnorm.h:63]   --->   Operation 261 'insertvalue' 'mrv' <Predicate = true> <Delay = 0.00>
ST_1 : Operation 262 [1/1] (0.00ns)   --->   "%mrv_1 = insertvalue i1024 %mrv, i16 %trunc_ln54_s" [firmware/nnet_utils/nnet_batchnorm.h:63]   --->   Operation 262 'insertvalue' 'mrv_1' <Predicate = true> <Delay = 0.00>
ST_1 : Operation 263 [1/1] (0.00ns)   --->   "%mrv_2 = insertvalue i1024 %mrv_1, i16 %trunc_ln54_30" [firmware/nnet_utils/nnet_batchnorm.h:63]   --->   Operation 263 'insertvalue' 'mrv_2' <Predicate = true> <Delay = 0.00>
ST_1 : Operation 264 [1/1] (0.00ns)   --->   "%mrv_3 = insertvalue i1024 %mrv_2, i16 %trunc_ln54_31" [firmware/nnet_utils/nnet_batchnorm.h:63]   --->   Operation 264 'insertvalue' 'mrv_3' <Predicate = true> <Delay = 0.00>
ST_1 : Operation 265 [1/1] (0.00ns)   --->   "%mrv_4 = insertvalue i1024 %mrv_3, i16 %trunc_ln54_32" [firmware/nnet_utils/nnet_batchnorm.h:63]   --->   Operation 265 'insertvalue' 'mrv_4' <Predicate = true> <Delay = 0.00>
ST_1 : Operation 266 [1/1] (0.00ns)   --->   "%mrv_5 = insertvalue i1024 %mrv_4, i16 %trunc_ln54_33" [firmware/nnet_utils/nnet_batchnorm.h:63]   --->   Operation 266 'insertvalue' 'mrv_5' <Predicate = true> <Delay = 0.00>
ST_1 : Operation 267 [1/1] (0.00ns)   --->   "%mrv_6 = insertvalue i1024 %mrv_5, i16 %trunc_ln54_34" [firmware/nnet_utils/nnet_batchnorm.h:63]   --->   Operation 267 'insertvalue' 'mrv_6' <Predicate = true> <Delay = 0.00>
ST_1 : Operation 268 [1/1] (0.00ns)   --->   "%mrv_7 = insertvalue i1024 %mrv_6, i16 %trunc_ln54_35" [firmware/nnet_utils/nnet_batchnorm.h:63]   --->   Operation 268 'insertvalue' 'mrv_7' <Predicate = true> <Delay = 0.00>
ST_1 : Operation 269 [1/1] (0.00ns)   --->   "%mrv_8 = insertvalue i1024 %mrv_7, i16 %trunc_ln54_36" [firmware/nnet_utils/nnet_batchnorm.h:63]   --->   Operation 269 'insertvalue' 'mrv_8' <Predicate = true> <Delay = 0.00>
ST_1 : Operation 270 [1/1] (0.00ns)   --->   "%mrv_9 = insertvalue i1024 %mrv_8, i16 %trunc_ln54_37" [firmware/nnet_utils/nnet_batchnorm.h:63]   --->   Operation 270 'insertvalue' 'mrv_9' <Predicate = true> <Delay = 0.00>
ST_1 : Operation 271 [1/1] (0.00ns)   --->   "%mrv_10 = insertvalue i1024 %mrv_9, i16 %trunc_ln54_38" [firmware/nnet_utils/nnet_batchnorm.h:63]   --->   Operation 271 'insertvalue' 'mrv_10' <Predicate = true> <Delay = 0.00>
ST_1 : Operation 272 [1/1] (0.00ns)   --->   "%mrv_11 = insertvalue i1024 %mrv_10, i16 %trunc_ln54_39" [firmware/nnet_utils/nnet_batchnorm.h:63]   --->   Operation 272 'insertvalue' 'mrv_11' <Predicate = true> <Delay = 0.00>
ST_1 : Operation 273 [1/1] (0.00ns)   --->   "%mrv_12 = insertvalue i1024 %mrv_11, i16 %sext_ln54" [firmware/nnet_utils/nnet_batchnorm.h:63]   --->   Operation 273 'insertvalue' 'mrv_12' <Predicate = true> <Delay = 0.00>
ST_1 : Operation 274 [1/1] (0.00ns)   --->   "%mrv_13 = insertvalue i1024 %mrv_12, i16 %trunc_ln54_41" [firmware/nnet_utils/nnet_batchnorm.h:63]   --->   Operation 274 'insertvalue' 'mrv_13' <Predicate = true> <Delay = 0.00>
ST_1 : Operation 275 [1/1] (0.00ns)   --->   "%mrv_14 = insertvalue i1024 %mrv_13, i16 %trunc_ln54_42" [firmware/nnet_utils/nnet_batchnorm.h:63]   --->   Operation 275 'insertvalue' 'mrv_14' <Predicate = true> <Delay = 0.00>
ST_1 : Operation 276 [1/1] (0.00ns)   --->   "%mrv_15 = insertvalue i1024 %mrv_14, i16 %trunc_ln54_43" [firmware/nnet_utils/nnet_batchnorm.h:63]   --->   Operation 276 'insertvalue' 'mrv_15' <Predicate = true> <Delay = 0.00>
ST_1 : Operation 277 [1/1] (0.00ns)   --->   "%mrv_16 = insertvalue i1024 %mrv_15, i16 %trunc_ln54_44" [firmware/nnet_utils/nnet_batchnorm.h:63]   --->   Operation 277 'insertvalue' 'mrv_16' <Predicate = true> <Delay = 0.00>
ST_1 : Operation 278 [1/1] (0.00ns)   --->   "%mrv_17 = insertvalue i1024 %mrv_16, i16 %trunc_ln54_45" [firmware/nnet_utils/nnet_batchnorm.h:63]   --->   Operation 278 'insertvalue' 'mrv_17' <Predicate = true> <Delay = 0.00>
ST_1 : Operation 279 [1/1] (0.00ns)   --->   "%mrv_18 = insertvalue i1024 %mrv_17, i16 %trunc_ln54_46" [firmware/nnet_utils/nnet_batchnorm.h:63]   --->   Operation 279 'insertvalue' 'mrv_18' <Predicate = true> <Delay = 0.00>
ST_1 : Operation 280 [1/1] (0.00ns)   --->   "%mrv_19 = insertvalue i1024 %mrv_18, i16 %trunc_ln54_47" [firmware/nnet_utils/nnet_batchnorm.h:63]   --->   Operation 280 'insertvalue' 'mrv_19' <Predicate = true> <Delay = 0.00>
ST_1 : Operation 281 [1/1] (0.00ns)   --->   "%mrv_20 = insertvalue i1024 %mrv_19, i16 %trunc_ln54_48" [firmware/nnet_utils/nnet_batchnorm.h:63]   --->   Operation 281 'insertvalue' 'mrv_20' <Predicate = true> <Delay = 0.00>
ST_1 : Operation 282 [1/1] (0.00ns)   --->   "%mrv_21 = insertvalue i1024 %mrv_20, i16 %trunc_ln54_49" [firmware/nnet_utils/nnet_batchnorm.h:63]   --->   Operation 282 'insertvalue' 'mrv_21' <Predicate = true> <Delay = 0.00>
ST_1 : Operation 283 [1/1] (0.00ns)   --->   "%mrv_22 = insertvalue i1024 %mrv_21, i16 %trunc_ln54_50" [firmware/nnet_utils/nnet_batchnorm.h:63]   --->   Operation 283 'insertvalue' 'mrv_22' <Predicate = true> <Delay = 0.00>
ST_1 : Operation 284 [1/1] (0.00ns)   --->   "%mrv_23 = insertvalue i1024 %mrv_22, i16 %sext_ln54_3" [firmware/nnet_utils/nnet_batchnorm.h:63]   --->   Operation 284 'insertvalue' 'mrv_23' <Predicate = true> <Delay = 0.00>
ST_1 : Operation 285 [1/1] (0.00ns)   --->   "%mrv_24 = insertvalue i1024 %mrv_23, i16 %trunc_ln54_52" [firmware/nnet_utils/nnet_batchnorm.h:63]   --->   Operation 285 'insertvalue' 'mrv_24' <Predicate = true> <Delay = 0.00>
ST_1 : Operation 286 [1/1] (0.00ns)   --->   "%mrv_25 = insertvalue i1024 %mrv_24, i16 %trunc_ln54_53" [firmware/nnet_utils/nnet_batchnorm.h:63]   --->   Operation 286 'insertvalue' 'mrv_25' <Predicate = true> <Delay = 0.00>
ST_1 : Operation 287 [1/1] (0.00ns)   --->   "%mrv_26 = insertvalue i1024 %mrv_25, i16 %trunc_ln54_54" [firmware/nnet_utils/nnet_batchnorm.h:63]   --->   Operation 287 'insertvalue' 'mrv_26' <Predicate = true> <Delay = 0.00>
ST_1 : Operation 288 [1/1] (0.00ns)   --->   "%mrv_27 = insertvalue i1024 %mrv_26, i16 %trunc_ln54_55" [firmware/nnet_utils/nnet_batchnorm.h:63]   --->   Operation 288 'insertvalue' 'mrv_27' <Predicate = true> <Delay = 0.00>
ST_1 : Operation 289 [1/1] (0.00ns)   --->   "%mrv_28 = insertvalue i1024 %mrv_27, i16 %trunc_ln54_56" [firmware/nnet_utils/nnet_batchnorm.h:63]   --->   Operation 289 'insertvalue' 'mrv_28' <Predicate = true> <Delay = 0.00>
ST_1 : Operation 290 [1/1] (0.00ns)   --->   "%mrv_29 = insertvalue i1024 %mrv_28, i16 %trunc_ln54_57" [firmware/nnet_utils/nnet_batchnorm.h:63]   --->   Operation 290 'insertvalue' 'mrv_29' <Predicate = true> <Delay = 0.00>
ST_1 : Operation 291 [1/1] (0.00ns)   --->   "%mrv_30 = insertvalue i1024 %mrv_29, i16 %trunc_ln54_58" [firmware/nnet_utils/nnet_batchnorm.h:63]   --->   Operation 291 'insertvalue' 'mrv_30' <Predicate = true> <Delay = 0.00>
ST_1 : Operation 292 [1/1] (0.00ns)   --->   "%mrv_31 = insertvalue i1024 %mrv_30, i16 %trunc_ln54_59" [firmware/nnet_utils/nnet_batchnorm.h:63]   --->   Operation 292 'insertvalue' 'mrv_31' <Predicate = true> <Delay = 0.00>
ST_1 : Operation 293 [1/1] (0.00ns)   --->   "%mrv_32 = insertvalue i1024 %mrv_31, i16 %trunc_ln54_60" [firmware/nnet_utils/nnet_batchnorm.h:63]   --->   Operation 293 'insertvalue' 'mrv_32' <Predicate = true> <Delay = 0.00>
ST_1 : Operation 294 [1/1] (0.00ns)   --->   "%mrv_33 = insertvalue i1024 %mrv_32, i16 %trunc_ln54_61" [firmware/nnet_utils/nnet_batchnorm.h:63]   --->   Operation 294 'insertvalue' 'mrv_33' <Predicate = true> <Delay = 0.00>
ST_1 : Operation 295 [1/1] (0.00ns)   --->   "%mrv_34 = insertvalue i1024 %mrv_33, i16 %trunc_ln54_62" [firmware/nnet_utils/nnet_batchnorm.h:63]   --->   Operation 295 'insertvalue' 'mrv_34' <Predicate = true> <Delay = 0.00>
ST_1 : Operation 296 [1/1] (0.00ns)   --->   "%mrv_35 = insertvalue i1024 %mrv_34, i16 %trunc_ln54_63" [firmware/nnet_utils/nnet_batchnorm.h:63]   --->   Operation 296 'insertvalue' 'mrv_35' <Predicate = true> <Delay = 0.00>
ST_1 : Operation 297 [1/1] (0.00ns)   --->   "%mrv_36 = insertvalue i1024 %mrv_35, i16 %trunc_ln54_64" [firmware/nnet_utils/nnet_batchnorm.h:63]   --->   Operation 297 'insertvalue' 'mrv_36' <Predicate = true> <Delay = 0.00>
ST_1 : Operation 298 [1/1] (0.00ns)   --->   "%mrv_37 = insertvalue i1024 %mrv_36, i16 %sext_ln54_4" [firmware/nnet_utils/nnet_batchnorm.h:63]   --->   Operation 298 'insertvalue' 'mrv_37' <Predicate = true> <Delay = 0.00>
ST_1 : Operation 299 [1/1] (0.00ns)   --->   "%mrv_38 = insertvalue i1024 %mrv_37, i16 %trunc_ln54_66" [firmware/nnet_utils/nnet_batchnorm.h:63]   --->   Operation 299 'insertvalue' 'mrv_38' <Predicate = true> <Delay = 0.00>
ST_1 : Operation 300 [1/1] (0.00ns)   --->   "%mrv_39 = insertvalue i1024 %mrv_38, i16 %trunc_ln54_67" [firmware/nnet_utils/nnet_batchnorm.h:63]   --->   Operation 300 'insertvalue' 'mrv_39' <Predicate = true> <Delay = 0.00>
ST_1 : Operation 301 [1/1] (0.00ns)   --->   "%mrv_40 = insertvalue i1024 %mrv_39, i16 %trunc_ln54_68" [firmware/nnet_utils/nnet_batchnorm.h:63]   --->   Operation 301 'insertvalue' 'mrv_40' <Predicate = true> <Delay = 0.00>
ST_1 : Operation 302 [1/1] (0.00ns)   --->   "%mrv_41 = insertvalue i1024 %mrv_40, i16 %trunc_ln54_69" [firmware/nnet_utils/nnet_batchnorm.h:63]   --->   Operation 302 'insertvalue' 'mrv_41' <Predicate = true> <Delay = 0.00>
ST_1 : Operation 303 [1/1] (0.00ns)   --->   "%mrv_42 = insertvalue i1024 %mrv_41, i16 %sext_ln54_5" [firmware/nnet_utils/nnet_batchnorm.h:63]   --->   Operation 303 'insertvalue' 'mrv_42' <Predicate = true> <Delay = 0.00>
ST_1 : Operation 304 [1/1] (0.00ns)   --->   "%mrv_43 = insertvalue i1024 %mrv_42, i16 %trunc_ln54_71" [firmware/nnet_utils/nnet_batchnorm.h:63]   --->   Operation 304 'insertvalue' 'mrv_43' <Predicate = true> <Delay = 0.00>
ST_1 : Operation 305 [1/1] (0.00ns)   --->   "%mrv_44 = insertvalue i1024 %mrv_43, i16 %sext_ln54_6" [firmware/nnet_utils/nnet_batchnorm.h:63]   --->   Operation 305 'insertvalue' 'mrv_44' <Predicate = true> <Delay = 0.00>
ST_1 : Operation 306 [1/1] (0.00ns)   --->   "%mrv_45 = insertvalue i1024 %mrv_44, i16 %sext_ln54_7" [firmware/nnet_utils/nnet_batchnorm.h:63]   --->   Operation 306 'insertvalue' 'mrv_45' <Predicate = true> <Delay = 0.00>
ST_1 : Operation 307 [1/1] (0.00ns)   --->   "%mrv_46 = insertvalue i1024 %mrv_45, i16 %sext_ln54_8" [firmware/nnet_utils/nnet_batchnorm.h:63]   --->   Operation 307 'insertvalue' 'mrv_46' <Predicate = true> <Delay = 0.00>
ST_1 : Operation 308 [1/1] (0.00ns)   --->   "%mrv_47 = insertvalue i1024 %mrv_46, i16 %trunc_ln54_75" [firmware/nnet_utils/nnet_batchnorm.h:63]   --->   Operation 308 'insertvalue' 'mrv_47' <Predicate = true> <Delay = 0.00>
ST_1 : Operation 309 [1/1] (0.00ns)   --->   "%mrv_48 = insertvalue i1024 %mrv_47, i16 %trunc_ln54_76" [firmware/nnet_utils/nnet_batchnorm.h:63]   --->   Operation 309 'insertvalue' 'mrv_48' <Predicate = true> <Delay = 0.00>
ST_1 : Operation 310 [1/1] (0.00ns)   --->   "%mrv_49 = insertvalue i1024 %mrv_48, i16 %trunc_ln54_77" [firmware/nnet_utils/nnet_batchnorm.h:63]   --->   Operation 310 'insertvalue' 'mrv_49' <Predicate = true> <Delay = 0.00>
ST_1 : Operation 311 [1/1] (0.00ns)   --->   "%mrv_50 = insertvalue i1024 %mrv_49, i16 %trunc_ln54_78" [firmware/nnet_utils/nnet_batchnorm.h:63]   --->   Operation 311 'insertvalue' 'mrv_50' <Predicate = true> <Delay = 0.00>
ST_1 : Operation 312 [1/1] (0.00ns)   --->   "%mrv_51 = insertvalue i1024 %mrv_50, i16 %trunc_ln54_79" [firmware/nnet_utils/nnet_batchnorm.h:63]   --->   Operation 312 'insertvalue' 'mrv_51' <Predicate = true> <Delay = 0.00>
ST_1 : Operation 313 [1/1] (0.00ns)   --->   "%mrv_52 = insertvalue i1024 %mrv_51, i16 %trunc_ln54_80" [firmware/nnet_utils/nnet_batchnorm.h:63]   --->   Operation 313 'insertvalue' 'mrv_52' <Predicate = true> <Delay = 0.00>
ST_1 : Operation 314 [1/1] (0.00ns)   --->   "%mrv_53 = insertvalue i1024 %mrv_52, i16 %sext_ln54_9" [firmware/nnet_utils/nnet_batchnorm.h:63]   --->   Operation 314 'insertvalue' 'mrv_53' <Predicate = true> <Delay = 0.00>
ST_1 : Operation 315 [1/1] (0.00ns)   --->   "%mrv_54 = insertvalue i1024 %mrv_53, i16 %trunc_ln54_82" [firmware/nnet_utils/nnet_batchnorm.h:63]   --->   Operation 315 'insertvalue' 'mrv_54' <Predicate = true> <Delay = 0.00>
ST_1 : Operation 316 [1/1] (0.00ns)   --->   "%mrv_55 = insertvalue i1024 %mrv_54, i16 %trunc_ln54_83" [firmware/nnet_utils/nnet_batchnorm.h:63]   --->   Operation 316 'insertvalue' 'mrv_55' <Predicate = true> <Delay = 0.00>
ST_1 : Operation 317 [1/1] (0.00ns)   --->   "%mrv_56 = insertvalue i1024 %mrv_55, i16 %trunc_ln54_84" [firmware/nnet_utils/nnet_batchnorm.h:63]   --->   Operation 317 'insertvalue' 'mrv_56' <Predicate = true> <Delay = 0.00>
ST_1 : Operation 318 [1/1] (0.00ns)   --->   "%mrv_57 = insertvalue i1024 %mrv_56, i16 %trunc_ln54_85" [firmware/nnet_utils/nnet_batchnorm.h:63]   --->   Operation 318 'insertvalue' 'mrv_57' <Predicate = true> <Delay = 0.00>
ST_1 : Operation 319 [1/1] (0.00ns)   --->   "%mrv_58 = insertvalue i1024 %mrv_57, i16 %trunc_ln54_86" [firmware/nnet_utils/nnet_batchnorm.h:63]   --->   Operation 319 'insertvalue' 'mrv_58' <Predicate = true> <Delay = 0.00>
ST_1 : Operation 320 [1/1] (0.00ns)   --->   "%mrv_59 = insertvalue i1024 %mrv_58, i16 %trunc_ln54_87" [firmware/nnet_utils/nnet_batchnorm.h:63]   --->   Operation 320 'insertvalue' 'mrv_59' <Predicate = true> <Delay = 0.00>
ST_1 : Operation 321 [1/1] (0.00ns)   --->   "%mrv_60 = insertvalue i1024 %mrv_59, i16 %trunc_ln54_88" [firmware/nnet_utils/nnet_batchnorm.h:63]   --->   Operation 321 'insertvalue' 'mrv_60' <Predicate = true> <Delay = 0.00>
ST_1 : Operation 322 [1/1] (0.00ns)   --->   "%mrv_61 = insertvalue i1024 %mrv_60, i16 %trunc_ln54_89" [firmware/nnet_utils/nnet_batchnorm.h:63]   --->   Operation 322 'insertvalue' 'mrv_61' <Predicate = true> <Delay = 0.00>
ST_1 : Operation 323 [1/1] (0.00ns)   --->   "%mrv_62 = insertvalue i1024 %mrv_61, i16 %trunc_ln54_90" [firmware/nnet_utils/nnet_batchnorm.h:63]   --->   Operation 323 'insertvalue' 'mrv_62' <Predicate = true> <Delay = 0.00>
ST_1 : Operation 324 [1/1] (0.00ns)   --->   "%mrv_s = insertvalue i1024 %mrv_62, i16 %trunc_ln54_91" [firmware/nnet_utils/nnet_batchnorm.h:63]   --->   Operation 324 'insertvalue' 'mrv_s' <Predicate = true> <Delay = 0.00>
ST_1 : Operation 325 [1/1] (0.00ns)   --->   "%ret_ln63 = ret i1024 %mrv_s" [firmware/nnet_utils/nnet_batchnorm.h:63]   --->   Operation 325 'ret' 'ret_ln63' <Predicate = true> <Delay = 0.00>


============================================================
+ Verbose Summary: Timing violations
============================================================
Target clock period: 5.000ns, clock uncertainty: 0.625ns.

 <State 1>: 0.833ns
The critical path consists of the following:
	wire read operation ('data_0_val_read', firmware/nnet_utils/nnet_mult.h:80->firmware/nnet_utils/nnet_batchnorm.h:54) on port 'data_0_val' (firmware/nnet_utils/nnet_mult.h:80->firmware/nnet_utils/nnet_batchnorm.h:54) [130]  (0.000 ns)
	'add' operation ('add_ln54', firmware/nnet_utils/nnet_batchnorm.h:54) [132]  (0.833 ns)


============================================================
+ Verbose Summary: Binding
============================================================
N/A
* FSMD analyzer results:
  - Output states:
 - Input state : 
  - Chain level:
	State 1


============================================================
+ Verbose Summary: Datapath Resource usage 
============================================================
N/A
